ft5336.c:161:6:ft5336_Reset	0	static
ft5336.c:407:9:ft5336_TS_ITStatus	0	static
ft5336.c:420:6:ft5336_TS_ClearIT	0	static
ft5336.c:568:16:ft5336_Get_I2C_InitializedStatus	0	static
ft5336.c:578:13:ft5336_I2C_InitializeIfRequired	8	static
ft5336.c:145:6:ft5336_Init	8	static
ft5336.c:173:10:ft5336_ReadID	24	static
ft5336.c:222:9:ft5336_TS_DetectTouch	16	static
ft5336.c:254:6:ft5336_TS_GetXY	40	static
ft5336.c:375:6:ft5336_TS_EnableIT	8	static
ft5336.c:390:6:ft5336_TS_DisableIT	8	static
ft5336.c:205:6:ft5336_TS_Start	8	static
ft5336.c:435:6:ft5336_TS_GetGestureID	16	static
ft5336.c:459:6:ft5336_TS_GetTouchInfo	32	static
