Archive member included to satisfy reference by file (symbol)

/Applications/STM32CubeIDE.app/Contents/Eclipse/plugins/com.st.stm32cube.ide.mcu.externaltools.gnu-tools-for-stm32.7-2018-q2-update.macos64_1.0.0.201904181610/tools/bin/../lib/gcc/arm-none-eabi/7.3.1/../../../../arm-none-eabi/lib/thumb/v7e-m/fpv4-sp/hard/libc_nano.a(lib_a-errno.o)
                              Src/syscalls.o (__errno)
/Applications/STM32CubeIDE.app/Contents/Eclipse/plugins/com.st.stm32cube.ide.mcu.externaltools.gnu-tools-for-stm32.7-2018-q2-update.macos64_1.0.0.201904181610/tools/bin/../lib/gcc/arm-none-eabi/7.3.1/../../../../arm-none-eabi/lib/thumb/v7e-m/fpv4-sp/hard/libc_nano.a(lib_a-exit.o)
                              /Applications/STM32CubeIDE.app/Contents/Eclipse/plugins/com.st.stm32cube.ide.mcu.externaltools.gnu-tools-for-stm32.7-2018-q2-update.macos64_1.0.0.201904181610/tools/bin/../lib/gcc/arm-none-eabi/7.3.1/../../../../arm-none-eabi/lib/thumb/v7e-m/fpv4-sp/hard/crt0.o (exit)
/Applications/STM32CubeIDE.app/Contents/Eclipse/plugins/com.st.stm32cube.ide.mcu.externaltools.gnu-tools-for-stm32.7-2018-q2-update.macos64_1.0.0.201904181610/tools/bin/../lib/gcc/arm-none-eabi/7.3.1/../../../../arm-none-eabi/lib/thumb/v7e-m/fpv4-sp/hard/libc_nano.a(lib_a-impure.o)
                              /Applications/STM32CubeIDE.app/Contents/Eclipse/plugins/com.st.stm32cube.ide.mcu.externaltools.gnu-tools-for-stm32.7-2018-q2-update.macos64_1.0.0.201904181610/tools/bin/../lib/gcc/arm-none-eabi/7.3.1/../../../../arm-none-eabi/lib/thumb/v7e-m/fpv4-sp/hard/libc_nano.a(lib_a-exit.o) (_global_impure_ptr)
/Applications/STM32CubeIDE.app/Contents/Eclipse/plugins/com.st.stm32cube.ide.mcu.externaltools.gnu-tools-for-stm32.7-2018-q2-update.macos64_1.0.0.201904181610/tools/bin/../lib/gcc/arm-none-eabi/7.3.1/../../../../arm-none-eabi/lib/thumb/v7e-m/fpv4-sp/hard/libc_nano.a(lib_a-init.o)
                              /Applications/STM32CubeIDE.app/Contents/Eclipse/plugins/com.st.stm32cube.ide.mcu.externaltools.gnu-tools-for-stm32.7-2018-q2-update.macos64_1.0.0.201904181610/tools/bin/../lib/gcc/arm-none-eabi/7.3.1/../../../../arm-none-eabi/lib/thumb/v7e-m/fpv4-sp/hard/crt0.o (__libc_init_array)
/Applications/STM32CubeIDE.app/Contents/Eclipse/plugins/com.st.stm32cube.ide.mcu.externaltools.gnu-tools-for-stm32.7-2018-q2-update.macos64_1.0.0.201904181610/tools/bin/../lib/gcc/arm-none-eabi/7.3.1/../../../../arm-none-eabi/lib/thumb/v7e-m/fpv4-sp/hard/libc_nano.a(lib_a-memcpy-stub.o)
                              Drivers/MY_NRF24.o (memcpy)
/Applications/STM32CubeIDE.app/Contents/Eclipse/plugins/com.st.stm32cube.ide.mcu.externaltools.gnu-tools-for-stm32.7-2018-q2-update.macos64_1.0.0.201904181610/tools/bin/../lib/gcc/arm-none-eabi/7.3.1/../../../../arm-none-eabi/lib/thumb/v7e-m/fpv4-sp/hard/libc_nano.a(lib_a-memset.o)
                              /Applications/STM32CubeIDE.app/Contents/Eclipse/plugins/com.st.stm32cube.ide.mcu.externaltools.gnu-tools-for-stm32.7-2018-q2-update.macos64_1.0.0.201904181610/tools/bin/../lib/gcc/arm-none-eabi/7.3.1/../../../../arm-none-eabi/lib/thumb/v7e-m/fpv4-sp/hard/crt0.o (memset)
/Applications/STM32CubeIDE.app/Contents/Eclipse/plugins/com.st.stm32cube.ide.mcu.externaltools.gnu-tools-for-stm32.7-2018-q2-update.macos64_1.0.0.201904181610/tools/bin/../lib/gcc/arm-none-eabi/7.3.1/../../../../arm-none-eabi/lib/thumb/v7e-m/fpv4-sp/hard/libc_nano.a(lib_a-nano-vfprintf_float.o)
                              (_printf_float)
/Applications/STM32CubeIDE.app/Contents/Eclipse/plugins/com.st.stm32cube.ide.mcu.externaltools.gnu-tools-for-stm32.7-2018-q2-update.macos64_1.0.0.201904181610/tools/bin/../lib/gcc/arm-none-eabi/7.3.1/../../../../arm-none-eabi/lib/thumb/v7e-m/fpv4-sp/hard/libc_nano.a(lib_a-nano-vfprintf_i.o)
                              /Applications/STM32CubeIDE.app/Contents/Eclipse/plugins/com.st.stm32cube.ide.mcu.externaltools.gnu-tools-for-stm32.7-2018-q2-update.macos64_1.0.0.201904181610/tools/bin/../lib/gcc/arm-none-eabi/7.3.1/../../../../arm-none-eabi/lib/thumb/v7e-m/fpv4-sp/hard/libc_nano.a(lib_a-nano-vfprintf_float.o) (_printf_common)
/Applications/STM32CubeIDE.app/Contents/Eclipse/plugins/com.st.stm32cube.ide.mcu.externaltools.gnu-tools-for-stm32.7-2018-q2-update.macos64_1.0.0.201904181610/tools/bin/../lib/gcc/arm-none-eabi/7.3.1/../../../../arm-none-eabi/lib/thumb/v7e-m/fpv4-sp/hard/libc_nano.a(lib_a-nano-vfscanf_float.o)
                              (_scanf_float)
/Applications/STM32CubeIDE.app/Contents/Eclipse/plugins/com.st.stm32cube.ide.mcu.externaltools.gnu-tools-for-stm32.7-2018-q2-update.macos64_1.0.0.201904181610/tools/bin/../lib/gcc/arm-none-eabi/7.3.1/../../../../arm-none-eabi/lib/thumb/v7e-m/fpv4-sp/hard/libc_nano.a(lib_a-sf_nan.o)
[...]
Memory Configuration

Name             Origin             Length             Attributes
FLASH            0x0000000008000000 0x0000000000100000 xr
RAM              0x0000000020000000 0x0000000000050000 xrw
*default*        0x0000000000000000 0xffffffffffffffff

Linker script and memory map

LOAD /Applications/STM32CubeIDE.app/Contents/Eclipse/plugins/com.st.stm32cube.ide.mcu.externaltools.gnu-tools-for-stm32.7-2018-q2-update.macos64_1.0.0.201904181610/tools/bin/../lib/gcc/arm-none-eabi/7.3.1/thumb/v7e-m/fpv4-sp/hard/crti.o
LOAD /Applications/STM32CubeIDE.app/Contents/Eclipse/plugins/com.st.stm32cube.ide.mcu.externaltools.gnu-tools-for-stm32.7-2018-q2-update.macos64_1.0.0.201904181610/tools/bin/../lib/gcc/arm-none-eabi/7.3.1/thumb/v7e-m/fpv4-sp/hard/crtbegin.o
LOAD /Applications/STM32CubeIDE.app/Contents/Eclipse/plugins/com.st.stm32cube.ide.mcu.externaltools.gnu-tools-for-stm32.7-2018-q2-update.macos64_1.0.0.201904181610/tools/bin/../lib/gcc/arm-none-eabi/7.3.1/../../../../arm-none-eabi/lib/thumb/v7e-m/fpv4-sp/hard/crt0.o
LOAD Drivers/MY_NRF24.o
LOAD Drivers/UI.o
LOAD Drivers/dwt_delay.o
LOAD Drivers/STM32F7xx_HAL_Driver/Src/stm32f7xx_hal.o
LOAD Drivers/STM32F7xx_HAL_Driver/Src/stm32f7xx_hal_adc.o
LOAD Drivers/STM32F7xx_HAL_Driver/Src/stm32f7xx_hal_adc_ex.o
LOAD Drivers/STM32F7xx_HAL_Driver/Src/stm32f7xx_hal_cortex.o
LOAD Drivers/STM32F7xx_HAL_Driver/Src/stm32f7xx_hal_crc.o
LOAD Drivers/STM32F7xx_HAL_Driver/Src/stm32f7xx_hal_crc_ex.o
LOAD Drivers/STM32F7xx_HAL_Driver/Src/stm32f7xx_hal_dma.o
LOAD Drivers/STM32F7xx_HAL_Driver/Src/stm32f7xx_hal_dma2d.o
LOAD Drivers/STM32F7xx_HAL_Driver/Src/stm32f7xx_hal_dma_ex.o
LOAD Drivers/STM32F7xx_HAL_Driver/Src/stm32f7xx_hal_dsi.o
LOAD Drivers/STM32F7xx_HAL_Driver/Src/stm32f7xx_hal_exti.o
LOAD Drivers/STM32F7xx_HAL_Driver/Src/stm32f7xx_hal_flash.o
LOAD Drivers/STM32F7xx_HAL_Driver/Src/stm32f7xx_hal_flash_ex.o
LOAD Drivers/STM32F7xx_HAL_Driver/Src/stm32f7xx_hal_gpio.o
LOAD Drivers/STM32F7xx_HAL_Driver/Src/stm32f7xx_hal_i2c.o
LOAD Drivers/STM32F7xx_HAL_Driver/Src/stm32f7xx_hal_i2c_ex.o
LOAD Drivers/STM32F7xx_HAL_Driver/Src/stm32f7xx_hal_ltdc.o
LOAD Drivers/STM32F7xx_HAL_Driver/Src/stm32f7xx_hal_ltdc_ex.o
LOAD Drivers/STM32F7xx_HAL_Driver/Src/stm32f7xx_hal_pwr.o
LOAD Drivers/STM32F7xx_HAL_Driver/Src/stm32f7xx_hal_pwr_ex.o
LOAD Drivers/STM32F7xx_HAL_Driver/Src/stm32f7xx_hal_rcc.o
LOAD Drivers/STM32F7xx_HAL_Driver/Src/stm32f7xx_hal_rcc_ex.o
LOAD Drivers/STM32F7xx_HAL_Driver/Src/stm32f7xx_hal_sdram.o
LOAD Drivers/STM32F7xx_HAL_Driver/Src/stm32f7xx_hal_spi.o
LOAD Drivers/STM32F7xx_HAL_Driver/Src/stm32f7xx_hal_spi_ex.o
LOAD Drivers/STM32F7xx_HAL_Driver/Src/stm32f7xx_hal_tim.o
LOAD Drivers/STM32F7xx_HAL_Driver/Src/stm32f7xx_hal_tim_ex.o
LOAD Drivers/STM32F7xx_HAL_Driver/Src/stm32f7xx_hal_uart.o
LOAD Drivers/STM32F7xx_HAL_Driver/Src/stm32f7xx_hal_uart_ex.o
LOAD Drivers/STM32F7xx_HAL_Driver/Src/stm32f7xx_ll_fmc.o
LOAD GUI/FontAvenir12.o
LOAD GUI/FontAvenir16.o
LOAD GUI/FontAvenir20.o
LOAD GUI/font12.o
LOAD GUI/font16.o
LOAD GUI/font20.o
LOAD GUI/font24.o
LOAD GUI/font8.o
LOAD GUI/ft5336.o
LOAD GUI/stm32746g_discovery.o
LOAD GUI/stm32746g_discovery_lcd.o
LOAD GUI/stm32746g_discovery_sdram.o
LOAD GUI/stm32746g_discovery_ts.o
LOAD Src/main.o
LOAD Src/stm32f7xx_hal_msp.o
LOAD Src/stm32f7xx_it.o
LOAD Src/syscalls.o
LOAD Src/sysmem.o
LOAD Src/system_stm32f7xx.o
LOAD Startup/startup_stm32f746nghx.o
START GROUP
LOAD /Applications/STM32CubeIDE.app/Contents/Eclipse/plugins/com.st.stm32cube.ide.mcu.externaltools.gnu-tools-for-stm32.7-2018-q2-update.macos64_1.0.0.201904181610/tools/bin/../lib/gcc/arm-none-eabi/7.3.1/../../../../arm-none-eabi/lib/thumb/v7e-m/fpv4-sp/hard/libc_nano.a
LOAD /Applications/STM32CubeIDE.app/Contents/Eclipse/plugins/com.st.stm32cube.ide.mcu.externaltools.gnu-tools-for-stm32.7-2018-q2-update.macos64_1.0.0.201904181610/tools/bin/../lib/gcc/arm-none-eabi/7.3.1/../../../../arm-none-eabi/lib/thumb/v7e-m/fpv4-sp/hard/libm.a
END GROUP
START GROUP
LOAD /Applications/STM32CubeIDE.app/Contents/Eclipse/plugins/com.st.stm32cube.ide.mcu.externaltools.gnu-tools-for-stm32.7-2018-q2-update.macos64_1.0.0.201904181610/tools/bin/../lib/gcc/arm-none-eabi/7.3.1/thumb/v7e-m/fpv4-sp/hard/libgcc.a
LOAD /Applications/STM32CubeIDE.app/Contents/Eclipse/plugins/com.st.stm32cube.ide.mcu.externaltools.gnu-tools-for-stm32.7-2018-q2-update.macos64_1.0.0.201904181610/tools/bin/../lib/gcc/arm-none-eabi/7.3.1/../../../../arm-none-eabi/lib/thumb/v7e-m/fpv4-sp/hard/libc_nano.a
END GROUP
START GROUP
LOAD /Applications/STM32CubeIDE.app/Contents/Eclipse/plugins/com.st.stm32cube.ide.mcu.externaltools.gnu-tools-for-stm32.7-2018-q2-update.macos64_1.0.0.201904181610/tools/bin/../lib/gcc/arm-none-eabi/7.3.1/thumb/v7e-m/fpv4-sp/hard/libgcc.a
LOAD /Applications/STM32CubeIDE.app/Contents/Eclipse/plugins/com.st.stm32cube.ide.mcu.externaltools.gnu-tools-for-stm32.7-2018-q2-update.macos64_1.0.0.201904181610/tools/bin/../lib/gcc/arm-none-eabi/7.3.1/../../../../arm-none-eabi/lib/thumb/v7e-m/fpv4-sp/hard/libc_nano.a
LOAD /Applications/STM32CubeIDE.app/Contents/Eclipse/plugins/com.st.stm32cube.ide.mcu.externaltools.gnu-tools-for-stm32.7-2018-q2-update.macos64_1.0.0.201904181610/tools/bin/../lib/gcc/arm-none-eabi/7.3.1/../../../../arm-none-eabi/lib/thumb/v7e-m/fpv4-sp/hard/libnosys.a
END GROUP
START GROUP
LOAD /Applications/STM32CubeIDE.app/Contents/Eclipse/plugins/com.st.stm32cube.ide.mcu.externaltools.gnu-tools-for-stm32.7-2018-q2-update.macos64_1.0.0.201904181610/tools/bin/../lib/gcc/arm-none-eabi/7.3.1/thumb/v7e-m/fpv4-sp/hard/libgcc.a
LOAD /Applications/STM32CubeIDE.app/Contents/Eclipse/plugins/com.st.stm32cube.ide.mcu.externaltools.gnu-tools-for-stm32.7-2018-q2-update.macos64_1.0.0.201904181610/tools/bin/../lib/gcc/arm-none-eabi/7.3.1/../../../../arm-none-eabi/lib/thumb/v7e-m/fpv4-sp/hard/libc_nano.a
LOAD /Applications/STM32CubeIDE.app/Contents/Eclipse/plugins/com.st.stm32cube.ide.mcu.externaltools.gnu-tools-for-stm32.7-2018-q2-update.macos64_1.0.0.201904181610/tools/bin/../lib/gcc/arm-none-eabi/7.3.1/../../../../arm-none-eabi/lib/thumb/v7e-m/fpv4-sp/hard/libnosys.a
END GROUP
LOAD /Applications/STM32CubeIDE.app/Contents/Eclipse/plugins/com.st.stm32cube.ide.mcu.externaltools.gnu-tools-for-stm32.7-2018-q2-update.macos64_1.0.0.201904181610/tools/bin/../lib/gcc/arm-none-eabi/7.3.1/thumb/v7e-m/fpv4-sp/hard/crtend.o
LOAD /Applications/STM32CubeIDE.app/Contents/Eclipse/plugins/com.st.stm32cube.ide.mcu.externaltools.gnu-tools-for-stm32.7-2018-q2-update.macos64_1.0.0.201904181610/tools/bin/../lib/gcc/arm-none-eabi/7.3.1/thumb/v7e-m/fpv4-sp/hard/crtn.o
                0x0000000020050000                _estack = 0x20050000
                0x0000000000000200                _Min_Heap_Size = 0x200
                0x0000000000000400                _Min_Stack_Size = 0x400

.isr_vector     0x0000000008000000      0x1c8
                0x0000000008000000                . = ALIGN (0x4)
 *(.isr_vector)
 .isr_vector    0x0000000008000000      0x1c8 Startup/startup_stm32f746nghx.o
                0x0000000008000000                g_pfnVectors
                0x00000000080001c8                . = ALIGN (0x4)

.text           0x00000000080001d0     0x9e7c
                0x00000000080001d0                . = ALIGN (0x4)
 *(.text)
 .text          0x00000000080001d0       0x40 /Applications/STM32CubeIDE.app/Contents/Eclipse/plugins/com.st.stm32cube.ide.mcu.externaltools.gnu-tools-for-stm32.7-2018-q2-update.macos64_1.0.0.201904181610/tools/bin/../lib/gcc/arm-none-eabi/7.3.1/thumb/v7e-m/fpv4-sp/hard/crtbegin.o
 .text          0x0000000008000210       0x10 /Applications/STM32CubeIDE.app/Contents/Eclipse/plugins/com.st.stm32cube.ide.mcu.externaltools.gnu-tools-for-stm32.7-2018-q2-update.macos64_1.0.0.201904181610/tools/bin/../lib/gcc/arm-none-eabi/7.3.1/../../../../arm-none-eabi/lib/thumb/v7e-m/fpv4-sp/hard/libc_nano.a(lib_a-strlen.o)
                0x0000000008000210                strlen
 .text          0x0000000008000220       0xa0 /Applications/STM32CubeIDE.app/Contents/Eclipse/plugins/com.st.stm32cube.ide.mcu.externaltools.gnu-tools-for-stm32.7-2018-q2-update.macos64_1.0.0.201904181610/tools/bin/../lib/gcc/arm-none-eabi/7.3.1/../../../../arm-none-eabi/lib/thumb/v7e-m/fpv4-sp/hard/libc_nano.a(lib_a-memchr.o)
                0x0000000008000220                memchr
 .text          0x00000000080002c0      0x378 /Applications/STM32CubeIDE.app/Contents/Eclipse/plugins/com.st.stm32cube.ide.mcu.externaltools.gnu-tools-for-stm32.7-2018-q2-update.macos64_1.0.0.201904181610/tools/bin/../lib/gcc/arm-none-eabi/7.3.1/thumb/v7e-m/fpv4-sp/hard/libgcc.a(_arm_addsubdf3.o)
                0x00000000080002c0                __aeabi_drsub
                0x00000000080002c8                __subdf3
                0x00000000080002c8                __aeabi_dsub
                0x00000000080002cc                __aeabi_dadd
                0x00000000080002cc                __adddf3
                0x0000000008000544                __aeabi_ui2d
                0x0000000008000544                __floatunsidf
                0x0000000008000564                __floatsidf
                0x0000000008000564                __aeabi_i2d
                0x0000000008000588                __extendsfdf2
                0x0000000008000588                __aeabi_f2d
                0x00000000080005cc                __aeabi_ul2d
                0x00000000080005cc                __floatundidf
                0x00000000080005dc                __aeabi_l2d
                0x00000000080005dc                __floatdidf
 .text          0x0000000008000638      0x424 /Applications/STM32CubeIDE.app/Contents/Eclipse/plugins/com.st.stm32cube.ide.mcu.externaltools.gnu-tools-for-stm32.7-2018-q2-update.macos64_1.0.0.201904181610/tools/bin/../lib/gcc/arm-none-eabi/7.3.1/thumb/v7e-m/fpv4-sp/hard/libgcc.a(_arm_muldivdf3.o)
                0x0000000008000638                __aeabi_dmul
                0x0000000008000638                __muldf3
                0x000000000800088c                __aeabi_ddiv
                0x000000000800088c                __divdf3
 .text          0x0000000008000a5c      0x110 /Applications/STM32CubeIDE.app/Contents/Eclipse/plugins/com.st.stm32cube.ide.mcu.externaltools.gnu-tools-for-stm32.7-2018-q2-update.macos64_1.0.0.201904181610/tools/bin/../lib/gcc/arm-none-eabi/7.3.1/thumb/v7e-m/fpv4-sp/hard/libgcc.a(_arm_cmpdf2.o)
                0x0000000008000a5c                __gedf2
                0x0000000008000a5c                __gtdf2
                0x0000000008000a64                __ledf2
                0x0000000008000a64                __ltdf2
                0x0000000008000a6c                __cmpdf2
                0x0000000008000a6c                __eqdf2
                0x0000000008000a6c                __nedf2
                0x0000000008000ae8                __aeabi_cdrcmple
                0x0000000008000af8                __aeabi_cdcmple
                0x0000000008000af8                __aeabi_cdcmpeq
                0x0000000008000b08                __aeabi_dcmpeq
                0x0000000008000b1c                __aeabi_dcmplt
                0x0000000008000b30                __aeabi_dcmple
                0x0000000008000b44                __aeabi_dcmpge
                0x0000000008000b58                __aeabi_dcmpgt
 .text          0x0000000008000b6c       0x2c /Applications/STM32CubeIDE.app/Contents/Eclipse/plugins/com.st.stm32cube.ide.mcu.externaltools.gnu-tools-for-stm32.7-2018-q2-update.macos64_1.0.0.201904181610/tools/bin/../lib/gcc/arm-none-eabi/7.3.1/thumb/v7e-m/fpv4-sp/hard/libgcc.a(_arm_unorddf2.o)
                0x0000000008000b6c                __aeabi_dcmpun
                0x0000000008000b6c                __unorddf2
 .text          0x0000000008000b98       0x50 /Applications/STM32CubeIDE.app/Contents/Eclipse/plugins/com.st.stm32cube.ide.mcu.externaltools.gnu-tools-for-stm32.7-2018-q2-update.macos64_1.0.0.201904181610/tools/bin/../lib/gcc/arm-none-eabi/7.3.1/thumb/v7e-m/fpv4-sp/hard/libgcc.a(_arm_fixdfsi.o)
                0x0000000008000b98                __fixdfsi
                0x0000000008000b98                __aeabi_d2iz
 .text          0x0000000008000be8       0x40 /Applications/STM32CubeIDE.app/Contents/Eclipse/plugins/com.st.stm32cube.ide.mcu.externaltools.gnu-tools-for-stm32.7-2018-q2-update.macos64_1.0.0.201904181610/tools/bin/../lib/gcc/arm-none-eabi/7.3.1/thumb/v7e-m/fpv4-sp/hard/libgcc.a(_arm_fixunsdfsi.o)
                0x0000000008000be8                __fixunsdfsi
                0x0000000008000be8                __aeabi_d2uiz
 .text          0x0000000008000c28       0xa0 /Applications/STM32CubeIDE.app/Contents/Eclipse/plugins/com.st.stm32cube.ide.mcu.externaltools.gnu-tools-for-stm32.7-2018-q2-update.macos64_1.0.0.201904181610/tools/bin/../lib/gcc/arm-none-eabi/7.3.1/thumb/v7e-m/fpv4-sp/hard/libgcc.a(_arm_truncdfsf2.o)
                0x0000000008000c28                __aeabi_d2f
                0x0000000008000c28                __truncdfsf2
 .text          0x0000000008000cc8       0x30 /Applications/STM32CubeIDE.app/Contents/Eclipse/plugins/com.st.stm32cube.ide.mcu.externaltools.gnu-tools-for-stm32.7-2018-q2-update.macos64_1.0.0.201904181610/tools/bin/../lib/gcc/arm-none-eabi/7.3.1/thumb/v7e-m/fpv4-sp/hard/libgcc.a(_aeabi_uldivmod.o)
                0x0000000008000cc8                __aeabi_uldivmod
 .text          0x0000000008000cf8      0x2cc /Applications/STM32CubeIDE.app/Contents/Eclipse/plugins/com.st.stm32cube.ide.mcu.externaltools.gnu-tools-for-stm32.7-2018-q2-update.macos64_1.0.0.201904181610/tools/bin/../lib/gcc/arm-none-eabi/7.3.1/thumb/v7e-m/fpv4-sp/hard/libgcc.a(_udivmoddi4.o)
                0x0000000008000cf8                __udivmoddi4
 .text          0x0000000008000fc4        0x4 /Applications/STM32CubeIDE.app/Contents/Eclipse/plugins/com.st.stm32cube.ide.mcu.externaltools.gnu-tools-for-stm32.7-2018-q2-update.macos64_1.0.0.201904181610/tools/bin/../lib/gcc/arm-none-eabi/7.3.1/thumb/v7e-m/fpv4-sp/hard/libgcc.a(_dvmd_tls.o)
                0x0000000008000fc4                __aeabi_ldiv0
                0x0000000008000fc4                __aeabi_idiv0
 *(.text*)
 .text.NRF24_DelayMicroSeconds
                0x0000000008000fc8        0x8 Drivers/MY_NRF24.o
                0x0000000008000fc8                NRF24_DelayMicroSeconds
 .text.NRF24_csn
                0x0000000008000fd0       0x2c Drivers/MY_NRF24.o
                0x0000000008000fd0                NRF24_csn
 .text.NRF24_ce
                0x0000000008000ffc       0x2c Drivers/MY_NRF24.o
                0x0000000008000ffc                NRF24_ce
 .text.NRF24_read_register
                0x0000000008001028       0x64 Drivers/MY_NRF24.o
                0x0000000008001028                NRF24_read_register
 .text.NRF24_read_registerN
                0x000000000800108c       0x60 Drivers/MY_NRF24.o
                0x000000000800108c                NRF24_read_registerN
 .text.NRF24_write_register
                0x00000000080010ec       0x44 Drivers/MY_NRF24.o
                0x00000000080010ec                NRF24_write_register
 .text.NRF24_write_registerN
                0x0000000008001130       0x5c Drivers/MY_NRF24.o
                0x0000000008001130                NRF24_write_registerN
 .text.NRF24_write_payload
                0x000000000800118c       0x58 Drivers/MY_NRF24.o
                0x000000000800118c                NRF24_write_payload
 .text.NRF24_flush_tx
                0x00000000080011e4        0xc Drivers/MY_NRF24.o
                0x00000000080011e4                NRF24_flush_tx
 .text.NRF24_flush_rx
                0x00000000080011f0        0xc Drivers/MY_NRF24.o
                0x00000000080011f0                NRF24_flush_rx
 .text.NRF24_get_status
                0x00000000080011fc        0xa Drivers/MY_NRF24.o
                0x00000000080011fc                NRF24_get_status
 .text.NRF24_stopListening
                0x0000000008001206       0x12 Drivers/MY_NRF24.o
                0x0000000008001206                NRF24_stopListening
 .text.NRF24_openWritingPipe
                0x0000000008001218       0x38 Drivers/MY_NRF24.o
                0x0000000008001218                NRF24_openWritingPipe
 .text.NRF24_setRetries
                0x0000000008001250       0x14 Drivers/MY_NRF24.o
                0x0000000008001250                NRF24_setRetries
 .text.NRF24_setChannel
                0x0000000008001264       0x12 Drivers/MY_NRF24.o
                0x0000000008001264                NRF24_setChannel
 *fill*         0x0000000008001276        0x2 
 .text.NRF24_setPayloadSize
                0x0000000008001278       0x10 Drivers/MY_NRF24.o
                0x0000000008001278                NRF24_setPayloadSize
 .text.NRF24_getPayloadSize
                0x0000000008001288        0xc Drivers/MY_NRF24.o
                0x0000000008001288                NRF24_getPayloadSize
 .text.NRF24_read_payload
                0x0000000008001294       0x68 Drivers/MY_NRF24.o
                0x0000000008001294                NRF24_read_payload
 .text.NRF24_getDynamicPayloadSize
                0x00000000080012fc        0xa Drivers/MY_NRF24.o
                0x00000000080012fc                NRF24_getDynamicPayloadSize
 .text.NRF24_read
                0x0000000008001306       0x1c Drivers/MY_NRF24.o
                0x0000000008001306                NRF24_read
 .text.NRF24_disableDynamicPayloads
                0x0000000008001322       0x1c Drivers/MY_NRF24.o
                0x0000000008001322                NRF24_disableDynamicPayloads
 .text.NRF24_setAutoAck
                0x000000000800133e       0x18 Drivers/MY_NRF24.o
                0x000000000800133e                NRF24_setAutoAck
 .text.NRF24_setPALevel
                0x0000000008001356       0x3e Drivers/MY_NRF24.o
                0x0000000008001356                NRF24_setPALevel
 .text.NRF24_setDataRate
                0x0000000008001394       0x3c Drivers/MY_NRF24.o
                0x0000000008001394                NRF24_setDataRate
 .text.NRF24_setCRCLength
                0x00000000080013d0       0x26 Drivers/MY_NRF24.o
                0x00000000080013d0                NRF24_setCRCLength
 .text.NRF24_powerDown
                0x00000000080013f6       0x14 Drivers/MY_NRF24.o
                0x00000000080013f6                NRF24_powerDown
 .text.NRF24_availablePipe
                0x000000000800140a       0x3c Drivers/MY_NRF24.o
                0x000000000800140a                NRF24_availablePipe
 .text.NRF24_available
                0x0000000008001446        0xa Drivers/MY_NRF24.o
                0x0000000008001446                NRF24_available
 .text.NRF24_startWrite
                0x0000000008001450       0x40 Drivers/MY_NRF24.o
                0x0000000008001450                NRF24_startWrite
 .text.NRF24_whatHappened
                0x0000000008001490       0x2e Drivers/MY_NRF24.o
                0x0000000008001490                NRF24_whatHappened
 .text.NRF24_resetStatus
                0x00000000080014be        0xc Drivers/MY_NRF24.o
                0x00000000080014be                NRF24_resetStatus
 *fill*         0x00000000080014ca        0x2 
 .text.NRF24_write
                0x00000000080014cc       0x74 Drivers/MY_NRF24.o
                0x00000000080014cc                NRF24_write
 .text.NRF24_ACTIVATE_cmd
                0x0000000008001540       0x44 Drivers/MY_NRF24.o
                0x0000000008001540                NRF24_ACTIVATE_cmd
 .text.NRF24_enableAckPayload
                0x0000000008001584       0x48 Drivers/MY_NRF24.o
                0x0000000008001584                NRF24_enableAckPayload
 .text.NRF24_begin
                0x00000000080015cc      0x194 Drivers/MY_NRF24.o
                0x00000000080015cc                NRF24_begin
 .text.printRadioSettings
                0x0000000008001760      0x5e0 Drivers/MY_NRF24.o
                0x0000000008001760                printRadioSettings
 .text.nrf24_DebugUART_Init
                0x0000000008001d40       0x24 Drivers/MY_NRF24.o
                0x0000000008001d40                nrf24_DebugUART_Init
 .text.HAL_SPI_TxCpltCallback
                0x0000000008001d64        0xc Drivers/MY_NRF24.o
                0x0000000008001d64                HAL_SPI_TxCpltCallback
 .text.HAL_SPI_RxCpltCallback
                0x0000000008001d70        0xc Drivers/MY_NRF24.o
                0x0000000008001d70                HAL_SPI_RxCpltCallback
 .text.DWT_Init
                0x0000000008001d7c       0x2c Drivers/dwt_delay.o
                0x0000000008001d7c                DWT_Init
 .text.DWT_Delay
                0x0000000008001da8       0x2c Drivers/dwt_delay.o
                0x0000000008001da8                DWT_Delay
 .text.HAL_InitTick
                0x0000000008001dd4       0x4c Drivers/STM32F7xx_HAL_Driver/Src/stm32f7xx_hal.o
                0x0000000008001dd4                HAL_InitTick
 .text.HAL_Init
                0x0000000008001e20       0x24 Drivers/STM32F7xx_HAL_Driver/Src/stm32f7xx_hal.o
                0x0000000008001e20                HAL_Init
 .text.HAL_GetTick
                0x0000000008001e44        0xc Drivers/STM32F7xx_HAL_Driver/Src/stm32f7xx_hal.o
                0x0000000008001e44                HAL_GetTick
 .text.HAL_Delay
                0x0000000008001e50       0x28 Drivers/STM32F7xx_HAL_Driver/Src/stm32f7xx_hal.o
                0x0000000008001e50                HAL_Delay
 .text.ADC_Init
                0x0000000008001e78      0x134 Drivers/STM32F7xx_HAL_Driver/Src/stm32f7xx_hal_adc.o
 .text.HAL_ADC_Init
                0x0000000008001fac       0x58 Drivers/STM32F7xx_HAL_Driver/Src/stm32f7xx_hal_adc.o
                0x0000000008001fac                HAL_ADC_Init
 .text.HAL_ADC_Start
                0x0000000008002004      0x124 Drivers/STM32F7xx_HAL_Driver/Src/stm32f7xx_hal_adc.o
                0x0000000008002004                HAL_ADC_Start
 .text.HAL_ADC_LevelOutOfWindowCallback
                0x0000000008002128        0x2 Drivers/STM32F7xx_HAL_Driver/Src/stm32f7xx_hal_adc.o
                0x0000000008002128                HAL_ADC_LevelOutOfWindowCallback
 .text.HAL_ADC_IRQHandler
                0x000000000800212a      0x148 Drivers/STM32F7xx_HAL_Driver/Src/stm32f7xx_hal_adc.o
                0x000000000800212a                HAL_ADC_IRQHandler
 *fill*         0x0000000008002272        0x2 
 .text.HAL_ADC_ConfigChannel
                0x0000000008002274      0x1ac Drivers/STM32F7xx_HAL_Driver/Src/stm32f7xx_hal_adc.o
                0x0000000008002274                HAL_ADC_ConfigChannel
 .text.HAL_ADCEx_InjectedConvCpltCallback
                0x0000000008002420        0x2 Drivers/STM32F7xx_HAL_Driver/Src/stm32f7xx_hal_adc_ex.o
                0x0000000008002420                HAL_ADCEx_InjectedConvCpltCallback
 *fill*         0x0000000008002422        0x2 
 .text.HAL_NVIC_SetPriorityGrouping
                0x0000000008002424       0x24 Drivers/STM32F7xx_HAL_Driver/Src/stm32f7xx_hal_cortex.o
                0x0000000008002424                HAL_NVIC_SetPriorityGrouping
 .text.HAL_NVIC_SetPriority
                0x0000000008002448       0x64 Drivers/STM32F7xx_HAL_Driver/Src/stm32f7xx_hal_cortex.o
                0x0000000008002448                HAL_NVIC_SetPriority
 .text.HAL_NVIC_EnableIRQ
                0x00000000080024ac       0x1c Drivers/STM32F7xx_HAL_Driver/Src/stm32f7xx_hal_cortex.o
                0x00000000080024ac                HAL_NVIC_EnableIRQ
 .text.HAL_SYSTICK_Config
                0x00000000080024c8       0x2c Drivers/STM32F7xx_HAL_Driver/Src/stm32f7xx_hal_cortex.o
                0x00000000080024c8                HAL_SYSTICK_Config
 .text.HAL_CRC_Init
                0x00000000080024f4       0x80 Drivers/STM32F7xx_HAL_Driver/Src/stm32f7xx_hal_crc.o
                0x00000000080024f4                HAL_CRC_Init
 .text.HAL_CRCEx_Polynomial_Set
                0x0000000008002574       0x6c Drivers/STM32F7xx_HAL_Driver/Src/stm32f7xx_hal_crc_ex.o
                0x0000000008002574                HAL_CRCEx_Polynomial_Set
 .text.DMA_CalcBaseAndBitshift
                0x00000000080025e0       0x38 Drivers/STM32F7xx_HAL_Driver/Src/stm32f7xx_hal_dma.o
 .text.DMA_CheckFifoParam
                0x0000000008002618       0x8e Drivers/STM32F7xx_HAL_Driver/Src/stm32f7xx_hal_dma.o
 *fill*         0x00000000080026a6        0x2 
 .text.HAL_DMA_Init
                0x00000000080026a8       0xcc Drivers/STM32F7xx_HAL_Driver/Src/stm32f7xx_hal_dma.o
                0x00000000080026a8                HAL_DMA_Init
 .text.HAL_DMA_Abort_IT
                0x0000000008002774       0x26 Drivers/STM32F7xx_HAL_Driver/Src/stm32f7xx_hal_dma.o
                0x0000000008002774                HAL_DMA_Abort_IT
 *fill*         0x000000000800279a        0x2 
 .text.HAL_DMA_IRQHandler
                0x000000000800279c      0x1dc Drivers/STM32F7xx_HAL_Driver/Src/stm32f7xx_hal_dma.o
                0x000000000800279c                HAL_DMA_IRQHandler
 .text.HAL_DMA2D_Init
                0x0000000008002978       0x5c Drivers/STM32F7xx_HAL_Driver/Src/stm32f7xx_hal_dma2d.o
                0x0000000008002978                HAL_DMA2D_Init
 .text.HAL_DMA2D_ConfigLayer
                0x00000000080029d4       0xc4 Drivers/STM32F7xx_HAL_Driver/Src/stm32f7xx_hal_dma2d.o
                0x00000000080029d4                HAL_DMA2D_ConfigLayer
 .text.HAL_GPIO_Init
                0x0000000008002a98      0x1e0 Drivers/STM32F7xx_HAL_Driver/Src/stm32f7xx_hal_gpio.o
                0x0000000008002a98                HAL_GPIO_Init
 .text.HAL_GPIO_ReadPin
                0x0000000008002c78        0xe Drivers/STM32F7xx_HAL_Driver/Src/stm32f7xx_hal_gpio.o
                0x0000000008002c78                HAL_GPIO_ReadPin
 .text.HAL_GPIO_WritePin
                0x0000000008002c86        0xc Drivers/STM32F7xx_HAL_Driver/Src/stm32f7xx_hal_gpio.o
                0x0000000008002c86                HAL_GPIO_WritePin
 *fill*         0x0000000008002c92        0x2 
 .text.HAL_GPIO_EXTI_IRQHandler
                0x0000000008002c94       0x1c Drivers/STM32F7xx_HAL_Driver/Src/stm32f7xx_hal_gpio.o
                0x0000000008002c94                HAL_GPIO_EXTI_IRQHandler
 .text.LTDC_SetConfig
                0x0000000008002cb0      0x194 Drivers/STM32F7xx_HAL_Driver/Src/stm32f7xx_hal_ltdc.o
 .text.HAL_LTDC_Init
                0x0000000008002e44       0xf4 Drivers/STM32F7xx_HAL_Driver/Src/stm32f7xx_hal_ltdc.o
                0x0000000008002e44                HAL_LTDC_Init
 .text.HAL_LTDC_ErrorCallback
                0x0000000008002f38        0x2 Drivers/STM32F7xx_HAL_Driver/Src/stm32f7xx_hal_ltdc.o
                0x0000000008002f38                HAL_LTDC_ErrorCallback
 .text.HAL_LTDC_LineEventCallback
                0x0000000008002f3a        0x2 Drivers/STM32F7xx_HAL_Driver/Src/stm32f7xx_hal_ltdc.o
                0x0000000008002f3a                HAL_LTDC_LineEventCallback
 .text.HAL_LTDC_ReloadEventCallback
                0x0000000008002f3c        0x2 Drivers/STM32F7xx_HAL_Driver/Src/stm32f7xx_hal_ltdc.o
                0x0000000008002f3c                HAL_LTDC_ReloadEventCallback
 .text.HAL_LTDC_IRQHandler
                0x0000000008002f3e       0xda Drivers/STM32F7xx_HAL_Driver/Src/stm32f7xx_hal_ltdc.o
                0x0000000008002f3e                HAL_LTDC_IRQHandler
 .text.HAL_LTDC_ConfigLayer
                0x0000000008003018       0x5c Drivers/STM32F7xx_HAL_Driver/Src/stm32f7xx_hal_ltdc.o
                0x0000000008003018                HAL_LTDC_ConfigLayer
 .text.HAL_PWREx_EnableOverDrive
                0x0000000008003074       0x7c Drivers/STM32F7xx_HAL_Driver/Src/stm32f7xx_hal_pwr_ex.o
                0x0000000008003074                HAL_PWREx_EnableOverDrive
 .text.HAL_RCC_OscConfig
                0x00000000080030f0      0x3d4 Drivers/STM32F7xx_HAL_Driver/Src/stm32f7xx_hal_rcc.o
                0x00000000080030f0                HAL_RCC_OscConfig
 .text.HAL_RCC_GetSysClockFreq
                0x00000000080034c4       0xa8 Drivers/STM32F7xx_HAL_Driver/Src/stm32f7xx_hal_rcc.o
                0x00000000080034c4                HAL_RCC_GetSysClockFreq
 .text.HAL_RCC_ClockConfig
                0x000000000800356c      0x164 Drivers/STM32F7xx_HAL_Driver/Src/stm32f7xx_hal_rcc.o
                0x000000000800356c                HAL_RCC_ClockConfig
 .text.HAL_RCC_GetHCLKFreq
                0x00000000080036d0        0xc Drivers/STM32F7xx_HAL_Driver/Src/stm32f7xx_hal_rcc.o
                0x00000000080036d0                HAL_RCC_GetHCLKFreq
 .text.HAL_RCC_GetPCLK1Freq
                0x00000000080036dc       0x20 Drivers/STM32F7xx_HAL_Driver/Src/stm32f7xx_hal_rcc.o
                0x00000000080036dc                HAL_RCC_GetPCLK1Freq
 .text.HAL_RCC_GetPCLK2Freq
                0x00000000080036fc       0x20 Drivers/STM32F7xx_HAL_Driver/Src/stm32f7xx_hal_rcc.o
                0x00000000080036fc                HAL_RCC_GetPCLK2Freq
 .text.HAL_RCCEx_PeriphCLKConfig
                0x000000000800371c      0x5ac Drivers/STM32F7xx_HAL_Driver/Src/stm32f7xx_hal_rcc_ex.o
                0x000000000800371c                HAL_RCCEx_PeriphCLKConfig
 .text.HAL_SDRAM_Init
                0x0000000008003cc8       0x3e Drivers/STM32F7xx_HAL_Driver/Src/stm32f7xx_hal_sdram.o
                0x0000000008003cc8                HAL_SDRAM_Init
 .text.SPI_WaitFlagStateUntilTimeout
                0x0000000008003d06       0x90 Drivers/STM32F7xx_HAL_Driver/Src/stm32f7xx_hal_spi.o
 .text.SPI_WaitFifoStateUntilTimeout
                0x0000000008003d96       0x98 Drivers/STM32F7xx_HAL_Driver/Src/stm32f7xx_hal_spi.o
 .text.SPI_EndRxTxTransaction
                0x0000000008003e2e       0x66 Drivers/STM32F7xx_HAL_Driver/Src/stm32f7xx_hal_spi.o
 .text.SPI_EndRxTransaction
                0x0000000008003e94       0x88 Drivers/STM32F7xx_HAL_Driver/Src/stm32f7xx_hal_spi.o
 .text.HAL_SPI_Init
                0x0000000008003f1c       0xba Drivers/STM32F7xx_HAL_Driver/Src/stm32f7xx_hal_spi.o
                0x0000000008003f1c                HAL_SPI_Init
 *fill*         0x0000000008003fd6        0x2 
 .text.HAL_SPI_Transmit_IT
                0x0000000008003fd8       0xac Drivers/STM32F7xx_HAL_Driver/Src/stm32f7xx_hal_spi.o
                0x0000000008003fd8                HAL_SPI_Transmit_IT
 .text.HAL_SPI_TransmitReceive_IT
                0x0000000008004084       0xf8 Drivers/STM32F7xx_HAL_Driver/Src/stm32f7xx_hal_spi.o
                0x0000000008004084                HAL_SPI_TransmitReceive_IT
 .text.HAL_SPI_Receive_IT
                0x000000000800417c       0xe0 Drivers/STM32F7xx_HAL_Driver/Src/stm32f7xx_hal_spi.o
                0x000000000800417c                HAL_SPI_Receive_IT
 .text.HAL_SPI_TxRxCpltCallback
                0x000000000800425c        0x2 Drivers/STM32F7xx_HAL_Driver/Src/stm32f7xx_hal_spi.o
                0x000000000800425c                HAL_SPI_TxRxCpltCallback
 .text.HAL_SPI_ErrorCallback
                0x000000000800425e        0x2 Drivers/STM32F7xx_HAL_Driver/Src/stm32f7xx_hal_spi.o
                0x000000000800425e                HAL_SPI_ErrorCallback
 .text.SPI_CloseTx_ISR
                0x0000000008004260       0x56 Drivers/STM32F7xx_HAL_Driver/Src/stm32f7xx_hal_spi.o
 .text.SPI_TxISR_8BIT
                0x00000000080042b6       0x26 Drivers/STM32F7xx_HAL_Driver/Src/stm32f7xx_hal_spi.o
 .text.SPI_TxISR_16BIT
                0x00000000080042dc       0x26 Drivers/STM32F7xx_HAL_Driver/Src/stm32f7xx_hal_spi.o
 .text.SPI_CloseRx_ISR
                0x0000000008004302       0x40 Drivers/STM32F7xx_HAL_Driver/Src/stm32f7xx_hal_spi.o
 .text.SPI_RxISR_8BIT
                0x0000000008004342       0x2c Drivers/STM32F7xx_HAL_Driver/Src/stm32f7xx_hal_spi.o
 .text.SPI_RxISR_16BIT
                0x000000000800436e       0x2c Drivers/STM32F7xx_HAL_Driver/Src/stm32f7xx_hal_spi.o
 .text.SPI_CloseRxTx_ISR
                0x000000000800439a       0x5e Drivers/STM32F7xx_HAL_Driver/Src/stm32f7xx_hal_spi.o
 .text.SPI_2linesTxISR_8BIT
                0x00000000080043f8       0x58 Drivers/STM32F7xx_HAL_Driver/Src/stm32f7xx_hal_spi.o
 .text.SPI_2linesRxISR_8BIT
                0x0000000008004450       0x78 Drivers/STM32F7xx_HAL_Driver/Src/stm32f7xx_hal_spi.o
 .text.SPI_2linesTxISR_16BIT
                0x00000000080044c8       0x38 Drivers/STM32F7xx_HAL_Driver/Src/stm32f7xx_hal_spi.o
 .text.SPI_2linesRxISR_16BIT
                0x0000000008004500       0x3c Drivers/STM32F7xx_HAL_Driver/Src/stm32f7xx_hal_spi.o
 .text.HAL_SPI_IRQHandler
                0x000000000800453c      0x120 Drivers/STM32F7xx_HAL_Driver/Src/stm32f7xx_hal_spi.o
                0x000000000800453c                HAL_SPI_IRQHandler
 .text.SPI_DMAAbortOnError
                0x000000000800465c       0x12 Drivers/STM32F7xx_HAL_Driver/Src/stm32f7xx_hal_spi.o
 .text.TIM_TI1_ConfigInputStage
                0x000000000800466e       0x26 Drivers/STM32F7xx_HAL_Driver/Src/stm32f7xx_hal_tim.o
 .text.TIM_TI2_ConfigInputStage
                0x0000000008004694       0x28 Drivers/STM32F7xx_HAL_Driver/Src/stm32f7xx_hal_tim.o
 .text.TIM_ITRx_SetConfig
                0x00000000080046bc       0x10 Drivers/STM32F7xx_HAL_Driver/Src/stm32f7xx_hal_tim.o
 .text.HAL_TIM_Base_Start_IT
                0x00000000080046cc       0x2c Drivers/STM32F7xx_HAL_Driver/Src/stm32f7xx_hal_tim.o
                0x00000000080046cc                HAL_TIM_Base_Start_IT
 .text.HAL_TIM_OC_DelayElapsedCallback
                0x00000000080046f8        0x2 Drivers/STM32F7xx_HAL_Driver/Src/stm32f7xx_hal_tim.o
                0x00000000080046f8                HAL_TIM_OC_DelayElapsedCallback
 .text.HAL_TIM_IC_CaptureCallback
                0x00000000080046fa        0x2 Drivers/STM32F7xx_HAL_Driver/Src/stm32f7xx_hal_tim.o
                0x00000000080046fa                HAL_TIM_IC_CaptureCallback
 .text.HAL_TIM_PWM_PulseFinishedCallback
                0x00000000080046fc        0x2 Drivers/STM32F7xx_HAL_Driver/Src/stm32f7xx_hal_tim.o
                0x00000000080046fc                HAL_TIM_PWM_PulseFinishedCallback
 .text.HAL_TIM_TriggerCallback
                0x00000000080046fe        0x2 Drivers/STM32F7xx_HAL_Driver/Src/stm32f7xx_hal_tim.o
                0x00000000080046fe                HAL_TIM_TriggerCallback
 .text.HAL_TIM_IRQHandler
                0x0000000008004700      0x19a Drivers/STM32F7xx_HAL_Driver/Src/stm32f7xx_hal_tim.o
                0x0000000008004700                HAL_TIM_IRQHandler
 *fill*         0x000000000800489a        0x2 
 .text.TIM_Base_SetConfig
                0x000000000800489c      0x10c Drivers/STM32F7xx_HAL_Driver/Src/stm32f7xx_hal_tim.o
                0x000000000800489c                TIM_Base_SetConfig
 .text.HAL_TIM_Base_Init
                0x00000000080049a8       0x32 Drivers/STM32F7xx_HAL_Driver/Src/stm32f7xx_hal_tim.o
                0x00000000080049a8                HAL_TIM_Base_Init
 .text.TIM_ETR_SetConfig
                0x00000000080049da       0x18 Drivers/STM32F7xx_HAL_Driver/Src/stm32f7xx_hal_tim.o
                0x00000000080049da                TIM_ETR_SetConfig
 *fill*         0x00000000080049f2        0x2 
 .text.HAL_TIM_ConfigClockSource
                0x00000000080049f4       0xdc Drivers/STM32F7xx_HAL_Driver/Src/stm32f7xx_hal_tim.o
                0x00000000080049f4                HAL_TIM_ConfigClockSource
 .text.HAL_TIMEx_MasterConfigSynchronization
                0x0000000008004ad0       0x64 Drivers/STM32F7xx_HAL_Driver/Src/stm32f7xx_hal_tim_ex.o
                0x0000000008004ad0                HAL_TIMEx_MasterConfigSynchronization
 .text.HAL_TIMEx_CommutCallback
                0x0000000008004b34        0x2 Drivers/STM32F7xx_HAL_Driver/Src/stm32f7xx_hal_tim_ex.o
                0x0000000008004b34                HAL_TIMEx_CommutCallback
 .text.HAL_TIMEx_BreakCallback
                0x0000000008004b36        0x2 Drivers/STM32F7xx_HAL_Driver/Src/stm32f7xx_hal_tim_ex.o
                0x0000000008004b36                HAL_TIMEx_BreakCallback
 .text.HAL_TIMEx_Break2Callback
                0x0000000008004b38        0x2 Drivers/STM32F7xx_HAL_Driver/Src/stm32f7xx_hal_tim_ex.o
                0x0000000008004b38                HAL_TIMEx_Break2Callback
 *fill*         0x0000000008004b3a        0x2 
 .text.UART_SetConfig
                0x0000000008004b3c      0x370 Drivers/STM32F7xx_HAL_Driver/Src/stm32f7xx_hal_uart.o
                0x0000000008004b3c                UART_SetConfig
 .text.UART_AdvFeatureConfig
                0x0000000008004eac       0xca Drivers/STM32F7xx_HAL_Driver/Src/stm32f7xx_hal_uart.o
                0x0000000008004eac                UART_AdvFeatureConfig
 .text.UART_WaitOnFlagUntilTimeout
                0x0000000008004f76       0x60 Drivers/STM32F7xx_HAL_Driver/Src/stm32f7xx_hal_uart.o
                0x0000000008004f76                UART_WaitOnFlagUntilTimeout
 .text.HAL_UART_Transmit
                0x0000000008004fd6       0xdc Drivers/STM32F7xx_HAL_Driver/Src/stm32f7xx_hal_uart.o
                0x0000000008004fd6                HAL_UART_Transmit
 .text.UART_CheckIdleState
                0x00000000080050b2       0x44 Drivers/STM32F7xx_HAL_Driver/Src/stm32f7xx_hal_uart.o
                0x00000000080050b2                UART_CheckIdleState
 .text.HAL_UART_Init
                0x00000000080050f6       0x62 Drivers/STM32F7xx_HAL_Driver/Src/stm32f7xx_hal_uart.o
                0x00000000080050f6                HAL_UART_Init
 .text.FMC_SDRAM_Init
                0x0000000008005158       0x74 Drivers/STM32F7xx_HAL_Driver/Src/stm32f7xx_ll_fmc.o
                0x0000000008005158                FMC_SDRAM_Init
 .text.FMC_SDRAM_Timing_Init
                0x00000000080051cc       0x98 Drivers/STM32F7xx_HAL_Driver/Src/stm32f7xx_ll_fmc.o
                0x00000000080051cc                FMC_SDRAM_Timing_Init
 .text.MX_GPIO_Init
                0x0000000008005264      0x1b0 Src/main.o
 .text.MX_DMA_Init
                0x0000000008005414       0x34 Src/main.o
 .text.MX_SPI2_Init
                0x0000000008005448       0x44 Src/main.o
 .text.MX_USART1_UART_Init
                0x000000000800548c       0x30 Src/main.o
 .text.MX_ADC3_Init
                0x00000000080054bc       0x8c Src/main.o
 .text.MX_CRC_Init
                0x0000000008005548       0x24 Src/main.o
 .text.MX_DMA2D_Init
                0x000000000800556c       0x30 Src/main.o
 .text.MX_FMC_Init
                0x000000000800559c       0x48 Src/main.o
 .text.MX_LTDC_Init
                0x00000000080055e4       0xd4 Src/main.o
 .text.MX_TIM13_Init
                0x00000000080056b8       0x28 Src/main.o
 .text.MX_TIM1_Init
                0x00000000080056e0       0x60 Src/main.o
 .text.SystemClock_Config
                0x0000000008005740       0xc8 Src/main.o
                0x0000000008005740                SystemClock_Config
 .text.main     0x0000000008005808      0x134 Src/main.o
                0x0000000008005808                main
 .text.packData
                0x000000000800593c      0x11c Src/main.o
                0x000000000800593c                packData
 .text.unpackAckPayload
                0x0000000008005a58       0x74 Src/main.o
                0x0000000008005a58                unpackAckPayload
 .text.read_rotary_1
                0x0000000008005acc       0x84 Src/main.o
                0x0000000008005acc                read_rotary_1
 .text.read_rotary_2
                0x0000000008005b50       0x84 Src/main.o
                0x0000000008005b50                read_rotary_2
 .text.read_rotary_3
                0x0000000008005bd4       0x84 Src/main.o
                0x0000000008005bd4                read_rotary_3
 .text.HAL_GPIO_EXTI_Callback
                0x0000000008005c58       0xfc Src/main.o
                0x0000000008005c58                HAL_GPIO_EXTI_Callback
 .text.HAL_ADC_ConvCpltCallback
                0x0000000008005d54        0x2 Src/main.o
                0x0000000008005d54                HAL_ADC_ConvCpltCallback
 .text.HAL_ADC_ErrorCallback
                0x0000000008005d56        0x2 Src/main.o
                0x0000000008005d56                HAL_ADC_ErrorCallback
 .text.HAL_TIM_PeriodElapsedCallback
                0x0000000008005d58       0x84 Src/main.o
                0x0000000008005d58                HAL_TIM_PeriodElapsedCallback
 .text.Error_Handler
                0x0000000008005ddc        0x2 Src/main.o
                0x0000000008005ddc                Error_Handler
 *fill*         0x0000000008005dde        0x2 
 .text.HAL_FMC_MspInit
                0x0000000008005de0       0xc4 Src/stm32f7xx_hal_msp.o
 .text.HAL_MspInit
                0x0000000008005ea4       0x30 Src/stm32f7xx_hal_msp.o
                0x0000000008005ea4                HAL_MspInit
 .text.HAL_ADC_MspInit
                0x0000000008005ed4       0xe0 Src/stm32f7xx_hal_msp.o
                0x0000000008005ed4                HAL_ADC_MspInit
 .text.HAL_CRC_MspInit
                0x0000000008005fb4       0x2c Src/stm32f7xx_hal_msp.o
                0x0000000008005fb4                HAL_CRC_MspInit
 .text.HAL_DMA2D_MspInit
                0x0000000008005fe0       0x2c Src/stm32f7xx_hal_msp.o
                0x0000000008005fe0                HAL_DMA2D_MspInit
 .text.HAL_LTDC_MspInit
                0x000000000800600c      0x1c0 Src/stm32f7xx_hal_msp.o
                0x000000000800600c                HAL_LTDC_MspInit
 .text.HAL_SPI_MspInit
                0x00000000080061cc       0xa4 Src/stm32f7xx_hal_msp.o
                0x00000000080061cc                HAL_SPI_MspInit
 .text.HAL_TIM_Base_MspInit
                0x0000000008006270       0x60 Src/stm32f7xx_hal_msp.o
                0x0000000008006270                HAL_TIM_Base_MspInit
 .text.HAL_UART_MspInit
                0x00000000080062d0       0x98 Src/stm32f7xx_hal_msp.o
                0x00000000080062d0                HAL_UART_MspInit
 .text.HAL_SDRAM_MspInit
                0x0000000008006368        0x8 Src/stm32f7xx_hal_msp.o
                0x0000000008006368                HAL_SDRAM_MspInit
 .text.NMI_Handler
                0x0000000008006370        0x2 Src/stm32f7xx_it.o
                0x0000000008006370                NMI_Handler
 .text.HardFault_Handler
                0x0000000008006372        0x2 Src/stm32f7xx_it.o
                0x0000000008006372                HardFault_Handler
 .text.MemManage_Handler
                0x0000000008006374        0x2 Src/stm32f7xx_it.o
                0x0000000008006374                MemManage_Handler
 .text.BusFault_Handler
                0x0000000008006376        0x2 Src/stm32f7xx_it.o
                0x0000000008006376                BusFault_Handler
 .text.UsageFault_Handler
                0x0000000008006378        0x2 Src/stm32f7xx_it.o
                0x0000000008006378                UsageFault_Handler
 .text.SVC_Handler
                0x000000000800637a        0x2 Src/stm32f7xx_it.o
                0x000000000800637a                SVC_Handler
 .text.DebugMon_Handler
                0x000000000800637c        0x2 Src/stm32f7xx_it.o
                0x000000000800637c                DebugMon_Handler
 .text.PendSV_Handler
                0x000000000800637e        0x2 Src/stm32f7xx_it.o
                0x000000000800637e                PendSV_Handler
 .text.EXTI4_IRQHandler
                0x0000000008006380        0xa Src/stm32f7xx_it.o
                0x0000000008006380                EXTI4_IRQHandler
 *fill*         0x000000000800638a        0x2 
 .text.ADC_IRQHandler
                0x000000000800638c       0x10 Src/stm32f7xx_it.o
                0x000000000800638c                ADC_IRQHandler
 .text.EXTI9_5_IRQHandler
                0x000000000800639c       0x10 Src/stm32f7xx_it.o
                0x000000000800639c                EXTI9_5_IRQHandler
 .text.SPI2_IRQHandler
                0x00000000080063ac       0x10 Src/stm32f7xx_it.o
                0x00000000080063ac                SPI2_IRQHandler
 .text.TIM8_UP_TIM13_IRQHandler
                0x00000000080063bc       0x10 Src/stm32f7xx_it.o
                0x00000000080063bc                TIM8_UP_TIM13_IRQHandler
 .text.DMA2_Stream0_IRQHandler
                0x00000000080063cc       0x10 Src/stm32f7xx_it.o
                0x00000000080063cc                DMA2_Stream0_IRQHandler
 .text.LTDC_IRQHandler
                0x00000000080063dc       0x10 Src/stm32f7xx_it.o
                0x00000000080063dc                LTDC_IRQHandler
 .text._sbrk    0x00000000080063ec       0x3c Src/sysmem.o
                0x00000000080063ec                _sbrk
 .text.SystemInit
                0x0000000008006428       0x50 Src/system_stm32f7xx.o
                0x0000000008006428                SystemInit
 .text.Reset_Handler
                0x0000000008006478       0x50 Startup/startup_stm32f746nghx.o
                0x0000000008006478                Reset_Handler
 .text.Default_Handler
                0x00000000080064c8        0x2 Startup/startup_stm32f746nghx.o
                0x00000000080064c8                DMA1_Stream3_IRQHandler
                0x00000000080064c8                EXTI2_IRQHandler
                0x00000000080064c8                TIM8_CC_IRQHandler
                0x00000000080064c8                UART8_IRQHandler
                0x00000000080064c8                SPI4_IRQHandler
                0x00000000080064c8                TIM1_CC_IRQHandler
                0x00000000080064c8                DMA2_Stream5_IRQHandler
                0x00000000080064c8                DMA1_Stream5_IRQHandler
                0x00000000080064c8                SysTick_Handler
                0x00000000080064c8                PVD_IRQHandler
                0x00000000080064c8                TAMP_STAMP_IRQHandler
                0x00000000080064c8                CAN2_RX1_IRQHandler
                0x00000000080064c8                EXTI3_IRQHandler
                0x00000000080064c8                TIM8_TRG_COM_TIM14_IRQHandler
                0x00000000080064c8                TIM1_UP_TIM10_IRQHandler
                0x00000000080064c8                I2C3_ER_IRQHandler
                0x00000000080064c8                EXTI0_IRQHandler
                0x00000000080064c8                I2C2_EV_IRQHandler
                0x00000000080064c8                DMA1_Stream2_IRQHandler
                0x00000000080064c8                CAN1_RX0_IRQHandler
                0x00000000080064c8                FPU_IRQHandler
                0x00000000080064c8                OTG_HS_WKUP_IRQHandler
                0x00000000080064c8                LTDC_ER_IRQHandler
                0x00000000080064c8                CAN2_SCE_IRQHandler
                0x00000000080064c8                DMA2_Stream2_IRQHandler
                0x00000000080064c8                SPI1_IRQHandler
                0x00000000080064c8                TIM6_DAC_IRQHandler
                0x00000000080064c8                TIM1_BRK_TIM9_IRQHandler
                0x00000000080064c8                DCMI_IRQHandler
                0x00000000080064c8                CAN2_RX0_IRQHandler
                0x00000000080064c8                DMA2_Stream3_IRQHandler
                0x00000000080064c8                SAI2_IRQHandler
                0x00000000080064c8                USART6_IRQHandler
                0x00000000080064c8                USART3_IRQHandler
                0x00000000080064c8                CAN1_RX1_IRQHandler
                0x00000000080064c8                UART5_IRQHandler
                0x00000000080064c8                TIM4_IRQHandler
                0x00000000080064c8                QUADSPI_IRQHandler
                0x00000000080064c8                I2C1_EV_IRQHandler
                0x00000000080064c8                DMA1_Stream6_IRQHandler
                0x00000000080064c8                DMA1_Stream1_IRQHandler
                0x00000000080064c8                UART4_IRQHandler
                0x00000000080064c8                TIM3_IRQHandler
                0x00000000080064c8                RCC_IRQHandler
                0x00000000080064c8                TIM8_BRK_TIM12_IRQHandler
                0x00000000080064c8                Default_Handler
                0x00000000080064c8                CEC_IRQHandler
                0x00000000080064c8                EXTI15_10_IRQHandler
                0x00000000080064c8                DMA1_Stream7_IRQHandler
                0x00000000080064c8                SPI5_IRQHandler
                0x00000000080064c8                TIM7_IRQHandler
                0x00000000080064c8                SDMMC1_IRQHandler
                0x00000000080064c8                CAN2_TX_IRQHandler
                0x00000000080064c8                TIM5_IRQHandler
                0x00000000080064c8                DMA2_Stream7_IRQHandler
                0x00000000080064c8                I2C3_EV_IRQHandler
                0x00000000080064c8                RTC_WKUP_IRQHandler
                0x00000000080064c8                ETH_WKUP_IRQHandler
                0x00000000080064c8                SPDIF_RX_IRQHandler
                0x00000000080064c8                OTG_HS_EP1_IN_IRQHandler
                0x00000000080064c8                DMA1_Stream0_IRQHandler
                0x00000000080064c8                CAN1_TX_IRQHandler
                0x00000000080064c8                RNG_IRQHandler
                0x00000000080064c8                ETH_IRQHandler
                0x00000000080064c8                OTG_HS_EP1_OUT_IRQHandler
                0x00000000080064c8                WWDG_IRQHandler
                0x00000000080064c8                SPI6_IRQHandler
                0x00000000080064c8                I2C4_EV_IRQHandler
                0x00000000080064c8                TIM2_IRQHandler
                0x00000000080064c8                OTG_FS_WKUP_IRQHandler
                0x00000000080064c8                TIM1_TRG_COM_TIM11_IRQHandler
                0x00000000080064c8                OTG_HS_IRQHandler
                0x00000000080064c8                DMA2D_IRQHandler
                0x00000000080064c8                EXTI1_IRQHandler
                0x00000000080064c8                UART7_IRQHandler
                0x00000000080064c8                USART2_IRQHandler
                0x00000000080064c8                I2C2_ER_IRQHandler
                0x00000000080064c8                DMA2_Stream1_IRQHandler
                0x00000000080064c8                CAN1_SCE_IRQHandler
                0x00000000080064c8                FLASH_IRQHandler
                0x00000000080064c8                DMA2_Stream4_IRQHandler
                0x00000000080064c8                USART1_IRQHandler
                0x00000000080064c8                OTG_FS_IRQHandler
                0x00000000080064c8                SPI3_IRQHandler
                0x00000000080064c8                DMA1_Stream4_IRQHandler
                0x00000000080064c8                I2C1_ER_IRQHandler
                0x00000000080064c8                FMC_IRQHandler
                0x00000000080064c8                LPTIM1_IRQHandler
                0x00000000080064c8                I2C4_ER_IRQHandler
                0x00000000080064c8                DMA2_Stream6_IRQHandler
                0x00000000080064c8                SAI1_IRQHandler
                0x00000000080064c8                RTC_Alarm_IRQHandler
 *fill*         0x00000000080064ca        0x2 
 .text.__errno  0x00000000080064cc        0xc /Applications/STM32CubeIDE.app/Contents/Eclipse/plugins/com.st.stm32cube.ide.mcu.externaltools.gnu-tools-for-stm32.7-2018-q2-update.macos64_1.0.0.201904181610/tools/bin/../lib/gcc/arm-none-eabi/7.3.1/../../../../arm-none-eabi/lib/thumb/v7e-m/fpv4-sp/hard/libc_nano.a(lib_a-errno.o)
                0x00000000080064cc                __errno
 .text.__libc_init_array
                0x00000000080064d8       0x48 /Applications/STM32CubeIDE.app/Contents/Eclipse/plugins/com.st.stm32cube.ide.mcu.externaltools.gnu-tools-for-stm32.7-2018-q2-update.macos64_1.0.0.201904181610/tools/bin/../lib/gcc/arm-none-eabi/7.3.1/../../../../arm-none-eabi/lib/thumb/v7e-m/fpv4-sp/hard/libc_nano.a(lib_a-init.o)
                0x00000000080064d8                __libc_init_array
 .text.memcpy   0x0000000008006520       0x16 /Applications/STM32CubeIDE.app/Contents/Eclipse/plugins/com.st.stm32cube.ide.mcu.externaltools.gnu-tools-for-stm32.7-2018-q2-update.macos64_1.0.0.201904181610/tools/bin/../lib/gcc/arm-none-eabi/7.3.1/../../../../arm-none-eabi/lib/thumb/v7e-m/fpv4-sp/hard/libc_nano.a(lib_a-memcpy-stub.o)
                0x0000000008006520                memcpy
 .text.memset   0x0000000008006536       0x10 /Applications/STM32CubeIDE.app/Contents/Eclipse/plugins/com.st.stm32cube.ide.mcu.externaltools.gnu-tools-for-stm32.7-2018-q2-update.macos64_1.0.0.201904181610/tools/bin/../lib/gcc/arm-none-eabi/7.3.1/../../../../arm-none-eabi/lib/thumb/v7e-m/fpv4-sp/hard/libc_nano.a(lib_a-memset.o)
                0x0000000008006536                memset
 .text.__cvt    0x0000000008006546       0xc2 /Applications/STM32CubeIDE.app/Contents/Eclipse/plugins/com.st.stm32cube.ide.mcu.externaltools.gnu-tools-for-stm32.7-2018-q2-update.macos64_1.0.0.201904181610/tools/bin/../lib/gcc/arm-none-eabi/7.3.1/../../../../arm-none-eabi/lib/thumb/v7e-m/fpv4-sp/hard/libc_nano.a(lib_a-nano-vfprintf_float.o)
                0x0000000008006546                __cvt
 .text.__exponent
                0x0000000008006608       0x66 /Applications/STM32CubeIDE.app/Contents/Eclipse/plugins/com.st.stm32cube.ide.mcu.externaltools.gnu-tools-for-stm32.7-2018-q2-update.macos64_1.0.0.201904181610/tools/bin/../lib/gcc/arm-none-eabi/7.3.1/../../../../arm-none-eabi/lib/thumb/v7e-m/fpv4-sp/hard/libc_nano.a(lib_a-nano-vfprintf_float.o)
                0x0000000008006608                __exponent
 *fill*         0x000000000800666e        0x2 
 .text._printf_float
                0x0000000008006670      0x480 /Applications/STM32CubeIDE.app/Contents/Eclipse/plugins/com.st.stm32cube.ide.mcu.externaltools.gnu-tools-for-stm32.7-2018-q2-update.macos64_1.0.0.201904181610/tools/bin/../lib/gcc/arm-none-eabi/7.3.1/../../../../arm-none-eabi/lib/thumb/v7e-m/fpv4-sp/hard/libc_nano.a(lib_a-nano-vfprintf_float.o)
                0x0000000008006670                _printf_float
 .text._printf_common
                0x0000000008006af0       0xea /Applications/STM32CubeIDE.app/Contents/Eclipse/plugins/com.st.stm32cube.ide.mcu.externaltools.gnu-tools-for-stm32.7-2018-q2-update.macos64_1.0.0.201904181610/tools/bin/../lib/gcc/arm-none-eabi/7.3.1/../../../../arm-none-eabi/lib/thumb/v7e-m/fpv4-sp/hard/libc_nano.a(lib_a-nano-vfprintf_i.o)
                0x0000000008006af0                _printf_common
 *fill*         0x0000000008006bda        0x2 
 .text._printf_i
                0x0000000008006bdc      0x224 /Applications/STM32CubeIDE.app/Contents/Eclipse/plugins/com.st.stm32cube.ide.mcu.externaltools.gnu-tools-for-stm32.7-2018-q2-update.macos64_1.0.0.201904181610/tools/bin/../lib/gcc/arm-none-eabi/7.3.1/../../../../arm-none-eabi/lib/thumb/v7e-m/fpv4-sp/hard/libc_nano.a(lib_a-nano-vfprintf_i.o)
                0x0000000008006bdc                _printf_i
 .text._scanf_float
                0x0000000008006e00      0x3c4 /Applications/STM32CubeIDE.app/Contents/Eclipse/plugins/com.st.stm32cube.ide.mcu.externaltools.gnu-tools-for-stm32.7-2018-q2-update.macos64_1.0.0.201904181610/tools/bin/../lib/gcc/arm-none-eabi/7.3.1/../../../../arm-none-eabi/lib/thumb/v7e-m/fpv4-sp/hard/libc_nano.a(lib_a-nano-vfscanf_float.o)
                0x0000000008006e00                _scanf_float
 .text.nanf     0x00000000080071c4        0xc /Applications/STM32CubeIDE.app/Contents/Eclipse/plugins/com.st.stm32cube.ide.mcu.externaltools.gnu-tools-for-stm32.7-2018-q2-update.macos64_1.0.0.201904181610/tools/bin/../lib/gcc/arm-none-eabi/7.3.1/../../../../arm-none-eabi/lib/thumb/v7e-m/fpv4-sp/hard/libc_nano.a(lib_a-sf_nan.o)
                0x00000000080071c4                nanf
 .text.sprintf  0x00000000080071d0       0x40 /Applications/STM32CubeIDE.app/Contents/Eclipse/plugins/com.st.stm32cube.ide.mcu.externaltools.gnu-tools-for-stm32.7-2018-q2-update.macos64_1.0.0.201904181610/tools/bin/../lib/gcc/arm-none-eabi/7.3.1/../../../../arm-none-eabi/lib/thumb/v7e-m/fpv4-sp/hard/libc_nano.a(lib_a-sprintf.o)
                0x00000000080071d0                sprintf
                0x00000000080071d0                siprintf
 .text.unlikely.sulp
                0x0000000008007210       0x38 /Applications/STM32CubeIDE.app/Contents/Eclipse/plugins/com.st.stm32cube.ide.mcu.externaltools.gnu-tools-for-stm32.7-2018-q2-update.macos64_1.0.0.201904181610/tools/bin/../lib/gcc/arm-none-eabi/7.3.1/../../../../arm-none-eabi/lib/thumb/v7e-m/fpv4-sp/hard/libc_nano.a(lib_a-strtod.o)
 .text._strtod_l
                0x0000000008007248      0xbe8 /Applications/STM32CubeIDE.app/Contents/Eclipse/plugins/com.st.stm32cube.ide.mcu.externaltools.gnu-tools-for-stm32.7-2018-q2-update.macos64_1.0.0.201904181610/tools/bin/../lib/gcc/arm-none-eabi/7.3.1/../../../../arm-none-eabi/lib/thumb/v7e-m/fpv4-sp/hard/libc_nano.a(lib_a-strtod.o)
                0x0000000008007248                _strtod_l
 .text._strtod_r
                0x0000000008007e30       0x20 /Applications/STM32CubeIDE.app/Contents/Eclipse/plugins/com.st.stm32cube.ide.mcu.externaltools.gnu-tools-for-stm32.7-2018-q2-update.macos64_1.0.0.201904181610/tools/bin/../lib/gcc/arm-none-eabi/7.3.1/../../../../arm-none-eabi/lib/thumb/v7e-m/fpv4-sp/hard/libc_nano.a(lib_a-strtod.o)
                0x0000000008007e30                _strtod_r
 .text._strtol_l.isra.0
                0x0000000008007e50       0xf6 /Applications/STM32CubeIDE.app/Contents/Eclipse/plugins/com.st.stm32cube.ide.mcu.externaltools.gnu-tools-for-stm32.7-2018-q2-update.macos64_1.0.0.201904181610/tools/bin/../lib/gcc/arm-none-eabi/7.3.1/../../../../arm-none-eabi/lib/thumb/v7e-m/fpv4-sp/hard/libc_nano.a(lib_a-strtol.o)
 *fill*         0x0000000008007f46        0x2 
 .text._strtol_r
                0x0000000008007f48       0x24 /Applications/STM32CubeIDE.app/Contents/Eclipse/plugins/com.st.stm32cube.ide.mcu.externaltools.gnu-tools-for-stm32.7-2018-q2-update.macos64_1.0.0.201904181610/tools/bin/../lib/gcc/arm-none-eabi/7.3.1/../../../../arm-none-eabi/lib/thumb/v7e-m/fpv4-sp/hard/libc_nano.a(lib_a-strtol.o)
                0x0000000008007f48                _strtol_r
 .text.quorem   0x0000000008007f6c      0x118 /Applications/STM32CubeIDE.app/Contents/Eclipse/plugins/com.st.stm32cube.ide.mcu.externaltools.gnu-tools-for-stm32.7-2018-q2-update.macos64_1.0.0.201904181610/tools/bin/../lib/gcc/arm-none-eabi/7.3.1/../../../../arm-none-eabi/lib/thumb/v7e-m/fpv4-sp/hard/libc_nano.a(lib_a-dtoa.o)
 *fill*         0x0000000008008084        0x4 
 .text._dtoa_r  0x0000000008008088      0xb70 /Applications/STM32CubeIDE.app/Contents/Eclipse/plugins/com.st.stm32cube.ide.mcu.externaltools.gnu-tools-for-stm32.7-2018-q2-update.macos64_1.0.0.201904181610/tools/bin/../lib/gcc/arm-none-eabi/7.3.1/../../../../arm-none-eabi/lib/thumb/v7e-m/fpv4-sp/hard/libc_nano.a(lib_a-dtoa.o)
                0x0000000008008088                _dtoa_r
 .text.rshift   0x0000000008008bf8       0x74 /Applications/STM32CubeIDE.app/Contents/Eclipse/plugins/com.st.stm32cube.ide.mcu.externaltools.gnu-tools-for-stm32.7-2018-q2-update.macos64_1.0.0.201904181610/tools/bin/../lib/gcc/arm-none-eabi/7.3.1/../../../../arm-none-eabi/lib/thumb/v7e-m/fpv4-sp/hard/libc_nano.a(lib_a-gdtoa-gethex.o)
 .text.__hexdig_fun
                0x0000000008008c6c       0x2a /Applications/STM32CubeIDE.app/Contents/Eclipse/plugins/com.st.stm32cube.ide.mcu.externaltools.gnu-tools-for-stm32.7-2018-q2-update.macos64_1.0.0.201904181610/tools/bin/../lib/gcc/arm-none-eabi/7.3.1/../../../../arm-none-eabi/lib/thumb/v7e-m/fpv4-sp/hard/libc_nano.a(lib_a-gdtoa-gethex.o)
                0x0000000008008c6c                __hexdig_fun
 .text.__gethex
                0x0000000008008c96      0x442 /Applications/STM32CubeIDE.app/Contents/Eclipse/plugins/com.st.stm32cube.ide.mcu.externaltools.gnu-tools-for-stm32.7-2018-q2-update.macos64_1.0.0.201904181610/tools/bin/../lib/gcc/arm-none-eabi/7.3.1/../../../../arm-none-eabi/lib/thumb/v7e-m/fpv4-sp/hard/libc_nano.a(lib_a-gdtoa-gethex.o)
                0x0000000008008c96                __gethex
 .text.L_shift  0x00000000080090d8       0x24 /Applications/STM32CubeIDE.app/Contents/Eclipse/plugins/com.st.stm32cube.ide.mcu.externaltools.gnu-tools-for-stm32.7-2018-q2-update.macos64_1.0.0.201904181610/tools/bin/../lib/gcc/arm-none-eabi/7.3.1/../../../../arm-none-eabi/lib/thumb/v7e-m/fpv4-sp/hard/libc_nano.a(lib_a-gdtoa-hexnan.o)
 .text.__match  0x00000000080090fc       0x28 /Applications/STM32CubeIDE.app/Contents/Eclipse/plugins/com.st.stm32cube.ide.mcu.externaltools.gnu-tools-for-stm32.7-2018-q2-update.macos64_1.0.0.201904181610/tools/bin/../lib/gcc/arm-none-eabi/7.3.1/../../../../arm-none-eabi/lib/thumb/v7e-m/fpv4-sp/hard/libc_nano.a(lib_a-gdtoa-hexnan.o)
                0x00000000080090fc                __match
 .text.__hexnan
                0x0000000008009124      0x120 /Applications/STM32CubeIDE.app/Contents/Eclipse/plugins/com.st.stm32cube.ide.mcu.externaltools.gnu-tools-for-stm32.7-2018-q2-update.macos64_1.0.0.201904181610/tools/bin/../lib/gcc/arm-none-eabi/7.3.1/../../../../arm-none-eabi/lib/thumb/v7e-m/fpv4-sp/hard/libc_nano.a(lib_a-gdtoa-hexnan.o)
                0x0000000008009124                __hexnan
 .text.__locale_ctype_ptr_l
                0x0000000008009244        0x6 /Applications/STM32CubeIDE.app/Contents/Eclipse/plugins/com.st.stm32cube.ide.mcu.externaltools.gnu-tools-for-stm32.7-2018-q2-update.macos64_1.0.0.201904181610/tools/bin/../lib/gcc/arm-none-eabi/7.3.1/../../../../arm-none-eabi/lib/thumb/v7e-m/fpv4-sp/hard/libc_nano.a(lib_a-locale.o)
                0x0000000008009244                __locale_ctype_ptr_l
 .text.__localeconv_l
                0x000000000800924a        0x4 /Applications/STM32CubeIDE.app/Contents/Eclipse/plugins/com.st.stm32cube.ide.mcu.externaltools.gnu-tools-for-stm32.7-2018-q2-update.macos64_1.0.0.201904181610/tools/bin/../lib/gcc/arm-none-eabi/7.3.1/../../../../arm-none-eabi/lib/thumb/v7e-m/fpv4-sp/hard/libc_nano.a(lib_a-localeconv.o)
                0x000000000800924a                __localeconv_l
 *fill*         0x000000000800924e        0x2 
 .text._localeconv_r
                0x0000000008009250       0x1c /Applications/STM32CubeIDE.app/Contents/Eclipse/plugins/com.st.stm32cube.ide.mcu.externaltools.gnu-tools-for-stm32.7-2018-q2-update.macos64_1.0.0.201904181610/tools/bin/../lib/gcc/arm-none-eabi/7.3.1/../../../../arm-none-eabi/lib/thumb/v7e-m/fpv4-sp/hard/libc_nano.a(lib_a-localeconv.o)
                0x0000000008009250                _localeconv_r
 .text.malloc   0x000000000800926c       0x10 /Applications/STM32CubeIDE.app/Contents/Eclipse/plugins/com.st.stm32cube.ide.mcu.externaltools.gnu-tools-for-stm32.7-2018-q2-update.macos64_1.0.0.201904181610/tools/bin/../lib/gcc/arm-none-eabi/7.3.1/../../../../arm-none-eabi/lib/thumb/v7e-m/fpv4-sp/hard/libc_nano.a(lib_a-malloc.o)
                0x000000000800926c                malloc
 .text.__ascii_mbtowc
                0x000000000800927c       0x24 /Applications/STM32CubeIDE.app/Contents/Eclipse/plugins/com.st.stm32cube.ide.mcu.externaltools.gnu-tools-for-stm32.7-2018-q2-update.macos64_1.0.0.201904181610/tools/bin/../lib/gcc/arm-none-eabi/7.3.1/../../../../arm-none-eabi/lib/thumb/v7e-m/fpv4-sp/hard/libc_nano.a(lib_a-mbtowc_r.o)
                0x000000000800927c                __ascii_mbtowc
 .text._Balloc  0x00000000080092a0       0x68 /Applications/STM32CubeIDE.app/Contents/Eclipse/plugins/com.st.stm32cube.ide.mcu.externaltools.gnu-tools-for-stm32.7-2018-q2-update.macos64_1.0.0.201904181610/tools/bin/../lib/gcc/arm-none-eabi/7.3.1/../../../../arm-none-eabi/lib/thumb/v7e-m/fpv4-sp/hard/libc_nano.a(lib_a-mprec.o)
                0x00000000080092a0                _Balloc
 .text._Bfree   0x0000000008009308       0x2e /Applications/STM32CubeIDE.app/Contents/Eclipse/plugins/com.st.stm32cube.ide.mcu.externaltools.gnu-tools-for-stm32.7-2018-q2-update.macos64_1.0.0.201904181610/tools/bin/../lib/gcc/arm-none-eabi/7.3.1/../../../../arm-none-eabi/lib/thumb/v7e-m/fpv4-sp/hard/libc_nano.a(lib_a-mprec.o)
                0x0000000008009308                _Bfree
 .text.__multadd
                0x0000000008009336       0x76 /Applications/STM32CubeIDE.app/Contents/Eclipse/plugins/com.st.stm32cube.ide.mcu.externaltools.gnu-tools-for-stm32.7-2018-q2-update.macos64_1.0.0.201904181610/tools/bin/../lib/gcc/arm-none-eabi/7.3.1/../../../../arm-none-eabi/lib/thumb/v7e-m/fpv4-sp/hard/libc_nano.a(lib_a-mprec.o)
                0x0000000008009336                __multadd
 .text.__s2b    0x00000000080093ac       0x7c /Applications/STM32CubeIDE.app/Contents/Eclipse/plugins/com.st.stm32cube.ide.mcu.externaltools.gnu-tools-for-stm32.7-2018-q2-update.macos64_1.0.0.201904181610/tools/bin/../lib/gcc/arm-none-eabi/7.3.1/../../../../arm-none-eabi/lib/thumb/v7e-m/fpv4-sp/hard/libc_nano.a(lib_a-mprec.o)
                0x00000000080093ac                __s2b
 .text.__hi0bits
                0x0000000008009428       0x3e /Applications/STM32CubeIDE.app/Contents/Eclipse/plugins/com.st.stm32cube.ide.mcu.externaltools.gnu-tools-for-stm32.7-2018-q2-update.macos64_1.0.0.201904181610/tools/bin/../lib/gcc/arm-none-eabi/7.3.1/../../../../arm-none-eabi/lib/thumb/v7e-m/fpv4-sp/hard/libc_nano.a(lib_a-mprec.o)
                0x0000000008009428                __hi0bits
 .text.__lo0bits
                0x0000000008009466       0x5e /Applications/STM32CubeIDE.app/Contents/Eclipse/plugins/com.st.stm32cube.ide.mcu.externaltools.gnu-tools-for-stm32.7-2018-q2-update.macos64_1.0.0.201904181610/tools/bin/../lib/gcc/arm-none-eabi/7.3.1/../../../../arm-none-eabi/lib/thumb/v7e-m/fpv4-sp/hard/libc_nano.a(lib_a-mprec.o)
                0x0000000008009466                __lo0bits
 .text.__i2b    0x00000000080094c4       0x12 /Applications/STM32CubeIDE.app/Contents/Eclipse/plugins/com.st.stm32cube.ide.mcu.externaltools.gnu-tools-for-stm32.7-2018-q2-update.macos64_1.0.0.201904181610/tools/bin/../lib/gcc/arm-none-eabi/7.3.1/../../../../arm-none-eabi/lib/thumb/v7e-m/fpv4-sp/hard/libc_nano.a(lib_a-mprec.o)
                0x00000000080094c4                __i2b
 .text.__multiply
                0x00000000080094d6      0x12c /Applications/STM32CubeIDE.app/Contents/Eclipse/plugins/com.st.stm32cube.ide.mcu.externaltools.gnu-tools-for-stm32.7-2018-q2-update.macos64_1.0.0.201904181610/tools/bin/../lib/gcc/arm-none-eabi/7.3.1/../../../../arm-none-eabi/lib/thumb/v7e-m/fpv4-sp/hard/libc_nano.a(lib_a-mprec.o)
                0x00000000080094d6                __multiply
 *fill*         0x0000000008009602        0x2 
 .text.__pow5mult
                0x0000000008009604       0x9c /Applications/STM32CubeIDE.app/Contents/Eclipse/plugins/com.st.stm32cube.ide.mcu.externaltools.gnu-tools-for-stm32.7-2018-q2-update.macos64_1.0.0.201904181610/tools/bin/../lib/gcc/arm-none-eabi/7.3.1/../../../../arm-none-eabi/lib/thumb/v7e-m/fpv4-sp/hard/libc_nano.a(lib_a-mprec.o)
                0x0000000008009604                __pow5mult
 .text.__lshift
                0x00000000080096a0       0xa8 /Applications/STM32CubeIDE.app/Contents/Eclipse/plugins/com.st.stm32cube.ide.mcu.externaltools.gnu-tools-for-stm32.7-2018-q2-update.macos64_1.0.0.201904181610/tools/bin/../lib/gcc/arm-none-eabi/7.3.1/../../../../arm-none-eabi/lib/thumb/v7e-m/fpv4-sp/hard/libc_nano.a(lib_a-mprec.o)
                0x00000000080096a0                __lshift
 .text.__mcmp   0x0000000008009748       0x34 /Applications/STM32CubeIDE.app/Contents/Eclipse/plugins/com.st.stm32cube.ide.mcu.externaltools.gnu-tools-for-stm32.7-2018-q2-update.macos64_1.0.0.201904181610/tools/bin/../lib/gcc/arm-none-eabi/7.3.1/../../../../arm-none-eabi/lib/thumb/v7e-m/fpv4-sp/hard/libc_nano.a(lib_a-mprec.o)
                0x0000000008009748                __mcmp
 .text.__mdiff  0x000000000800977c       0xba /Applications/STM32CubeIDE.app/Contents/Eclipse/plugins/com.st.stm32cube.ide.mcu.externaltools.gnu-tools-for-stm32.7-2018-q2-update.macos64_1.0.0.201904181610/tools/bin/../lib/gcc/arm-none-eabi/7.3.1/../../../../arm-none-eabi/lib/thumb/v7e-m/fpv4-sp/hard/libc_nano.a(lib_a-mprec.o)
                0x000000000800977c                __mdiff
 *fill*         0x0000000008009836        0x2 
 .text.__ulp    0x0000000008009838       0x50 /Applications/STM32CubeIDE.app/Contents/Eclipse/plugins/com.st.stm32cube.ide.mcu.externaltools.gnu-tools-for-stm32.7-2018-q2-update.macos64_1.0.0.201904181610/tools/bin/../lib/gcc/arm-none-eabi/7.3.1/../../../../arm-none-eabi/lib/thumb/v7e-m/fpv4-sp/hard/libc_nano.a(lib_a-mprec.o)
                0x0000000008009838                __ulp
 .text.__b2d    0x0000000008009888       0x9c /Applications/STM32CubeIDE.app/Contents/Eclipse/plugins/com.st.stm32cube.ide.mcu.externaltools.gnu-tools-for-stm32.7-2018-q2-update.macos64_1.0.0.201904181610/tools/bin/../lib/gcc/arm-none-eabi/7.3.1/../../../../arm-none-eabi/lib/thumb/v7e-m/fpv4-sp/hard/libc_nano.a(lib_a-mprec.o)
                0x0000000008009888                __b2d
 .text.__d2b    0x0000000008009924       0x9e /Applications/STM32CubeIDE.app/Contents/Eclipse/plugins/com.st.stm32cube.ide.mcu.externaltools.gnu-tools-for-stm32.7-2018-q2-update.macos64_1.0.0.201904181610/tools/bin/../lib/gcc/arm-none-eabi/7.3.1/../../../../arm-none-eabi/lib/thumb/v7e-m/fpv4-sp/hard/libc_nano.a(lib_a-mprec.o)
                0x0000000008009924                __d2b
 .text.__ratio  0x00000000080099c2       0x66 /Applications/STM32CubeIDE.app/Contents/Eclipse/plugins/com.st.stm32cube.ide.mcu.externaltools.gnu-tools-for-stm32.7-2018-q2-update.macos64_1.0.0.201904181610/tools/bin/../lib/gcc/arm-none-eabi/7.3.1/../../../../arm-none-eabi/lib/thumb/v7e-m/fpv4-sp/hard/libc_nano.a(lib_a-mprec.o)
                0x00000000080099c2                __ratio
 .text.__copybits
                0x0000000008009a28       0x34 /Applications/STM32CubeIDE.app/Contents/Eclipse/plugins/com.st.stm32cube.ide.mcu.externaltools.gnu-tools-for-stm32.7-2018-q2-update.macos64_1.0.0.201904181610/tools/bin/../lib/gcc/arm-none-eabi/7.3.1/../../../../arm-none-eabi/lib/thumb/v7e-m/fpv4-sp/hard/libc_nano.a(lib_a-mprec.o)
                0x0000000008009a28                __copybits
 .text.__any_on
                0x0000000008009a5c       0x42 /Applications/STM32CubeIDE.app/Contents/Eclipse/plugins/com.st.stm32cube.ide.mcu.externaltools.gnu-tools-for-stm32.7-2018-q2-update.macos64_1.0.0.201904181610/tools/bin/../lib/gcc/arm-none-eabi/7.3.1/../../../../arm-none-eabi/lib/thumb/v7e-m/fpv4-sp/hard/libc_nano.a(lib_a-mprec.o)
                0x0000000008009a5c                __any_on
 .text._calloc_r
                0x0000000008009a9e       0x1c /Applications/STM32CubeIDE.app/Contents/Eclipse/plugins/com.st.stm32cube.ide.mcu.externaltools.gnu-tools-for-stm32.7-2018-q2-update.macos64_1.0.0.201904181610/tools/bin/../lib/gcc/arm-none-eabi/7.3.1/../../../../arm-none-eabi/lib/thumb/v7e-m/fpv4-sp/hard/libc_nano.a(lib_a-nano-callocr.o)
                0x0000000008009a9e                _calloc_r
 *fill*         0x0000000008009aba        0x2 
 .text._free_r  0x0000000008009abc       0x9c /Applications/STM32CubeIDE.app/Contents/Eclipse/plugins/com.st.stm32cube.ide.mcu.externaltools.gnu-tools-for-stm32.7-2018-q2-update.macos64_1.0.0.201904181610/tools/bin/../lib/gcc/arm-none-eabi/7.3.1/../../../../arm-none-eabi/lib/thumb/v7e-m/fpv4-sp/hard/libc_nano.a(lib_a-nano-freer.o)
                0x0000000008009abc                _free_r
 .text._malloc_r
                0x0000000008009b58       0xb4 /Applications/STM32CubeIDE.app/Contents/Eclipse/plugins/com.st.stm32cube.ide.mcu.externaltools.gnu-tools-for-stm32.7-2018-q2-update.macos64_1.0.0.201904181610/tools/bin/../lib/gcc/arm-none-eabi/7.3.1/../../../../arm-none-eabi/lib/thumb/v7e-m/fpv4-sp/hard/libc_nano.a(lib_a-nano-mallocr.o)
                0x0000000008009b58                _malloc_r
 .text.__ssputs_r
                0x0000000008009c0c       0xb4 /Applications/STM32CubeIDE.app/Contents/Eclipse/plugins/com.st.stm32cube.ide.mcu.externaltools.gnu-tools-for-stm32.7-2018-q2-update.macos64_1.0.0.201904181610/tools/bin/../lib/gcc/arm-none-eabi/7.3.1/../../../../arm-none-eabi/lib/thumb/v7e-m/fpv4-sp/hard/libc_nano.a(lib_a-nano-svfprintf.o)
                0x0000000008009c0c                __ssputs_r
 .text._svfprintf_r
                0x0000000008009cc0      0x1f0 /Applications/STM32CubeIDE.app/Contents/Eclipse/plugins/com.st.stm32cube.ide.mcu.externaltools.gnu-tools-for-stm32.7-2018-q2-update.macos64_1.0.0.201904181610/tools/bin/../lib/gcc/arm-none-eabi/7.3.1/../../../../arm-none-eabi/lib/thumb/v7e-m/fpv4-sp/hard/libc_nano.a(lib_a-nano-svfprintf.o)
                0x0000000008009cc0                _svfprintf_r
                0x0000000008009cc0                _svfiprintf_r
 .text._sbrk_r  0x0000000008009eb0       0x20 /Applications/STM32CubeIDE.app/Contents/Eclipse/plugins/com.st.stm32cube.ide.mcu.externaltools.gnu-tools-for-stm32.7-2018-q2-update.macos64_1.0.0.201904181610/tools/bin/../lib/gcc/arm-none-eabi/7.3.1/../../../../arm-none-eabi/lib/thumb/v7e-m/fpv4-sp/hard/libc_nano.a(lib_a-sbrkr.o)
                0x0000000008009eb0                _sbrk_r
 .text.strncmp  0x0000000008009ed0       0x24 /Applications/STM32CubeIDE.app/Contents/Eclipse/plugins/com.st.stm32cube.ide.mcu.externaltools.gnu-tools-for-stm32.7-2018-q2-update.macos64_1.0.0.201904181610/tools/bin/../lib/gcc/arm-none-eabi/7.3.1/../../../../arm-none-eabi/lib/thumb/v7e-m/fpv4-sp/hard/libc_nano.a(lib_a-strncmp.o)
                0x0000000008009ed0                strncmp
 .text.__ascii_wctomb
                0x0000000008009ef4       0x1a /Applications/STM32CubeIDE.app/Contents/Eclipse/plugins/com.st.stm32cube.ide.mcu.externaltools.gnu-tools-for-stm32.7-2018-q2-update.macos64_1.0.0.201904181610/tools/bin/../lib/gcc/arm-none-eabi/7.3.1/../../../../arm-none-eabi/lib/thumb/v7e-m/fpv4-sp/hard/libc_nano.a(lib_a-wctomb_r.o)
                0x0000000008009ef4                __ascii_wctomb
 .text.memmove  0x0000000008009f0e       0x32 /Applications/STM32CubeIDE.app/Contents/Eclipse/plugins/com.st.stm32cube.ide.mcu.externaltools.gnu-tools-for-stm32.7-2018-q2-update.macos64_1.0.0.201904181610/tools/bin/../lib/gcc/arm-none-eabi/7.3.1/../../../../arm-none-eabi/lib/thumb/v7e-m/fpv4-sp/hard/libc_nano.a(lib_a-memmove.o)
                0x0000000008009f0e                memmove
 .text.__malloc_lock
                0x0000000008009f40        0x2 /Applications/STM32CubeIDE.app/Contents/Eclipse/plugins/com.st.stm32cube.ide.mcu.externaltools.gnu-tools-for-stm32.7-2018-q2-update.macos64_1.0.0.201904181610/tools/bin/../lib/gcc/arm-none-eabi/7.3.1/../../../../arm-none-eabi/lib/thumb/v7e-m/fpv4-sp/hard/libc_nano.a(lib_a-mlock.o)
                0x0000000008009f40                __malloc_lock
 .text.__malloc_unlock
                0x0000000008009f42        0x2 /Applications/STM32CubeIDE.app/Contents/Eclipse/plugins/com.st.stm32cube.ide.mcu.externaltools.gnu-tools-for-stm32.7-2018-q2-update.macos64_1.0.0.201904181610/tools/bin/../lib/gcc/arm-none-eabi/7.3.1/../../../../arm-none-eabi/lib/thumb/v7e-m/fpv4-sp/hard/libc_nano.a(lib_a-mlock.o)
                0x0000000008009f42                __malloc_unlock
 .text._realloc_r
                0x0000000008009f44       0x4c /Applications/STM32CubeIDE.app/Contents/Eclipse/plugins/com.st.stm32cube.ide.mcu.externaltools.gnu-tools-for-stm32.7-2018-q2-update.macos64_1.0.0.201904181610/tools/bin/../lib/gcc/arm-none-eabi/7.3.1/../../../../arm-none-eabi/lib/thumb/v7e-m/fpv4-sp/hard/libc_nano.a(lib_a-nano-reallocr.o)
                0x0000000008009f44                _realloc_r
 .text._malloc_usable_size_r
                0x0000000008009f90       0x10 /Applications/STM32CubeIDE.app/Contents/Eclipse/plugins/com.st.stm32cube.ide.mcu.externaltools.gnu-tools-for-stm32.7-2018-q2-update.macos64_1.0.0.201904181610/tools/bin/../lib/gcc/arm-none-eabi/7.3.1/../../../../arm-none-eabi/lib/thumb/v7e-m/fpv4-sp/hard/libc_nano.a(lib_a-nano-msizer.o)
                0x0000000008009f90                _malloc_usable_size_r
 .text.round    0x0000000008009fa0       0x94 /Applications/STM32CubeIDE.app/Contents/Eclipse/plugins/com.st.stm32cube.ide.mcu.externaltools.gnu-tools-for-stm32.7-2018-q2-update.macos64_1.0.0.201904181610/tools/bin/../lib/gcc/arm-none-eabi/7.3.1/../../../../arm-none-eabi/lib/thumb/v7e-m/fpv4-sp/hard/libm.a(lib_a-s_round.o)
                0x0000000008009fa0                round
 *(.glue_7)
 .glue_7        0x000000000800a034        0x0 linker stubs
 *(.glue_7t)
 .glue_7t       0x000000000800a034        0x0 linker stubs
 *(.eh_frame)
 .eh_frame      0x000000000800a034        0x0 /Applications/STM32CubeIDE.app/Contents/Eclipse/plugins/com.st.stm32cube.ide.mcu.externaltools.gnu-tools-for-stm32.7-2018-q2-update.macos64_1.0.0.201904181610/tools/bin/../lib/gcc/arm-none-eabi/7.3.1/thumb/v7e-m/fpv4-sp/hard/crtbegin.o
 *(.init)
 .init          0x000000000800a034        0x4 /Applications/STM32CubeIDE.app/Contents/Eclipse/plugins/com.st.stm32cube.ide.mcu.externaltools.gnu-tools-for-stm32.7-2018-q2-update.macos64_1.0.0.201904181610/tools/bin/../lib/gcc/arm-none-eabi/7.3.1/thumb/v7e-m/fpv4-sp/hard/crti.o
                0x000000000800a034                _init
 .init          0x000000000800a038        0x8 /Applications/STM32CubeIDE.app/Contents/Eclipse/plugins/com.st.stm32cube.ide.mcu.externaltools.gnu-tools-for-stm32.7-2018-q2-update.macos64_1.0.0.201904181610/tools/bin/../lib/gcc/arm-none-eabi/7.3.1/thumb/v7e-m/fpv4-sp/hard/crtn.o
 *(.fini)
 .fini          0x000000000800a040        0x4 /Applications/STM32CubeIDE.app/Contents/Eclipse/plugins/com.st.stm32cube.ide.mcu.externaltools.gnu-tools-for-stm32.7-2018-q2-update.macos64_1.0.0.201904181610/tools/bin/../lib/gcc/arm-none-eabi/7.3.1/thumb/v7e-m/fpv4-sp/hard/crti.o
                0x000000000800a040                _fini
 .fini          0x000000000800a044        0x8 /Applications/STM32CubeIDE.app/Contents/Eclipse/plugins/com.st.stm32cube.ide.mcu.externaltools.gnu-tools-for-stm32.7-2018-q2-update.macos64_1.0.0.201904181610/tools/bin/../lib/gcc/arm-none-eabi/7.3.1/thumb/v7e-m/fpv4-sp/hard/crtn.o
                0x000000000800a04c                . = ALIGN (0x4)
                0x000000000800a04c                _etext = .

.vfp11_veneer   0x000000000800a04c        0x0
 .vfp11_veneer  0x000000000800a04c        0x0 linker stubs

.v4_bx          0x000000000800a04c        0x0
 .v4_bx         0x000000000800a04c        0x0 linker stubs

.iplt           0x000000000800a04c        0x0
 .iplt          0x000000000800a04c        0x0 /Applications/STM32CubeIDE.app/Contents/Eclipse/plugins/com.st.stm32cube.ide.mcu.externaltools.gnu-tools-for-stm32.7-2018-q2-update.macos64_1.0.0.201904181610/tools/bin/../lib/gcc/arm-none-eabi/7.3.1/thumb/v7e-m/fpv4-sp/hard/crtbegin.o

.rodata         0x000000000800a050      0x780
                0x000000000800a050                . = ALIGN (0x4)
 *(.rodata)
 *(.rodata*)
 .rodata.printRadioSettings.str1.4
                0x000000000800a050      0x447 Drivers/MY_NRF24.o
 *fill*         0x000000000800a497        0x1 
 .rodata.flagBitshiftOffset.9607
                0x000000000800a498        0x8 Drivers/STM32F7xx_HAL_Driver/Src/stm32f7xx_hal_dma.o
 .rodata.HAL_TIM_PeriodElapsedCallback.str1.4
                0x000000000800a4a0       0x30 Src/main.o
                                         0x2f (size before relaxing)
 .rodata.rot_enc_table.11943
                0x000000000800a4d0       0x10 Src/main.o
 .rodata.rot_enc_table.11946
                0x000000000800a4e0       0x10 Src/main.o
 .rodata.rot_enc_table.11949
                0x000000000800a4f0       0x10 Src/main.o
 .rodata.AHBPrescTable
                0x000000000800a500       0x10 Src/system_stm32f7xx.o
                0x000000000800a500                AHBPrescTable
 .rodata.APBPrescTable
                0x000000000800a510        0x8 Src/system_stm32f7xx.o
                0x000000000800a510                APBPrescTable
 .rodata._printf_float.str1.1
                0x000000000800a518       0x12 /Applications/STM32CubeIDE.app/Contents/Eclipse/plugins/com.st.stm32cube.ide.mcu.externaltools.gnu-tools-for-stm32.7-2018-q2-update.macos64_1.0.0.201904181610/tools/bin/../lib/gcc/arm-none-eabi/7.3.1/../../../../arm-none-eabi/lib/thumb/v7e-m/fpv4-sp/hard/libc_nano.a(lib_a-nano-vfprintf_float.o)
 .rodata._printf_i.str1.1
                0x000000000800a52a       0x22 /Applications/STM32CubeIDE.app/Contents/Eclipse/plugins/com.st.stm32cube.ide.mcu.externaltools.gnu-tools-for-stm32.7-2018-q2-update.macos64_1.0.0.201904181610/tools/bin/../lib/gcc/arm-none-eabi/7.3.1/../../../../arm-none-eabi/lib/thumb/v7e-m/fpv4-sp/hard/libc_nano.a(lib_a-nano-vfprintf_i.o)
 .rodata._scanf_float.str1.1
                0x000000000800a54c        0x5 /Applications/STM32CubeIDE.app/Contents/Eclipse/plugins/com.st.stm32cube.ide.mcu.externaltools.gnu-tools-for-stm32.7-2018-q2-update.macos64_1.0.0.201904181610/tools/bin/../lib/gcc/arm-none-eabi/7.3.1/../../../../arm-none-eabi/lib/thumb/v7e-m/fpv4-sp/hard/libc_nano.a(lib_a-nano-vfscanf_float.o)
 .rodata._strtod_l.str1.1
                0x000000000800a551        0x5 /Applications/STM32CubeIDE.app/Contents/Eclipse/plugins/com.st.stm32cube.ide.mcu.externaltools.gnu-tools-for-stm32.7-2018-q2-update.macos64_1.0.0.201904181610/tools/bin/../lib/gcc/arm-none-eabi/7.3.1/../../../../arm-none-eabi/lib/thumb/v7e-m/fpv4-sp/hard/libc_nano.a(lib_a-strtod.o)
                                          0xc (size before relaxing)
 *fill*         0x000000000800a551        0x3 
 .rodata.fpi.7435
                0x000000000800a554       0x14 /Applications/STM32CubeIDE.app/Contents/Eclipse/plugins/com.st.stm32cube.ide.mcu.externaltools.gnu-tools-for-stm32.7-2018-q2-update.macos64_1.0.0.201904181610/tools/bin/../lib/gcc/arm-none-eabi/7.3.1/../../../../arm-none-eabi/lib/thumb/v7e-m/fpv4-sp/hard/libc_nano.a(lib_a-strtod.o)
 .rodata.fpinan.7471
                0x000000000800a568       0x14 /Applications/STM32CubeIDE.app/Contents/Eclipse/plugins/com.st.stm32cube.ide.mcu.externaltools.gnu-tools-for-stm32.7-2018-q2-update.macos64_1.0.0.201904181610/tools/bin/../lib/gcc/arm-none-eabi/7.3.1/../../../../arm-none-eabi/lib/thumb/v7e-m/fpv4-sp/hard/libc_nano.a(lib_a-strtod.o)
 *fill*         0x000000000800a57c        0x4 
 .rodata.tinytens
                0x000000000800a580       0x28 /Applications/STM32CubeIDE.app/Contents/Eclipse/plugins/com.st.stm32cube.ide.mcu.externaltools.gnu-tools-for-stm32.7-2018-q2-update.macos64_1.0.0.201904181610/tools/bin/../lib/gcc/arm-none-eabi/7.3.1/../../../../arm-none-eabi/lib/thumb/v7e-m/fpv4-sp/hard/libc_nano.a(lib_a-strtod.o)
 .rodata._dtoa_r.str1.1
                0x000000000800a5a8        0xd /Applications/STM32CubeIDE.app/Contents/Eclipse/plugins/com.st.stm32cube.ide.mcu.externaltools.gnu-tools-for-stm32.7-2018-q2-update.macos64_1.0.0.201904181610/tools/bin/../lib/gcc/arm-none-eabi/7.3.1/../../../../arm-none-eabi/lib/thumb/v7e-m/fpv4-sp/hard/libc_nano.a(lib_a-dtoa.o)
                                          0xf (size before relaxing)
 .rodata._setlocale_r.str1.1
                0x000000000800a5b5        0x8 /Applications/STM32CubeIDE.app/Contents/Eclipse/plugins/com.st.stm32cube.ide.mcu.externaltools.gnu-tools-for-stm32.7-2018-q2-update.macos64_1.0.0.201904181610/tools/bin/../lib/gcc/arm-none-eabi/7.3.1/../../../../arm-none-eabi/lib/thumb/v7e-m/fpv4-sp/hard/libc_nano.a(lib_a-locale.o)
                                          0x9 (size before relaxing)
 .rodata.str1.1
                0x000000000800a5bd        0x2 /Applications/STM32CubeIDE.app/Contents/Eclipse/plugins/com.st.stm32cube.ide.mcu.externaltools.gnu-tools-for-stm32.7-2018-q2-update.macos64_1.0.0.201904181610/tools/bin/../lib/gcc/arm-none-eabi/7.3.1/../../../../arm-none-eabi/lib/thumb/v7e-m/fpv4-sp/hard/libc_nano.a(lib_a-locale.o)
 *fill*         0x000000000800a5bf        0x1 
 .rodata.__mprec_bigtens
                0x000000000800a5c0       0x28 /Applications/STM32CubeIDE.app/Contents/Eclipse/plugins/com.st.stm32cube.ide.mcu.externaltools.gnu-tools-for-stm32.7-2018-q2-update.macos64_1.0.0.201904181610/tools/bin/../lib/gcc/arm-none-eabi/7.3.1/../../../../arm-none-eabi/lib/thumb/v7e-m/fpv4-sp/hard/libc_nano.a(lib_a-mprec.o)
                0x000000000800a5c0                __mprec_bigtens
 .rodata.__mprec_tens
                0x000000000800a5e8       0xc8 /Applications/STM32CubeIDE.app/Contents/Eclipse/plugins/com.st.stm32cube.ide.mcu.externaltools.gnu-tools-for-stm32.7-2018-q2-update.macos64_1.0.0.201904181610/tools/bin/../lib/gcc/arm-none-eabi/7.3.1/../../../../arm-none-eabi/lib/thumb/v7e-m/fpv4-sp/hard/libc_nano.a(lib_a-mprec.o)
                0x000000000800a5e8                __mprec_tens
 .rodata.p05.7359
                0x000000000800a6b0        0xc /Applications/STM32CubeIDE.app/Contents/Eclipse/plugins/com.st.stm32cube.ide.mcu.externaltools.gnu-tools-for-stm32.7-2018-q2-update.macos64_1.0.0.201904181610/tools/bin/../lib/gcc/arm-none-eabi/7.3.1/../../../../arm-none-eabi/lib/thumb/v7e-m/fpv4-sp/hard/libc_nano.a(lib_a-mprec.o)
 .rodata._svfprintf_r.str1.1
                0x000000000800a6bc       0x11 /Applications/STM32CubeIDE.app/Contents/Eclipse/plugins/com.st.stm32cube.ide.mcu.externaltools.gnu-tools-for-stm32.7-2018-q2-update.macos64_1.0.0.201904181610/tools/bin/../lib/gcc/arm-none-eabi/7.3.1/../../../../arm-none-eabi/lib/thumb/v7e-m/fpv4-sp/hard/libc_nano.a(lib_a-nano-svfprintf.o)
 .rodata._ctype_
                0x000000000800a6cd      0x101 /Applications/STM32CubeIDE.app/Contents/Eclipse/plugins/com.st.stm32cube.ide.mcu.externaltools.gnu-tools-for-stm32.7-2018-q2-update.macos64_1.0.0.201904181610/tools/bin/../lib/gcc/arm-none-eabi/7.3.1/../../../../arm-none-eabi/lib/thumb/v7e-m/fpv4-sp/hard/libc_nano.a(lib_a-ctype_.o)
                0x000000000800a6cd                _ctype_
                0x000000000800a7d0                . = ALIGN (0x4)
 *fill*         0x000000000800a7ce        0x2 

.ARM.extab      0x000000000800a7d0        0x0
                0x000000000800a7d0                . = ALIGN (0x4)
 *(.ARM.extab* .gnu.linkonce.armextab.*)
                0x000000000800a7d0                . = ALIGN (0x4)

.ARM            0x000000000800a7d0        0x8
                0x000000000800a7d0                . = ALIGN (0x4)
                0x000000000800a7d0                __exidx_start = .
 *(.ARM.exidx*)
 .ARM.exidx     0x000000000800a7d0        0x8 /Applications/STM32CubeIDE.app/Contents/Eclipse/plugins/com.st.stm32cube.ide.mcu.externaltools.gnu-tools-for-stm32.7-2018-q2-update.macos64_1.0.0.201904181610/tools/bin/../lib/gcc/arm-none-eabi/7.3.1/thumb/v7e-m/fpv4-sp/hard/libgcc.a(_udivmoddi4.o)
                0x000000000800a7d8                __exidx_end = .
                0x000000000800a7d8                . = ALIGN (0x4)

.rel.dyn        0x000000000800a7d8        0x0
 .rel.iplt      0x000000000800a7d8        0x0 /Applications/STM32CubeIDE.app/Contents/Eclipse/plugins/com.st.stm32cube.ide.mcu.externaltools.gnu-tools-for-stm32.7-2018-q2-update.macos64_1.0.0.201904181610/tools/bin/../lib/gcc/arm-none-eabi/7.3.1/thumb/v7e-m/fpv4-sp/hard/crtbegin.o

.preinit_array  0x000000000800a7d8        0x0
                0x000000000800a7d8                . = ALIGN (0x4)
                0x000000000800a7d8                PROVIDE (__preinit_array_start = .)
 *(.preinit_array*)
                0x000000000800a7d8                PROVIDE (__preinit_array_end = .)
                0x000000000800a7d8                . = ALIGN (0x4)

.init_array     0x000000000800a7d8        0x4
                0x000000000800a7d8                . = ALIGN (0x4)
                0x000000000800a7d8                PROVIDE (__init_array_start = .)
 *(SORT_BY_NAME(.init_array.*))
 *(.init_array*)
 .init_array    0x000000000800a7d8        0x4 /Applications/STM32CubeIDE.app/Contents/Eclipse/plugins/com.st.stm32cube.ide.mcu.externaltools.gnu-tools-for-stm32.7-2018-q2-update.macos64_1.0.0.201904181610/tools/bin/../lib/gcc/arm-none-eabi/7.3.1/thumb/v7e-m/fpv4-sp/hard/crtbegin.o
                0x000000000800a7dc                PROVIDE (__init_array_end = .)
                0x000000000800a7dc                . = ALIGN (0x4)

.fini_array     0x000000000800a7dc        0x4
                0x000000000800a7dc                . = ALIGN (0x4)
                [!provide]                        PROVIDE (__fini_array_start = .)
 *(SORT_BY_NAME(.fini_array.*))
 *(.fini_array*)
 .fini_array    0x000000000800a7dc        0x4 /Applications/STM32CubeIDE.app/Contents/Eclipse/plugins/com.st.stm32cube.ide.mcu.externaltools.gnu-tools-for-stm32.7-2018-q2-update.macos64_1.0.0.201904181610/tools/bin/../lib/gcc/arm-none-eabi/7.3.1/thumb/v7e-m/fpv4-sp/hard/crtbegin.o
                [!provide]                        PROVIDE (__fini_array_end = .)
                0x000000000800a7e0                . = ALIGN (0x4)
                0x000000000800a7e0                _sidata = LOADADDR (.data)

.data           0x0000000020000000      0x1e8 load address 0x000000000800a7e0
                0x0000000020000000                . = ALIGN (0x4)
                0x0000000020000000                _sdata = .
 *(.data)
 *(.data*)
 .data.uwTickFreq
                0x0000000020000000        0x1 Drivers/STM32F7xx_HAL_Driver/Src/stm32f7xx_hal.o
                0x0000000020000000                uwTickFreq
 *fill*         0x0000000020000001        0x3 
 .data.uwTickPrio
                0x0000000020000004        0x4 Drivers/STM32F7xx_HAL_Driver/Src/stm32f7xx_hal.o
                0x0000000020000004                uwTickPrio
 .data.TxpipeAddrs
                0x0000000020000008        0x8 Src/main.o
                0x0000000020000008                TxpipeAddrs
 .data.droneBatteryLvl
                0x0000000020000010        0x4 Src/main.o
                0x0000000020000010                droneBatteryLvl
 .data.SystemCoreClock
                0x0000000020000014        0x4 Src/system_stm32f7xx.o
                0x0000000020000014                SystemCoreClock
 .data._impure_ptr
                0x0000000020000018        0x4 /Applications/STM32CubeIDE.app/Contents/Eclipse/plugins/com.st.stm32cube.ide.mcu.externaltools.gnu-tools-for-stm32.7-2018-q2-update.macos64_1.0.0.201904181610/tools/bin/../lib/gcc/arm-none-eabi/7.3.1/../../../../arm-none-eabi/lib/thumb/v7e-m/fpv4-sp/hard/libc_nano.a(lib_a-impure.o)
                0x0000000020000018                _impure_ptr
 .data.impure_data
                0x000000002000001c       0x60 /Applications/STM32CubeIDE.app/Contents/Eclipse/plugins/com.st.stm32cube.ide.mcu.externaltools.gnu-tools-for-stm32.7-2018-q2-update.macos64_1.0.0.201904181610/tools/bin/../lib/gcc/arm-none-eabi/7.3.1/../../../../arm-none-eabi/lib/thumb/v7e-m/fpv4-sp/hard/libc_nano.a(lib_a-impure.o)
 .data.__global_locale
                0x000000002000007c      0x16c /Applications/STM32CubeIDE.app/Contents/Eclipse/plugins/com.st.stm32cube.ide.mcu.externaltools.gnu-tools-for-stm32.7-2018-q2-update.macos64_1.0.0.201904181610/tools/bin/../lib/gcc/arm-none-eabi/7.3.1/../../../../arm-none-eabi/lib/thumb/v7e-m/fpv4-sp/hard/libc_nano.a(lib_a-locale.o)
                0x000000002000007c                __global_locale
                0x00000000200001e8                . = ALIGN (0x4)
                0x00000000200001e8                _edata = .

.igot.plt       0x00000000200001e8        0x0 load address 0x000000000800a9c8
 .igot.plt      0x00000000200001e8        0x0 /Applications/STM32CubeIDE.app/Contents/Eclipse/plugins/com.st.stm32cube.ide.mcu.externaltools.gnu-tools-for-stm32.7-2018-q2-update.macos64_1.0.0.201904181610/tools/bin/../lib/gcc/arm-none-eabi/7.3.1/thumb/v7e-m/fpv4-sp/hard/crtbegin.o
                0x00000000200001e8                . = ALIGN (0x4)

.bss            0x00000000200001e8      0x4c0 load address 0x000000000800a9c8
                0x00000000200001e8                _sbss = .
                0x00000000200001e8                __bss_start__ = _sbss
 *(.bss)
 .bss           0x00000000200001e8       0x1c /Applications/STM32CubeIDE.app/Contents/Eclipse/plugins/com.st.stm32cube.ide.mcu.externaltools.gnu-tools-for-stm32.7-2018-q2-update.macos64_1.0.0.201904181610/tools/bin/../lib/gcc/arm-none-eabi/7.3.1/thumb/v7e-m/fpv4-sp/hard/crtbegin.o
 *(.bss*)
 .bss.SPI_RxCplt
                0x0000000020000204        0x1 Drivers/MY_NRF24.o
                0x0000000020000204                SPI_RxCplt
 .bss.SPI_TxCplt
                0x0000000020000205        0x1 Drivers/MY_NRF24.o
                0x0000000020000205                SPI_TxCplt
 .bss.ack_payload_available
                0x0000000020000206        0x1 Drivers/MY_NRF24.o
 .bss.ack_payload_length
                0x0000000020000207        0x1 Drivers/MY_NRF24.o
 .bss.nrf24_CE_PIN
                0x0000000020000208        0x2 Drivers/MY_NRF24.o
 .bss.nrf24_CSN_PIN
                0x000000002000020a        0x2 Drivers/MY_NRF24.o
 .bss.nrf24_PORT
                0x000000002000020c        0x4 Drivers/MY_NRF24.o
 .bss.nrf24_huart
                0x0000000020000210       0x80 Drivers/MY_NRF24.o
 .bss.payload_size
                0x0000000020000290        0x1 Drivers/MY_NRF24.o
 .bss.airmode   0x0000000020000291        0x1 Src/main.o
                0x0000000020000291                airmode
 .bss.connection
                0x0000000020000292        0x1 Src/main.o
                0x0000000020000292                connection
 .bss.kill      0x0000000020000293        0x1 Src/main.o
                0x0000000020000293                kill
 .bss.pitch     0x0000000020000294        0x4 Src/main.o
                0x0000000020000294                pitch
 .bss.prevNextCode_1
                0x0000000020000298        0x1 Src/main.o
 .bss.prevNextCode_2
                0x0000000020000299        0x1 Src/main.o
 .bss.prevNextCode_3
                0x000000002000029a        0x1 Src/main.o
 *fill*         0x000000002000029b        0x1 
 .bss.roll      0x000000002000029c        0x4 Src/main.o
                0x000000002000029c                roll
 .bss.roll_d    0x00000000200002a0        0x4 Src/main.o
                0x00000000200002a0                roll_d
 .bss.roll_i    0x00000000200002a4        0x4 Src/main.o
                0x00000000200002a4                roll_i
 .bss.roll_p    0x00000000200002a8        0x4 Src/main.o
                0x00000000200002a8                roll_p
 .bss.store_1   0x00000000200002ac        0x2 Src/main.o
 .bss.store_2   0x00000000200002ae        0x2 Src/main.o
 .bss.store_3   0x00000000200002b0        0x2 Src/main.o
 *fill*         0x00000000200002b2        0x2 
 .bss.FMC_Initialized
                0x00000000200002b4        0x4 Src/stm32f7xx_hal_msp.o
 .bss.heap_end.6424
                0x00000000200002b8        0x4 Src/sysmem.o
 .bss.__malloc_free_list