Archive member included to satisfy reference by file (symbol)

/Applications/STM32CubeIDE.app/Contents/Eclipse/plugins/com.st.stm32cube.ide.mcu.externaltools.gnu-tools-for-stm32.7-2018-q2-update.macos64_1.0.0.201904181610/tools/bin/../lib/gcc/arm-none-eabi/7.3.1/../../../../arm-none-eabi/lib/thumb/v7e-m/fpv4-sp/hard/libc_nano.a(lib_a-errno.o)
                              Src/syscalls.o (__errno)
/Applications/STM32CubeIDE.app/Contents/Eclipse/plugins/com.st.stm32cube.ide.mcu.externaltools.gnu-tools-for-stm32.7-2018-q2-update.macos64_1.0.0.201904181610/tools/bin/../lib/gcc/arm-none-eabi/7.3.1/../../../../arm-none-eabi/lib/thumb/v7e-m/fpv4-sp/hard/libc_nano.a(lib_a-exit.o)
                              /Applications/STM32CubeIDE.app/Contents/Eclipse/plugins/com.st.stm32cube.ide.mcu.externaltools.gnu-tools-for-stm32.7-2018-q2-update.macos64_1.0.0.201904181610/tools/bin/../lib/gcc/arm-none-eabi/7.3.1/../../../../arm-none-eabi/lib/thumb/v7e-m/fpv4-sp/hard/crt0.o (exit)
/Applications/STM32CubeIDE.app/Contents/Eclipse/plugins/com.st.stm32cube.ide.mcu.externaltools.gnu-tools-for-stm32.7-2018-q2-update.macos64_1.0.0.201904181610/tools/bin/../lib/gcc/arm-none-eabi/7.3.1/../../../../arm-none-eabi/lib/thumb/v7e-m/fpv4-sp/hard/libc_nano.a(lib_a-impure.o)
                              /Applications/STM32CubeIDE.app/Contents/Eclipse/plugins/com.st.stm32cube.ide.mcu.externaltools.gnu-tools-for-stm32.7-2018-q2-update.macos64_1.0.0.201904181610/tools/bin/../lib/gcc/arm-none-eabi/7.3.1/../../../../arm-none-eabi/lib/thumb/v7e-m/fpv4-sp/hard/libc_nano.a(lib_a-exit.o) (_global_impure_ptr)
/Applications/STM32CubeIDE.app/Contents/Eclipse/plugins/com.st.stm32cube.ide.mcu.externaltools.gnu-tools-for-stm32.7-2018-q2-update.macos64_1.0.0.201904181610/tools/bin/../lib/gcc/arm-none-eabi/7.3.1/../../../../arm-none-eabi/lib/thumb/v7e-m/fpv4-sp/hard/libc_nano.a(lib_a-init.o)
                              /Applications/STM32CubeIDE.app/Contents/Eclipse/plugins/com.st.stm32cube.ide.mcu.externaltools.gnu-tools-for-stm32.7-2018-q2-update.macos64_1.0.0.201904181610/tools/bin/../lib/gcc/arm-none-eabi/7.3.1/../../../../arm-none-eabi/lib/thumb/v7e-m/fpv4-sp/hard/crt0.o (__libc_init_array)
/Applications/STM32CubeIDE.app/Contents/Eclipse/plugins/com.st.stm32cube.ide.mcu.externaltools.gnu-tools-for-stm32.7-2018-q2-update.macos64_1.0.0.201904181610/tools/bin/../lib/gcc/arm-none-eabi/7.3.1/../../../../arm-none-eabi/lib/thumb/v7e-m/fpv4-sp/hard/libc_nano.a(lib_a-memcpy-stub.o)
                              Drivers/MY_NRF24.o (memcpy)
/Applications/STM32CubeIDE.app/Contents/Eclipse/plugins/com.st.stm32cube.ide.mcu.externaltools.gnu-tools-for-stm32.7-2018-q2-update.macos64_1.0.0.201904181610/tools/bin/../lib/gcc/arm-none-eabi/7.3.1/../../../../arm-none-eabi/lib/thumb/v7e-m/fpv4-sp/hard/libc_nano.a(lib_a-memset.o)
                              /Applications/STM32CubeIDE.app/Contents/Eclipse/plugins/com.st.stm32cube.ide.mcu.externaltools.gnu-tools-for-stm32.7-2018-q2-update.macos64_1.0.0.201904181610/tools/bin/../lib/gcc/arm-none-eabi/7.3.1/../../../../arm-none-eabi/lib/thumb/v7e-m/fpv4-sp/hard/crt0.o (memset)
/Applications/STM32CubeIDE.app/Contents/Eclipse/plugins/com.st.stm32cube.ide.mcu.externaltools.gnu-tools-for-stm32.7-2018-q2-update.macos64_1.0.0.201904181610/tools/bin/../lib/gcc/arm-none-eabi/7.3.1/../../../../arm-none-eabi/lib/thumb/v7e-m/fpv4-sp/hard/libc_nano.a(lib_a-nano-vfprintf_float.o)
                              (_printf_float)
/Applications/STM32CubeIDE.app/Contents/Eclipse/plugins/com.st.stm32cube.ide.mcu.externaltools.gnu-tools-for-stm32.7-2018-q2-update.macos64_1.0.0.201904181610/tools/bin/../lib/gcc/arm-none-eabi/7.3.1/../../../../arm-none-eabi/lib/thumb/v7e-m/fpv4-sp/hard/libc_nano.a(lib_a-nano-vfprintf_i.o)
                              /Applications/STM32CubeIDE.app/Contents/Eclipse/plugins/com.st.stm32cube.ide.mcu.externaltools.gnu-tools-for-stm32.7-2018-q2-update.macos64_1.0.0.201904181610/tools/bin/../lib/gcc/arm-none-eabi/7.3.1/../../../../arm-none-eabi/lib/thumb/v7e-m/fpv4-sp/hard/libc_nano.a(lib_a-nano-vfprintf_float.o) (_printf_common)
/Applications/STM32CubeIDE.app/Contents/Eclipse/plugins/com.st.stm32cube.ide.mcu.externaltools.gnu-tools-for-stm32.7-2018-q2-update.macos64_1.0.0.201904181610/tools/bin/../lib/gcc/arm-none-eabi/7.3.1/../../../../arm-none-eabi/lib/thumb/v7e-m/fpv4-sp/hard/libc_nano.a(lib_a-nano-vfscanf_float.o)
                              (_scanf_float)
/Applications/STM32CubeIDE.app/Contents/Eclipse/plugins/com.st.stm32cube.ide.mcu.externaltools.gnu-tools-for-stm32.7-2018-q2-update.macos64_1.0.0.201904181610/tools/bin/../lib/gcc/arm-none-eabi/7.3.1/../../../../arm-none-eabi/lib/thumb/v7e-m/fpv4-sp/hard/libc_nano.a(lib_a-sf_nan.o)
[...]
Memory Configuration

Name             Origin             Length             Attributes
FLASH            0x0000000008000000 0x0000000000100000 xr
RAM              0x0000000020000000 0x0000000000050000 xrw
*default*        0x0000000000000000 0xffffffffffffffff

Linker script and memory map

LOAD /Applications/STM32CubeIDE.app/Contents/Eclipse/plugins/com.st.stm32cube.ide.mcu.externaltools.gnu-tools-for-stm32.7-2018-q2-update.macos64_1.0.0.201904181610/tools/bin/../lib/gcc/arm-none-eabi/7.3.1/thumb/v7e-m/fpv4-sp/hard/crti.o
LOAD /Applications/STM32CubeIDE.app/Contents/Eclipse/plugins/com.st.stm32cube.ide.mcu.externaltools.gnu-tools-for-stm32.7-2018-q2-update.macos64_1.0.0.201904181610/tools/bin/../lib/gcc/arm-none-eabi/7.3.1/thumb/v7e-m/fpv4-sp/hard/crtbegin.o
LOAD /Applications/STM32CubeIDE.app/Contents/Eclipse/plugins/com.st.stm32cube.ide.mcu.externaltools.gnu-tools-for-stm32.7-2018-q2-update.macos64_1.0.0.201904181610/tools/bin/../lib/gcc/arm-none-eabi/7.3.1/../../../../arm-none-eabi/lib/thumb/v7e-m/fpv4-sp/hard/crt0.o
LOAD Drivers/MY_NRF24.o
LOAD Drivers/dwt_delay.o
LOAD Drivers/STM32F7xx_HAL_Driver/Src/stm32f7xx_hal.o
LOAD Drivers/STM32F7xx_HAL_Driver/Src/stm32f7xx_hal_adc.o
LOAD Drivers/STM32F7xx_HAL_Driver/Src/stm32f7xx_hal_adc_ex.o
LOAD Drivers/STM32F7xx_HAL_Driver/Src/stm32f7xx_hal_cortex.o
LOAD Drivers/STM32F7xx_HAL_Driver/Src/stm32f7xx_hal_crc.o
LOAD Drivers/STM32F7xx_HAL_Driver/Src/stm32f7xx_hal_crc_ex.o
LOAD Drivers/STM32F7xx_HAL_Driver/Src/stm32f7xx_hal_dma.o
LOAD Drivers/STM32F7xx_HAL_Driver/Src/stm32f7xx_hal_dma2d.o
LOAD Drivers/STM32F7xx_HAL_Driver/Src/stm32f7xx_hal_dma_ex.o
LOAD Drivers/STM32F7xx_HAL_Driver/Src/stm32f7xx_hal_dsi.o
LOAD Drivers/STM32F7xx_HAL_Driver/Src/stm32f7xx_hal_exti.o
LOAD Drivers/STM32F7xx_HAL_Driver/Src/stm32f7xx_hal_flash.o
LOAD Drivers/STM32F7xx_HAL_Driver/Src/stm32f7xx_hal_flash_ex.o
LOAD Drivers/STM32F7xx_HAL_Driver/Src/stm32f7xx_hal_gpio.o
LOAD Drivers/STM32F7xx_HAL_Driver/Src/stm32f7xx_hal_i2c.o
LOAD Drivers/STM32F7xx_HAL_Driver/Src/stm32f7xx_hal_i2c_ex.o
LOAD Drivers/STM32F7xx_HAL_Driver/Src/stm32f7xx_hal_ltdc.o
LOAD Drivers/STM32F7xx_HAL_Driver/Src/stm32f7xx_hal_ltdc_ex.o
LOAD Drivers/STM32F7xx_HAL_Driver/Src/stm32f7xx_hal_pwr.o
LOAD Drivers/STM32F7xx_HAL_Driver/Src/stm32f7xx_hal_pwr_ex.o
LOAD Drivers/STM32F7xx_HAL_Driver/Src/stm32f7xx_hal_rcc.o
LOAD Drivers/STM32F7xx_HAL_Driver/Src/stm32f7xx_hal_rcc_ex.o
LOAD Drivers/STM32F7xx_HAL_Driver/Src/stm32f7xx_hal_sdram.o
LOAD Drivers/STM32F7xx_HAL_Driver/Src/stm32f7xx_hal_spi.o
LOAD Drivers/STM32F7xx_HAL_Driver/Src/stm32f7xx_hal_spi_ex.o
LOAD Drivers/STM32F7xx_HAL_Driver/Src/stm32f7xx_hal_tim.o
LOAD Drivers/STM32F7xx_HAL_Driver/Src/stm32f7xx_hal_tim_ex.o
LOAD Drivers/STM32F7xx_HAL_Driver/Src/stm32f7xx_hal_uart.o
LOAD Drivers/STM32F7xx_HAL_Driver/Src/stm32f7xx_hal_uart_ex.o
LOAD Drivers/STM32F7xx_HAL_Driver/Src/stm32f7xx_ll_fmc.o
LOAD GUI files/font12.o
LOAD GUI files/font16.o
LOAD GUI files/font20.o
LOAD GUI files/font24.o
LOAD GUI files/font8.o
LOAD GUI files/ft5336.o
LOAD GUI files/stm32746g_discovery.o
LOAD GUI files/stm32746g_discovery_lcd.o
LOAD GUI files/stm32746g_discovery_sdram.o
LOAD GUI files/stm32746g_discovery_ts.o
LOAD Src/main.o
LOAD Src/stm32f7xx_hal_msp.o
LOAD Src/stm32f7xx_it.o
LOAD Src/syscalls.o
LOAD Src/sysmem.o
LOAD Src/system_stm32f7xx.o
LOAD Startup/startup_stm32f746nghx.o
START GROUP
LOAD /Applications/STM32CubeIDE.app/Contents/Eclipse/plugins/com.st.stm32cube.ide.mcu.externaltools.gnu-tools-for-stm32.7-2018-q2-update.macos64_1.0.0.201904181610/tools/bin/../lib/gcc/arm-none-eabi/7.3.1/../../../../arm-none-eabi/lib/thumb/v7e-m/fpv4-sp/hard/libc_nano.a
LOAD /Applications/STM32CubeIDE.app/Contents/Eclipse/plugins/com.st.stm32cube.ide.mcu.externaltools.gnu-tools-for-stm32.7-2018-q2-update.macos64_1.0.0.201904181610/tools/bin/../lib/gcc/arm-none-eabi/7.3.1/../../../../arm-none-eabi/lib/thumb/v7e-m/fpv4-sp/hard/libm.a
END GROUP
START GROUP
LOAD /Applications/STM32CubeIDE.app/Contents/Eclipse/plugins/com.st.stm32cube.ide.mcu.externaltools.gnu-tools-for-stm32.7-2018-q2-update.macos64_1.0.0.201904181610/tools/bin/../lib/gcc/arm-none-eabi/7.3.1/thumb/v7e-m/fpv4-sp/hard/libgcc.a
LOAD /Applications/STM32CubeIDE.app/Contents/Eclipse/plugins/com.st.stm32cube.ide.mcu.externaltools.gnu-tools-for-stm32.7-2018-q2-update.macos64_1.0.0.201904181610/tools/bin/../lib/gcc/arm-none-eabi/7.3.1/../../../../arm-none-eabi/lib/thumb/v7e-m/fpv4-sp/hard/libc_nano.a
END GROUP
START GROUP
LOAD /Applications/STM32CubeIDE.app/Contents/Eclipse/plugins/com.st.stm32cube.ide.mcu.externaltools.gnu-tools-for-stm32.7-2018-q2-update.macos64_1.0.0.201904181610/tools/bin/../lib/gcc/arm-none-eabi/7.3.1/thumb/v7e-m/fpv4-sp/hard/libgcc.a
LOAD /Applications/STM32CubeIDE.app/Contents/Eclipse/plugins/com.st.stm32cube.ide.mcu.externaltools.gnu-tools-for-stm32.7-2018-q2-update.macos64_1.0.0.201904181610/tools/bin/../lib/gcc/arm-none-eabi/7.3.1/../../../../arm-none-eabi/lib/thumb/v7e-m/fpv4-sp/hard/libc_nano.a
LOAD /Applications/STM32CubeIDE.app/Contents/Eclipse/plugins/com.st.stm32cube.ide.mcu.externaltools.gnu-tools-for-stm32.7-2018-q2-update.macos64_1.0.0.201904181610/tools/bin/../lib/gcc/arm-none-eabi/7.3.1/../../../../arm-none-eabi/lib/thumb/v7e-m/fpv4-sp/hard/libnosys.a
END GROUP
START GROUP
LOAD /Applications/STM32CubeIDE.app/Contents/Eclipse/plugins/com.st.stm32cube.ide.mcu.externaltools.gnu-tools-for-stm32.7-2018-q2-update.macos64_1.0.0.201904181610/tools/bin/../lib/gcc/arm-none-eabi/7.3.1/thumb/v7e-m/fpv4-sp/hard/libgcc.a
LOAD /Applications/STM32CubeIDE.app/Contents/Eclipse/plugins/com.st.stm32cube.ide.mcu.externaltools.gnu-tools-for-stm32.7-2018-q2-update.macos64_1.0.0.201904181610/tools/bin/../lib/gcc/arm-none-eabi/7.3.1/../../../../arm-none-eabi/lib/thumb/v7e-m/fpv4-sp/hard/libc_nano.a
LOAD /Applications/STM32CubeIDE.app/Contents/Eclipse/plugins/com.st.stm32cube.ide.mcu.externaltools.gnu-tools-for-stm32.7-2018-q2-update.macos64_1.0.0.201904181610/tools/bin/../lib/gcc/arm-none-eabi/7.3.1/../../../../arm-none-eabi/lib/thumb/v7e-m/fpv4-sp/hard/libnosys.a
END GROUP
LOAD /Applications/STM32CubeIDE.app/Contents/Eclipse/plugins/com.st.stm32cube.ide.mcu.externaltools.gnu-tools-for-stm32.7-2018-q2-update.macos64_1.0.0.201904181610/tools/bin/../lib/gcc/arm-none-eabi/7.3.1/thumb/v7e-m/fpv4-sp/hard/crtend.o
LOAD /Applications/STM32CubeIDE.app/Contents/Eclipse/plugins/com.st.stm32cube.ide.mcu.externaltools.gnu-tools-for-stm32.7-2018-q2-update.macos64_1.0.0.201904181610/tools/bin/../lib/gcc/arm-none-eabi/7.3.1/thumb/v7e-m/fpv4-sp/hard/crtn.o
                0x0000000020050000                _estack = 0x20050000
                0x0000000000000200                _Min_Heap_Size = 0x200
                0x0000000000000400                _Min_Stack_Size = 0x400

.isr_vector     0x0000000008000000      0x1c8
                0x0000000008000000                . = ALIGN (0x4)
 *(.isr_vector)
 .isr_vector    0x0000000008000000      0x1c8 Startup/startup_stm32f746nghx.o
                0x0000000008000000                g_pfnVectors
                0x00000000080001c8                . = ALIGN (0x4)

.text           0x00000000080001d0     0xaea4
                0x00000000080001d0                . = ALIGN (0x4)
 *(.text)
 .text          0x00000000080001d0       0x40 /Applications/STM32CubeIDE.app/Contents/Eclipse/plugins/com.st.stm32cube.ide.mcu.externaltools.gnu-tools-for-stm32.7-2018-q2-update.macos64_1.0.0.201904181610/tools/bin/../lib/gcc/arm-none-eabi/7.3.1/thumb/v7e-m/fpv4-sp/hard/crtbegin.o
 .text          0x0000000008000210       0x10 /Applications/STM32CubeIDE.app/Contents/Eclipse/plugins/com.st.stm32cube.ide.mcu.externaltools.gnu-tools-for-stm32.7-2018-q2-update.macos64_1.0.0.201904181610/tools/bin/../lib/gcc/arm-none-eabi/7.3.1/../../../../arm-none-eabi/lib/thumb/v7e-m/fpv4-sp/hard/libc_nano.a(lib_a-strlen.o)
                0x0000000008000210                strlen
 .text          0x0000000008000220       0xa0 /Applications/STM32CubeIDE.app/Contents/Eclipse/plugins/com.st.stm32cube.ide.mcu.externaltools.gnu-tools-for-stm32.7-2018-q2-update.macos64_1.0.0.201904181610/tools/bin/../lib/gcc/arm-none-eabi/7.3.1/../../../../arm-none-eabi/lib/thumb/v7e-m/fpv4-sp/hard/libc_nano.a(lib_a-memchr.o)
                0x0000000008000220                memchr
 .text          0x00000000080002c0      0x378 /Applications/STM32CubeIDE.app/Contents/Eclipse/plugins/com.st.stm32cube.ide.mcu.externaltools.gnu-tools-for-stm32.7-2018-q2-update.macos64_1.0.0.201904181610/tools/bin/../lib/gcc/arm-none-eabi/7.3.1/thumb/v7e-m/fpv4-sp/hard/libgcc.a(_arm_addsubdf3.o)
                0x00000000080002c0                __aeabi_drsub
                0x00000000080002c8                __subdf3
                0x00000000080002c8                __aeabi_dsub
                0x00000000080002cc                __aeabi_dadd
                0x00000000080002cc                __adddf3
                0x0000000008000544                __aeabi_ui2d
                0x0000000008000544                __floatunsidf
                0x0000000008000564                __floatsidf
                0x0000000008000564                __aeabi_i2d
                0x0000000008000588                __extendsfdf2
                0x0000000008000588                __aeabi_f2d
                0x00000000080005cc                __aeabi_ul2d
                0x00000000080005cc                __floatundidf
                0x00000000080005dc                __aeabi_l2d
                0x00000000080005dc                __floatdidf
 .text          0x0000000008000638      0x424 /Applications/STM32CubeIDE.app/Contents/Eclipse/plugins/com.st.stm32cube.ide.mcu.externaltools.gnu-tools-for-stm32.7-2018-q2-update.macos64_1.0.0.201904181610/tools/bin/../lib/gcc/arm-none-eabi/7.3.1/thumb/v7e-m/fpv4-sp/hard/libgcc.a(_arm_muldivdf3.o)
                0x0000000008000638                __aeabi_dmul
                0x0000000008000638                __muldf3
                0x000000000800088c                __aeabi_ddiv
                0x000000000800088c                __divdf3
 .text          0x0000000008000a5c      0x110 /Applications/STM32CubeIDE.app/Contents/Eclipse/plugins/com.st.stm32cube.ide.mcu.externaltools.gnu-tools-for-stm32.7-2018-q2-update.macos64_1.0.0.201904181610/tools/bin/../lib/gcc/arm-none-eabi/7.3.1/thumb/v7e-m/fpv4-sp/hard/libgcc.a(_arm_cmpdf2.o)
                0x0000000008000a5c                __gedf2
                0x0000000008000a5c                __gtdf2
                0x0000000008000a64                __ledf2
                0x0000000008000a64                __ltdf2
                0x0000000008000a6c                __cmpdf2
                0x0000000008000a6c                __eqdf2
                0x0000000008000a6c                __nedf2
                0x0000000008000ae8                __aeabi_cdrcmple
                0x0000000008000af8                __aeabi_cdcmple
                0x0000000008000af8                __aeabi_cdcmpeq
                0x0000000008000b08                __aeabi_dcmpeq
                0x0000000008000b1c                __aeabi_dcmplt
                0x0000000008000b30                __aeabi_dcmple
                0x0000000008000b44                __aeabi_dcmpge
                0x0000000008000b58                __aeabi_dcmpgt
 .text          0x0000000008000b6c       0x2c /Applications/STM32CubeIDE.app/Contents/Eclipse/plugins/com.st.stm32cube.ide.mcu.externaltools.gnu-tools-for-stm32.7-2018-q2-update.macos64_1.0.0.201904181610/tools/bin/../lib/gcc/arm-none-eabi/7.3.1/thumb/v7e-m/fpv4-sp/hard/libgcc.a(_arm_unorddf2.o)
                0x0000000008000b6c                __aeabi_dcmpun
                0x0000000008000b6c                __unorddf2
 .text          0x0000000008000b98       0x50 /Applications/STM32CubeIDE.app/Contents/Eclipse/plugins/com.st.stm32cube.ide.mcu.externaltools.gnu-tools-for-stm32.7-2018-q2-update.macos64_1.0.0.201904181610/tools/bin/../lib/gcc/arm-none-eabi/7.3.1/thumb/v7e-m/fpv4-sp/hard/libgcc.a(_arm_fixdfsi.o)
                0x0000000008000b98                __fixdfsi
                0x0000000008000b98                __aeabi_d2iz
 .text          0x0000000008000be8       0x40 /Applications/STM32CubeIDE.app/Contents/Eclipse/plugins/com.st.stm32cube.ide.mcu.externaltools.gnu-tools-for-stm32.7-2018-q2-update.macos64_1.0.0.201904181610/tools/bin/../lib/gcc/arm-none-eabi/7.3.1/thumb/v7e-m/fpv4-sp/hard/libgcc.a(_arm_fixunsdfsi.o)
                0x0000000008000be8                __fixunsdfsi
                0x0000000008000be8                __aeabi_d2uiz
 .text          0x0000000008000c28       0xa0 /Applications/STM32CubeIDE.app/Contents/Eclipse/plugins/com.st.stm32cube.ide.mcu.externaltools.gnu-tools-for-stm32.7-2018-q2-update.macos64_1.0.0.201904181610/tools/bin/../lib/gcc/arm-none-eabi/7.3.1/thumb/v7e-m/fpv4-sp/hard/libgcc.a(_arm_truncdfsf2.o)
                0x0000000008000c28                __aeabi_d2f
                0x0000000008000c28                __truncdfsf2
 .text          0x0000000008000cc8       0x30 /Applications/STM32CubeIDE.app/Contents/Eclipse/plugins/com.st.stm32cube.ide.mcu.externaltools.gnu-tools-for-stm32.7-2018-q2-update.macos64_1.0.0.201904181610/tools/bin/../lib/gcc/arm-none-eabi/7.3.1/thumb/v7e-m/fpv4-sp/hard/libgcc.a(_aeabi_uldivmod.o)
                0x0000000008000cc8                __aeabi_uldivmod
 .text          0x0000000008000cf8      0x2cc /Applications/STM32CubeIDE.app/Contents/Eclipse/plugins/com.st.stm32cube.ide.mcu.externaltools.gnu-tools-for-stm32.7-2018-q2-update.macos64_1.0.0.201904181610/tools/bin/../lib/gcc/arm-none-eabi/7.3.1/thumb/v7e-m/fpv4-sp/hard/libgcc.a(_udivmoddi4.o)
                0x0000000008000cf8                __udivmoddi4
 .text          0x0000000008000fc4        0x4 /Applications/STM32CubeIDE.app/Contents/Eclipse/plugins/com.st.stm32cube.ide.mcu.externaltools.gnu-tools-for-stm32.7-2018-q2-update.macos64_1.0.0.201904181610/tools/bin/../lib/gcc/arm-none-eabi/7.3.1/thumb/v7e-m/fpv4-sp/hard/libgcc.a(_dvmd_tls.o)
                0x0000000008000fc4                __aeabi_ldiv0
                0x0000000008000fc4                __aeabi_idiv0
 *(.text*)
 .text.NRF24_DelayMicroSeconds
                0x0000000008000fc8        0x8 Drivers/MY_NRF24.o
                0x0000000008000fc8                NRF24_DelayMicroSeconds
 .text.NRF24_csn
                0x0000000008000fd0       0x2c Drivers/MY_NRF24.o
                0x0000000008000fd0                NRF24_csn
 .text.NRF24_ce
                0x0000000008000ffc       0x2c Drivers/MY_NRF24.o
                0x0000000008000ffc                NRF24_ce
 .text.NRF24_read_register
                0x0000000008001028       0x44 Drivers/MY_NRF24.o
                0x0000000008001028                NRF24_read_register
 .text.NRF24_read_registerN
                0x000000000800106c       0x40 Drivers/MY_NRF24.o
                0x000000000800106c                NRF24_read_registerN
 .text.NRF24_write_register
                0x00000000080010ac       0x34 Drivers/MY_NRF24.o
                0x00000000080010ac                NRF24_write_register
 .text.NRF24_write_registerN
                0x00000000080010e0       0x40 Drivers/MY_NRF24.o
                0x00000000080010e0                NRF24_write_registerN
 .text.NRF24_write_payload
                0x0000000008001120       0x3c Drivers/MY_NRF24.o
                0x0000000008001120                NRF24_write_payload
 .text.NRF24_flush_tx
                0x000000000800115c        0xc Drivers/MY_NRF24.o
                0x000000000800115c                NRF24_flush_tx
 .text.NRF24_flush_rx
                0x0000000008001168        0xc Drivers/MY_NRF24.o
                0x0000000008001168                NRF24_flush_rx
 .text.NRF24_get_status
                0x0000000008001174        0xa Drivers/MY_NRF24.o
                0x0000000008001174                NRF24_get_status
 .text.NRF24_stopListening
                0x000000000800117e       0x12 Drivers/MY_NRF24.o
                0x000000000800117e                NRF24_stopListening
 .text.NRF24_openWritingPipe
                0x0000000008001190       0x38 Drivers/MY_NRF24.o
                0x0000000008001190                NRF24_openWritingPipe
 .text.NRF24_setRetries
                0x00000000080011c8       0x14 Drivers/MY_NRF24.o
                0x00000000080011c8                NRF24_setRetries
 .text.NRF24_setChannel
                0x00000000080011dc       0x12 Drivers/MY_NRF24.o
                0x00000000080011dc                NRF24_setChannel
 *fill*         0x00000000080011ee        0x2 
 .text.NRF24_setPayloadSize
                0x00000000080011f0       0x10 Drivers/MY_NRF24.o
                0x00000000080011f0                NRF24_setPayloadSize
 .text.NRF24_getPayloadSize
                0x0000000008001200        0xc Drivers/MY_NRF24.o
                0x0000000008001200                NRF24_getPayloadSize
 .text.NRF24_read_payload
                0x000000000800120c       0x4c Drivers/MY_NRF24.o
                0x000000000800120c                NRF24_read_payload
 .text.NRF24_getDynamicPayloadSize
                0x0000000008001258        0xa Drivers/MY_NRF24.o
                0x0000000008001258                NRF24_getDynamicPayloadSize
 .text.NRF24_read
                0x0000000008001262       0x1c Drivers/MY_NRF24.o
                0x0000000008001262                NRF24_read
 .text.NRF24_disableDynamicPayloads
                0x000000000800127e       0x1c Drivers/MY_NRF24.o
                0x000000000800127e                NRF24_disableDynamicPayloads
 .text.NRF24_setAutoAck
                0x000000000800129a       0x18 Drivers/MY_NRF24.o
                0x000000000800129a                NRF24_setAutoAck
 .text.NRF24_setPALevel
                0x00000000080012b2       0x3e Drivers/MY_NRF24.o
                0x00000000080012b2                NRF24_setPALevel
 .text.NRF24_setDataRate
                0x00000000080012f0       0x3c Drivers/MY_NRF24.o
                0x00000000080012f0                NRF24_setDataRate
 .text.NRF24_setCRCLength
                0x000000000800132c       0x26 Drivers/MY_NRF24.o
                0x000000000800132c                NRF24_setCRCLength
 .text.NRF24_powerDown
                0x0000000008001352       0x14 Drivers/MY_NRF24.o
                0x0000000008001352                NRF24_powerDown
 .text.NRF24_availablePipe
                0x0000000008001366       0x3c Drivers/MY_NRF24.o
                0x0000000008001366                NRF24_availablePipe
 .text.NRF24_available
                0x00000000080013a2        0xa Drivers/MY_NRF24.o
                0x00000000080013a2                NRF24_available
 .text.NRF24_startWrite
                0x00000000080013ac       0x40 Drivers/MY_NRF24.o
                0x00000000080013ac                NRF24_startWrite
 .text.NRF24_whatHappened
                0x00000000080013ec       0x2e Drivers/MY_NRF24.o
                0x00000000080013ec                NRF24_whatHappened
 .text.NRF24_resetStatus
                0x000000000800141a        0xc Drivers/MY_NRF24.o
                0x000000000800141a                NRF24_resetStatus
 *fill*         0x0000000008001426        0x2 
 .text.NRF24_write
                0x0000000008001428       0x74 Drivers/MY_NRF24.o
                0x0000000008001428                NRF24_write
 .text.NRF24_ACTIVATE_cmd
                0x000000000800149c       0x34 Drivers/MY_NRF24.o
                0x000000000800149c                NRF24_ACTIVATE_cmd
 .text.NRF24_enableAckPayload
                0x00000000080014d0       0x48 Drivers/MY_NRF24.o
                0x00000000080014d0                NRF24_enableAckPayload
 .text.NRF24_begin
                0x0000000008001518      0x1ac Drivers/MY_NRF24.o
                0x0000000008001518                NRF24_begin
 .text.printRadioSettings
                0x00000000080016c4      0x5e0 Drivers/MY_NRF24.o
                0x00000000080016c4                printRadioSettings
 .text.nrf24_DebugUART_Init
                0x0000000008001ca4       0x24 Drivers/MY_NRF24.o
                0x0000000008001ca4                nrf24_DebugUART_Init
 .text.DWT_Init
                0x0000000008001cc8       0x2c Drivers/dwt_delay.o
                0x0000000008001cc8                DWT_Init
 .text.DWT_Delay
                0x0000000008001cf4       0x2c Drivers/dwt_delay.o
                0x0000000008001cf4                DWT_Delay
 .text.HAL_InitTick
                0x0000000008001d20       0x4c Drivers/STM32F7xx_HAL_Driver/Src/stm32f7xx_hal.o
                0x0000000008001d20                HAL_InitTick
 .text.HAL_Init
                0x0000000008001d6c       0x24 Drivers/STM32F7xx_HAL_Driver/Src/stm32f7xx_hal.o
                0x0000000008001d6c                HAL_Init
 .text.HAL_IncTick
                0x0000000008001d90       0x18 Drivers/STM32F7xx_HAL_Driver/Src/stm32f7xx_hal.o
                0x0000000008001d90                HAL_IncTick
 .text.HAL_GetTick
                0x0000000008001da8        0xc Drivers/STM32F7xx_HAL_Driver/Src/stm32f7xx_hal.o
                0x0000000008001da8                HAL_GetTick
 .text.HAL_Delay
                0x0000000008001db4       0x28 Drivers/STM32F7xx_HAL_Driver/Src/stm32f7xx_hal.o
                0x0000000008001db4                HAL_Delay
 .text.ADC_Init
                0x0000000008001ddc      0x134 Drivers/STM32F7xx_HAL_Driver/Src/stm32f7xx_hal_adc.o
 .text.HAL_ADC_Init
                0x0000000008001f10       0x58 Drivers/STM32F7xx_HAL_Driver/Src/stm32f7xx_hal_adc.o
                0x0000000008001f10                HAL_ADC_Init
 .text.HAL_ADC_Start
                0x0000000008001f68      0x124 Drivers/STM32F7xx_HAL_Driver/Src/stm32f7xx_hal_adc.o
                0x0000000008001f68                HAL_ADC_Start
 .text.HAL_ADC_PollForConversion
                0x000000000800208c       0xb6 Drivers/STM32F7xx_HAL_Driver/Src/stm32f7xx_hal_adc.o
                0x000000000800208c                HAL_ADC_PollForConversion
 .text.HAL_ADC_GetValue
                0x0000000008002142        0x6 Drivers/STM32F7xx_HAL_Driver/Src/stm32f7xx_hal_adc.o
                0x0000000008002142                HAL_ADC_GetValue
 .text.HAL_ADC_ConfigChannel
                0x0000000008002148      0x1ac Drivers/STM32F7xx_HAL_Driver/Src/stm32f7xx_hal_adc.o
                0x0000000008002148                HAL_ADC_ConfigChannel
 .text.HAL_NVIC_SetPriorityGrouping
                0x00000000080022f4       0x24 Drivers/STM32F7xx_HAL_Driver/Src/stm32f7xx_hal_cortex.o
                0x00000000080022f4                HAL_NVIC_SetPriorityGrouping
 .text.HAL_NVIC_SetPriority
                0x0000000008002318       0x64 Drivers/STM32F7xx_HAL_Driver/Src/stm32f7xx_hal_cortex.o
                0x0000000008002318                HAL_NVIC_SetPriority
 .text.HAL_NVIC_EnableIRQ
                0x000000000800237c       0x1c Drivers/STM32F7xx_HAL_Driver/Src/stm32f7xx_hal_cortex.o
                0x000000000800237c                HAL_NVIC_EnableIRQ
 .text.HAL_SYSTICK_Config
                0x0000000008002398       0x2c Drivers/STM32F7xx_HAL_Driver/Src/stm32f7xx_hal_cortex.o
                0x0000000008002398                HAL_SYSTICK_Config
 .text.HAL_CRC_Init
                0x00000000080023c4       0x80 Drivers/STM32F7xx_HAL_Driver/Src/stm32f7xx_hal_crc.o
                0x00000000080023c4                HAL_CRC_Init
 .text.HAL_CRCEx_Polynomial_Set
                0x0000000008002444       0x6c Drivers/STM32F7xx_HAL_Driver/Src/stm32f7xx_hal_crc_ex.o
                0x0000000008002444                HAL_CRCEx_Polynomial_Set
 .text.DMA_CalcBaseAndBitshift
                0x00000000080024b0       0x38 Drivers/STM32F7xx_HAL_Driver/Src/stm32f7xx_hal_dma.o
 .text.DMA_CheckFifoParam
                0x00000000080024e8       0x8e Drivers/STM32F7xx_HAL_Driver/Src/stm32f7xx_hal_dma.o
 *fill*         0x0000000008002576        0x2 
 .text.HAL_DMA_Init
                0x0000000008002578       0xcc Drivers/STM32F7xx_HAL_Driver/Src/stm32f7xx_hal_dma.o
                0x0000000008002578                HAL_DMA_Init
 .text.HAL_DMA_DeInit
                0x0000000008002644       0x66 Drivers/STM32F7xx_HAL_Driver/Src/stm32f7xx_hal_dma.o
                0x0000000008002644                HAL_DMA_DeInit
 .text.DMA2D_SetConfig
                0x00000000080026aa       0x8c Drivers/STM32F7xx_HAL_Driver/Src/stm32f7xx_hal_dma2d.o
 *fill*         0x0000000008002736        0x2 
 .text.HAL_DMA2D_Init
                0x0000000008002738       0x5c Drivers/STM32F7xx_HAL_Driver/Src/stm32f7xx_hal_dma2d.o
                0x0000000008002738                HAL_DMA2D_Init
 .text.HAL_DMA2D_Start
                0x0000000008002794       0x38 Drivers/STM32F7xx_HAL_Driver/Src/stm32f7xx_hal_dma2d.o
                0x0000000008002794                HAL_DMA2D_Start
 .text.HAL_DMA2D_PollForTransfer
                0x00000000080027cc      0x13e Drivers/STM32F7xx_HAL_Driver/Src/stm32f7xx_hal_dma2d.o
                0x00000000080027cc                HAL_DMA2D_PollForTransfer
 *fill*         0x000000000800290a        0x2 
 .text.HAL_DMA2D_ConfigLayer
                0x000000000800290c       0xc4 Drivers/STM32F7xx_HAL_Driver/Src/stm32f7xx_hal_dma2d.o
                0x000000000800290c                HAL_DMA2D_ConfigLayer
 .text.HAL_GPIO_Init
                0x00000000080029d0      0x1e0 Drivers/STM32F7xx_HAL_Driver/Src/stm32f7xx_hal_gpio.o
                0x00000000080029d0                HAL_GPIO_Init
 .text.HAL_GPIO_ReadPin
                0x0000000008002bb0        0xe Drivers/STM32F7xx_HAL_Driver/Src/stm32f7xx_hal_gpio.o
                0x0000000008002bb0                HAL_GPIO_ReadPin
 .text.HAL_GPIO_WritePin
                0x0000000008002bbe        0xc Drivers/STM32F7xx_HAL_Driver/Src/stm32f7xx_hal_gpio.o
                0x0000000008002bbe                HAL_GPIO_WritePin
 .text.I2C_Flush_TXDR
                0x0000000008002bca       0x22 Drivers/STM32F7xx_HAL_Driver/Src/stm32f7xx_hal_i2c.o
 .text.I2C_TransferConfig
                0x0000000008002bec       0x36 Drivers/STM32F7xx_HAL_Driver/Src/stm32f7xx_hal_i2c.o
 .text.I2C_IsAcknowledgeFailed
                0x0000000008002c22       0x90 Drivers/STM32F7xx_HAL_Driver/Src/stm32f7xx_hal_i2c.o
 .text.I2C_WaitOnTXISFlagUntilTimeout
                0x0000000008002cb2       0x56 Drivers/STM32F7xx_HAL_Driver/Src/stm32f7xx_hal_i2c.o
 .text.I2C_WaitOnFlagUntilTimeout
                0x0000000008002d08       0x52 Drivers/STM32F7xx_HAL_Driver/Src/stm32f7xx_hal_i2c.o
 *fill*         0x0000000008002d5a        0x2 
 .text.I2C_RequestMemoryWrite
                0x0000000008002d5c       0x70 Drivers/STM32F7xx_HAL_Driver/Src/stm32f7xx_hal_i2c.o
 .text.I2C_RequestMemoryRead
                0x0000000008002dcc       0x70 Drivers/STM32F7xx_HAL_Driver/Src/stm32f7xx_hal_i2c.o
 .text.I2C_WaitOnSTOPFlagUntilTimeout
                0x0000000008002e3c       0x50 Drivers/STM32F7xx_HAL_Driver/Src/stm32f7xx_hal_i2c.o
 .text.HAL_I2C_MspInit
                0x0000000008002e8c        0x2 Drivers/STM32F7xx_HAL_Driver/Src/stm32f7xx_hal_i2c.o
                0x0000000008002e8c                HAL_I2C_MspInit
 *fill*         0x0000000008002e8e        0x2 
 .text.HAL_I2C_Init
                0x0000000008002e90       0xbc Drivers/STM32F7xx_HAL_Driver/Src/stm32f7xx_hal_i2c.o
                0x0000000008002e90                HAL_I2C_Init
 .text.HAL_I2C_MspDeInit
                0x0000000008002f4c        0x2 Drivers/STM32F7xx_HAL_Driver/Src/stm32f7xx_hal_i2c.o
                0x0000000008002f4c                HAL_I2C_MspDeInit
 .text.HAL_I2C_DeInit
                0x0000000008002f4e       0x32 Drivers/STM32F7xx_HAL_Driver/Src/stm32f7xx_hal_i2c.o
                0x0000000008002f4e                HAL_I2C_DeInit
 .text.HAL_I2C_Mem_Write
                0x0000000008002f80      0x1ae Drivers/STM32F7xx_HAL_Driver/Src/stm32f7xx_hal_i2c.o
                0x0000000008002f80                HAL_I2C_Mem_Write
 *fill*         0x000000000800312e        0x2 
 .text.HAL_I2C_Mem_Read
                0x0000000008003130      0x1b8 Drivers/STM32F7xx_HAL_Driver/Src/stm32f7xx_hal_i2c.o
                0x0000000008003130                HAL_I2C_Mem_Read
 .text.HAL_I2C_GetState
                0x00000000080032e8        0x6 Drivers/STM32F7xx_HAL_Driver/Src/stm32f7xx_hal_i2c.o
                0x00000000080032e8                HAL_I2C_GetState
 *fill*         0x00000000080032ee        0x2 
 .text.LTDC_SetConfig
                0x00000000080032f0      0x194 Drivers/STM32F7xx_HAL_Driver/Src/stm32f7xx_hal_ltdc.o
 .text.HAL_LTDC_Init
                0x0000000008003484       0xf4 Drivers/STM32F7xx_HAL_Driver/Src/stm32f7xx_hal_ltdc.o
                0x0000000008003484                HAL_LTDC_Init
 .text.HAL_LTDC_ErrorCallback
                0x0000000008003578        0x2 Drivers/STM32F7xx_HAL_Driver/Src/stm32f7xx_hal_ltdc.o
                0x0000000008003578                HAL_LTDC_ErrorCallback
 .text.HAL_LTDC_LineEventCallback
                0x000000000800357a        0x2 Drivers/STM32F7xx_HAL_Driver/Src/stm32f7xx_hal_ltdc.o
                0x000000000800357a                HAL_LTDC_LineEventCallback
 .text.HAL_LTDC_ReloadEventCallback
                0x000000000800357c        0x2 Drivers/STM32F7xx_HAL_Driver/Src/stm32f7xx_hal_ltdc.o
                0x000000000800357c                HAL_LTDC_ReloadEventCallback
 .text.HAL_LTDC_IRQHandler
                0x000000000800357e       0xda Drivers/STM32F7xx_HAL_Driver/Src/stm32f7xx_hal_ltdc.o
                0x000000000800357e                HAL_LTDC_IRQHandler
 .text.HAL_LTDC_ConfigLayer
                0x0000000008003658       0x5c Drivers/STM32F7xx_HAL_Driver/Src/stm32f7xx_hal_ltdc.o
                0x0000000008003658                HAL_LTDC_ConfigLayer
 .text.HAL_LTDC_GetState
                0x00000000080036b4        0x6 Drivers/STM32F7xx_HAL_Driver/Src/stm32f7xx_hal_ltdc.o
                0x00000000080036b4                HAL_LTDC_GetState
 *fill*         0x00000000080036ba        0x2 
 .text.HAL_PWREx_EnableOverDrive
                0x00000000080036bc       0x7c Drivers/STM32F7xx_HAL_Driver/Src/stm32f7xx_hal_pwr_ex.o
                0x00000000080036bc                HAL_PWREx_EnableOverDrive
 .text.HAL_RCC_OscConfig
                0x0000000008003738      0x3d4 Drivers/STM32F7xx_HAL_Driver/Src/stm32f7xx_hal_rcc.o
                0x0000000008003738                HAL_RCC_OscConfig
 .text.HAL_RCC_GetSysClockFreq
                0x0000000008003b0c       0xa8 Drivers/STM32F7xx_HAL_Driver/Src/stm32f7xx_hal_rcc.o
                0x0000000008003b0c                HAL_RCC_GetSysClockFreq
 .text.HAL_RCC_ClockConfig
                0x0000000008003bb4      0x164 Drivers/STM32F7xx_HAL_Driver/Src/stm32f7xx_hal_rcc.o
                0x0000000008003bb4                HAL_RCC_ClockConfig
 .text.HAL_RCC_GetHCLKFreq
                0x0000000008003d18        0xc Drivers/STM32F7xx_HAL_Driver/Src/stm32f7xx_hal_rcc.o
                0x0000000008003d18                HAL_RCC_GetHCLKFreq
 .text.HAL_RCC_GetPCLK1Freq
                0x0000000008003d24       0x20 Drivers/STM32F7xx_HAL_Driver/Src/stm32f7xx_hal_rcc.o
                0x0000000008003d24                HAL_RCC_GetPCLK1Freq
 .text.HAL_RCC_GetPCLK2Freq
                0x0000000008003d44       0x20 Drivers/STM32F7xx_HAL_Driver/Src/stm32f7xx_hal_rcc.o
                0x0000000008003d44                HAL_RCC_GetPCLK2Freq
 .text.HAL_RCCEx_PeriphCLKConfig
                0x0000000008003d64      0x5ac Drivers/STM32F7xx_HAL_Driver/Src/stm32f7xx_hal_rcc_ex.o
                0x0000000008003d64                HAL_RCCEx_PeriphCLKConfig
 .text.HAL_SDRAM_Init
                0x0000000008004310       0x3e Drivers/STM32F7xx_HAL_Driver/Src/stm32f7xx_hal_sdram.o
                0x0000000008004310                HAL_SDRAM_Init
 .text.HAL_SDRAM_SendCommand
                0x000000000800434e       0x3a Drivers/STM32F7xx_HAL_Driver/Src/stm32f7xx_hal_sdram.o
                0x000000000800434e                HAL_SDRAM_SendCommand
 .text.HAL_SDRAM_ProgramRefreshRate
                0x0000000008004388       0x28 Drivers/STM32F7xx_HAL_Driver/Src/stm32f7xx_hal_sdram.o
                0x0000000008004388                HAL_SDRAM_ProgramRefreshRate
 .text.SPI_WaitFlagStateUntilTimeout
                0x00000000080043b0       0x90 Drivers/STM32F7xx_HAL_Driver/Src/stm32f7xx_hal_spi.o
 .text.SPI_WaitFifoStateUntilTimeout
                0x0000000008004440       0x98 Drivers/STM32F7xx_HAL_Driver/Src/stm32f7xx_hal_spi.o
 .text.SPI_EndRxTxTransaction
                0x00000000080044d8       0x66 Drivers/STM32F7xx_HAL_Driver/Src/stm32f7xx_hal_spi.o
 .text.SPI_EndRxTransaction
                0x000000000800453e       0x88 Drivers/STM32F7xx_HAL_Driver/Src/stm32f7xx_hal_spi.o
 .text.HAL_SPI_Init
                0x00000000080045c6       0xba Drivers/STM32F7xx_HAL_Driver/Src/stm32f7xx_hal_spi.o
                0x00000000080045c6                HAL_SPI_Init
 .text.HAL_SPI_Transmit
                0x0000000008004680      0x1de Drivers/STM32F7xx_HAL_Driver/Src/stm32f7xx_hal_spi.o
                0x0000000008004680                HAL_SPI_Transmit
 .text.HAL_SPI_TransmitReceive
                0x000000000800485e      0x2d0 Drivers/STM32F7xx_HAL_Driver/Src/stm32f7xx_hal_spi.o
                0x000000000800485e                HAL_SPI_TransmitReceive
 .text.HAL_SPI_Receive
                0x0000000008004b2e      0x198 Drivers/STM32F7xx_HAL_Driver/Src/stm32f7xx_hal_spi.o
                0x0000000008004b2e                HAL_SPI_Receive
 *fill*         0x0000000008004cc6        0x2 
 .text.UART_SetConfig
                0x0000000008004cc8      0x370 Drivers/STM32F7xx_HAL_Driver/Src/stm32f7xx_hal_uart.o
                0x0000000008004cc8                UART_SetConfig
 .text.UART_AdvFeatureConfig
                0x0000000008005038       0xca Drivers/STM32F7xx_HAL_Driver/Src/stm32f7xx_hal_uart.o
                0x0000000008005038                UART_AdvFeatureConfig
 .text.UART_WaitOnFlagUntilTimeout
                0x0000000008005102       0x60 Drivers/STM32F7xx_HAL_Driver/Src/stm32f7xx_hal_uart.o
                0x0000000008005102                UART_WaitOnFlagUntilTimeout
 .text.HAL_UART_Transmit
                0x0000000008005162       0xdc Drivers/STM32F7xx_HAL_Driver/Src/stm32f7xx_hal_uart.o
                0x0000000008005162                HAL_UART_Transmit
 .text.UART_CheckIdleState
                0x000000000800523e       0x44 Drivers/STM32F7xx_HAL_Driver/Src/stm32f7xx_hal_uart.o
                0x000000000800523e                UART_CheckIdleState
 .text.HAL_UART_Init
                0x0000000008005282       0x62 Drivers/STM32F7xx_HAL_Driver/Src/stm32f7xx_hal_uart.o
                0x0000000008005282                HAL_UART_Init
 .text.FMC_SDRAM_Init
                0x00000000080052e4       0x74 Drivers/STM32F7xx_HAL_Driver/Src/stm32f7xx_ll_fmc.o
                0x00000000080052e4                FMC_SDRAM_Init
 .text.FMC_SDRAM_Timing_Init
                0x0000000008005358       0x98 Drivers/STM32F7xx_HAL_Driver/Src/stm32f7xx_ll_fmc.o
                0x0000000008005358                FMC_SDRAM_Timing_Init
 .text.FMC_SDRAM_SendCommand
                0x00000000080053f0       0x2c Drivers/STM32F7xx_HAL_Driver/Src/stm32f7xx_ll_fmc.o
                0x00000000080053f0                FMC_SDRAM_SendCommand
 .text.FMC_SDRAM_ProgramRefreshRate
                0x000000000800541c        0xc Drivers/STM32F7xx_HAL_Driver/Src/stm32f7xx_ll_fmc.o
                0x000000000800541c                FMC_SDRAM_ProgramRefreshRate
 .text.ft5336_Reset
                0x0000000008005428        0x2 GUI files/ft5336.o
                0x0000000008005428                ft5336_Reset
 .text.ft5336_TS_ITStatus
                0x000000000800542a        0x4 GUI files/ft5336.o
                0x000000000800542a                ft5336_TS_ITStatus
 .text.ft5336_TS_ClearIT
                0x000000000800542e        0x2 GUI files/ft5336.o
                0x000000000800542e                ft5336_TS_ClearIT
 .text.ft5336_Get_I2C_InitializedStatus
                0x0000000008005430        0xc GUI files/ft5336.o
 .text.ft5336_I2C_InitializeIfRequired
                0x000000000800543c       0x1c GUI files/ft5336.o
 .text.ft5336_Init
                0x0000000008005458        0xe GUI files/ft5336.o
                0x0000000008005458                ft5336_Init
 .text.ft5336_ReadID
                0x0000000008005466       0x4a GUI files/ft5336.o
                0x0000000008005466                ft5336_ReadID
 .text.ft5336_TS_DetectTouch
                0x00000000080054b0       0x4c GUI files/ft5336.o
                0x00000000080054b0                ft5336_TS_DetectTouch
 .text.ft5336_TS_GetXY
                0x00000000080054fc      0x154 GUI files/ft5336.o
                0x00000000080054fc                ft5336_TS_GetXY
 .text.ft5336_TS_EnableIT
                0x0000000008005650        0xe GUI files/ft5336.o
                0x0000000008005650                ft5336_TS_EnableIT
 .text.ft5336_TS_DisableIT
                0x000000000800565e        0xe GUI files/ft5336.o
                0x000000000800565e                ft5336_TS_DisableIT
 .text.ft5336_TS_Start
                0x000000000800566c        0x8 GUI files/ft5336.o
                0x000000000800566c                ft5336_TS_Start
 .text.I2Cx_MspInit
                0x0000000008005674      0x128 GUI files/stm32746g_discovery.o
 .text.I2Cx_Init
                0x000000000800579c       0x4c GUI files/stm32746g_discovery.o
 .text.I2Cx_Error
                0x00000000080057e8       0x10 GUI files/stm32746g_discovery.o
 .text.I2Cx_WriteMultiple
                0x00000000080057f8       0x32 GUI files/stm32746g_discovery.o
 .text.I2Cx_ReadMultiple
                0x000000000800582a       0x32 GUI files/stm32746g_discovery.o
 .text.TS_IO_Init
                0x000000000800585c       0x10 GUI files/stm32746g_discovery.o
                0x000000000800585c                TS_IO_Init
 .text.TS_IO_Write
                0x000000000800586c       0x24 GUI files/stm32746g_discovery.o
                0x000000000800586c                TS_IO_Write
 .text.TS_IO_Read
                0x0000000008005890       0x2c GUI files/stm32746g_discovery.o
                0x0000000008005890                TS_IO_Read
 .text.TS_IO_Delay
                0x00000000080058bc        0x8 GUI files/stm32746g_discovery.o
                0x00000000080058bc                TS_IO_Delay
 .text.LL_FillBuffer
                0x00000000080058c4       0x80 GUI files/stm32746g_discovery_lcd.o
 .text.BSP_LCD_GetXSize
                0x0000000008005944       0x18 GUI files/stm32746g_discovery_lcd.o
                0x0000000008005944                BSP_LCD_GetXSize
 .text.BSP_LCD_GetYSize
                0x000000000800595c       0x18 GUI files/stm32746g_discovery_lcd.o
                0x000000000800595c                BSP_LCD_GetYSize
 .text.BSP_LCD_LayerDefaultInit
                0x0000000008005974       0x80 GUI files/stm32746g_discovery_lcd.o
                0x0000000008005974                BSP_LCD_LayerDefaultInit
 .text.BSP_LCD_SelectLayer
                0x00000000080059f4        0xc GUI files/stm32746g_discovery_lcd.o
                0x00000000080059f4                BSP_LCD_SelectLayer
 .text.BSP_LCD_SetTextColor
                0x0000000008005a00       0x18 GUI files/stm32746g_discovery_lcd.o
                0x0000000008005a00                BSP_LCD_SetTextColor
 .text.BSP_LCD_SetBackColor
                0x0000000008005a18       0x1c GUI files/stm32746g_discovery_lcd.o
                0x0000000008005a18                BSP_LCD_SetBackColor
 .text.BSP_LCD_SetFont
                0x0000000008005a34       0x1c GUI files/stm32746g_discovery_lcd.o
                0x0000000008005a34                BSP_LCD_SetFont
 .text.BSP_LCD_Clear
                0x0000000008005a50       0x3c GUI files/stm32746g_discovery_lcd.o
                0x0000000008005a50                BSP_LCD_Clear
 .text.BSP_LCD_DrawPixel
                0x0000000008005a8c       0x54 GUI files/stm32746g_discovery_lcd.o
                0x0000000008005a8c                BSP_LCD_DrawPixel
 .text.DrawChar
                0x0000000008005ae0       0xe8 GUI files/stm32746g_discovery_lcd.o
 .text.BSP_LCD_DisplayChar
                0x0000000008005bc8       0x38 GUI files/stm32746g_discovery_lcd.o
                0x0000000008005bc8                BSP_LCD_DisplayChar
 .text.BSP_LCD_DisplayStringAt
                0x0000000008005c00       0xd0 GUI files/stm32746g_discovery_lcd.o
                0x0000000008005c00                BSP_LCD_DisplayStringAt
 .text.BSP_LCD_DisplayOn
                0x0000000008005cd0       0x34 GUI files/stm32746g_discovery_lcd.o
                0x0000000008005cd0                BSP_LCD_DisplayOn
 .text.BSP_LCD_MspInit
                0x0000000008005d04      0x148 GUI files/stm32746g_discovery_lcd.o
                0x0000000008005d04                BSP_LCD_MspInit
 .text.BSP_LCD_ClockConfig
                0x0000000008005e4c       0x20 GUI files/stm32746g_discovery_lcd.o
                0x0000000008005e4c                BSP_LCD_ClockConfig
 .text.BSP_LCD_Init
                0x0000000008005e6c       0xac GUI files/stm32746g_discovery_lcd.o
                0x0000000008005e6c                BSP_LCD_Init
 .text.BSP_SDRAM_Initialization_sequence
                0x0000000008005f18       0x9c GUI files/stm32746g_discovery_sdram.o
                0x0000000008005f18                BSP_SDRAM_Initialization_sequence
 .text.BSP_SDRAM_MspInit
                0x0000000008005fb4      0x17c GUI files/stm32746g_discovery_sdram.o
                0x0000000008005fb4                BSP_SDRAM_MspInit
 .text.BSP_SDRAM_Init
                0x0000000008006130       0x80 GUI files/stm32746g_discovery_sdram.o
                0x0000000008006130                BSP_SDRAM_Init
 .text.BSP_TS_Init
                0x00000000080061b0       0x50 GUI files/stm32746g_discovery_ts.o
                0x00000000080061b0                BSP_TS_Init
 .text.MX_GPIO_Init
                0x0000000008006200      0x190 Src/main.o
 .text.MX_SPI2_Init
                0x0000000008006390       0x44 Src/main.o
 .text.MX_USART1_UART_Init
                0x00000000080063d4       0x30 Src/main.o
 .text.MX_ADC3_Init
                0x0000000008006404       0x60 Src/main.o
 .text.MX_CRC_Init
                0x0000000008006464       0x24 Src/main.o
 .text.MX_DMA2D_Init
                0x0000000008006488       0x30 Src/main.o
 .text.MX_FMC_Init
                0x00000000080064b8       0x48 Src/main.o
 .text.MX_LTDC_Init
                0x0000000008006500       0xd4 Src/main.o
 .text.SystemClock_Config
                0x00000000080065d4       0xc8 Src/main.o
                0x00000000080065d4                SystemClock_Config
 .text.packData
                0x000000000800669c      0x108 Src/main.o
                0x000000000800669c                packData
 .text.unpackAckPayload
                0x00000000080067a4       0x4c Src/main.o
                0x00000000080067a4                unpackAckPayload
 .text.map      0x00000000080067f0       0x22 Src/main.o
                0x00000000080067f0                map
 *fill*         0x0000000008006812        0x2 
 .text.main     0x0000000008006814      0x684 Src/main.o
                0x0000000008006814                main
 .text.HAL_FMC_MspInit
                0x0000000008006e98       0xc4 Src/stm32f7xx_hal_msp.o
 .text.HAL_MspInit
                0x0000000008006f5c       0x30 Src/stm32f7xx_hal_msp.o
                0x0000000008006f5c                HAL_MspInit
 .text.HAL_ADC_MspInit
                0x0000000008006f8c       0x88 Src/stm32f7xx_hal_msp.o
                0x0000000008006f8c                HAL_ADC_MspInit
 .text.HAL_CRC_MspInit
                0x0000000008007014       0x2c Src/stm32f7xx_hal_msp.o
                0x0000000008007014                HAL_CRC_MspInit
 .text.HAL_DMA2D_MspInit
                0x0000000008007040       0x2c Src/stm32f7xx_hal_msp.o
                0x0000000008007040                HAL_DMA2D_MspInit
 .text.HAL_LTDC_MspInit
                0x000000000800706c      0x1d0 Src/stm32f7xx_hal_msp.o
                0x000000000800706c                HAL_LTDC_MspInit
 .text.HAL_SPI_MspInit
                0x000000000800723c       0x94 Src/stm32f7xx_hal_msp.o
                0x000000000800723c                HAL_SPI_MspInit
 .text.HAL_UART_MspInit
                0x00000000080072d0       0x98 Src/stm32f7xx_hal_msp.o
                0x00000000080072d0                HAL_UART_MspInit
 .text.HAL_SDRAM_MspInit
                0x0000000008007368        0x8 Src/stm32f7xx_hal_msp.o
                0x0000000008007368                HAL_SDRAM_MspInit
 .text.NMI_Handler
                0x0000000008007370        0x2 Src/stm32f7xx_it.o
                0x0000000008007370                NMI_Handler
 .text.HardFault_Handler
                0x0000000008007372        0x2 Src/stm32f7xx_it.o
                0x0000000008007372                HardFault_Handler
 .text.MemManage_Handler
                0x0000000008007374        0x2 Src/stm32f7xx_it.o
                0x0000000008007374                MemManage_Handler
 .text.BusFault_Handler
                0x0000000008007376        0x2 Src/stm32f7xx_it.o
                0x0000000008007376                BusFault_Handler
 .text.UsageFault_Handler
                0x0000000008007378        0x2 Src/stm32f7xx_it.o
                0x0000000008007378                UsageFault_Handler
 .text.SVC_Handler
                0x000000000800737a        0x2 Src/stm32f7xx_it.o
                0x000000000800737a                SVC_Handler
 .text.DebugMon_Handler
                0x000000000800737c        0x2 Src/stm32f7xx_it.o
                0x000000000800737c                DebugMon_Handler
 .text.PendSV_Handler
                0x000000000800737e        0x2 Src/stm32f7xx_it.o
                0x000000000800737e                PendSV_Handler
 .text.SysTick_Handler
                0x0000000008007380        0x8 Src/stm32f7xx_it.o
                0x0000000008007380                SysTick_Handler
 .text.LTDC_IRQHandler
                0x0000000008007388       0x10 Src/stm32f7xx_it.o
                0x0000000008007388                LTDC_IRQHandler
 .text.LTDC_ER_IRQHandler
                0x0000000008007398       0x10 Src/stm32f7xx_it.o
                0x0000000008007398                LTDC_ER_IRQHandler
 .text._sbrk    0x00000000080073a8       0x3c Src/sysmem.o
                0x00000000080073a8                _sbrk
 .text.SystemInit
                0x00000000080073e4       0x50 Src/system_stm32f7xx.o
                0x00000000080073e4                SystemInit
 .text.Reset_Handler
                0x0000000008007434       0x50 Startup/startup_stm32f746nghx.o
                0x0000000008007434                Reset_Handler
 .text.Default_Handler
                0x0000000008007484        0x2 Startup/startup_stm32f746nghx.o
                0x0000000008007484                DMA1_Stream3_IRQHandler
                0x0000000008007484                EXTI2_IRQHandler
                0x0000000008007484                TIM8_CC_IRQHandler
                0x0000000008007484                UART8_IRQHandler
                0x0000000008007484                SPI4_IRQHandler
                0x0000000008007484                TIM1_CC_IRQHandler
                0x0000000008007484                DMA2_Stream5_IRQHandler
                0x0000000008007484                DMA1_Stream5_IRQHandler
                0x0000000008007484                PVD_IRQHandler
                0x0000000008007484                TAMP_STAMP_IRQHandler
                0x0000000008007484                CAN2_RX1_IRQHandler
                0x0000000008007484                EXTI3_IRQHandler
                0x0000000008007484                TIM8_TRG_COM_TIM14_IRQHandler
                0x0000000008007484                TIM1_UP_TIM10_IRQHandler
                0x0000000008007484                TIM8_UP_TIM13_IRQHandler
                0x0000000008007484                I2C3_ER_IRQHandler
                0x0000000008007484                EXTI0_IRQHandler
                0x0000000008007484                I2C2_EV_IRQHandler
                0x0000000008007484                DMA1_Stream2_IRQHandler
                0x0000000008007484                CAN1_RX0_IRQHandler
                0x0000000008007484                FPU_IRQHandler
                0x0000000008007484                OTG_HS_WKUP_IRQHandler
                0x0000000008007484                CAN2_SCE_IRQHandler
                0x0000000008007484                DMA2_Stream2_IRQHandler
                0x0000000008007484                SPI1_IRQHandler
                0x0000000008007484                TIM6_DAC_IRQHandler
                0x0000000008007484                TIM1_BRK_TIM9_IRQHandler
                0x0000000008007484                DCMI_IRQHandler
                0x0000000008007484                CAN2_RX0_IRQHandler
                0x0000000008007484                DMA2_Stream3_IRQHandler
                0x0000000008007484                SAI2_IRQHandler
                0x0000000008007484                USART6_IRQHandler
                0x0000000008007484                USART3_IRQHandler
                0x0000000008007484                CAN1_RX1_IRQHandler
                0x0000000008007484                UART5_IRQHandler
                0x0000000008007484                DMA2_Stream0_IRQHandler
                0x0000000008007484                TIM4_IRQHandler
                0x0000000008007484                QUADSPI_IRQHandler
                0x0000000008007484                I2C1_EV_IRQHandler
                0x0000000008007484                DMA1_Stream6_IRQHandler
                0x0000000008007484                DMA1_Stream1_IRQHandler
                0x0000000008007484                UART4_IRQHandler
                0x0000000008007484                TIM3_IRQHandler
                0x0000000008007484                RCC_IRQHandler
                0x0000000008007484                TIM8_BRK_TIM12_IRQHandler
                0x0000000008007484                Default_Handler
                0x0000000008007484                CEC_IRQHandler
                0x0000000008007484                EXTI15_10_IRQHandler
                0x0000000008007484                ADC_IRQHandler
                0x0000000008007484                DMA1_Stream7_IRQHandler
                0x0000000008007484                SPI5_IRQHandler
                0x0000000008007484                TIM7_IRQHandler
                0x0000000008007484                SDMMC1_IRQHandler
                0x0000000008007484                CAN2_TX_IRQHandler
                0x0000000008007484                TIM5_IRQHandler
                0x0000000008007484                DMA2_Stream7_IRQHandler
                0x0000000008007484                I2C3_EV_IRQHandler
                0x0000000008007484                EXTI9_5_IRQHandler
                0x0000000008007484                RTC_WKUP_IRQHandler
                0x0000000008007484                ETH_WKUP_IRQHandler
                0x0000000008007484                SPDIF_RX_IRQHandler
                0x0000000008007484                SPI2_IRQHandler
                0x0000000008007484                OTG_HS_EP1_IN_IRQHandler
                0x0000000008007484                DMA1_Stream0_IRQHandler
                0x0000000008007484                CAN1_TX_IRQHandler
                0x0000000008007484                EXTI4_IRQHandler
                0x0000000008007484                RNG_IRQHandler
                0x0000000008007484                ETH_IRQHandler
                0x0000000008007484                OTG_HS_EP1_OUT_IRQHandler
                0x0000000008007484                WWDG_IRQHandler
                0x0000000008007484                SPI6_IRQHandler
                0x0000000008007484                I2C4_EV_IRQHandler
                0x0000000008007484                TIM2_IRQHandler
                0x0000000008007484                OTG_FS_WKUP_IRQHandler
                0x0000000008007484                TIM1_TRG_COM_TIM11_IRQHandler
                0x0000000008007484                OTG_HS_IRQHandler
                0x0000000008007484                DMA2D_IRQHandler
                0x0000000008007484                EXTI1_IRQHandler
                0x0000000008007484                UART7_IRQHandler
                0x0000000008007484                USART2_IRQHandler
                0x0000000008007484                I2C2_ER_IRQHandler
                0x0000000008007484                DMA2_Stream1_IRQHandler
                0x0000000008007484                CAN1_SCE_IRQHandler
                0x0000000008007484                FLASH_IRQHandler
                0x0000000008007484                DMA2_Stream4_IRQHandler
                0x0000000008007484                USART1_IRQHandler
                0x0000000008007484                OTG_FS_IRQHandler
                0x0000000008007484                SPI3_IRQHandler
                0x0000000008007484                DMA1_Stream4_IRQHandler
                0x0000000008007484                I2C1_ER_IRQHandler
                0x0000000008007484                FMC_IRQHandler
                0x0000000008007484                LPTIM1_IRQHandler
                0x0000000008007484                I2C4_ER_IRQHandler
                0x0000000008007484                DMA2_Stream6_IRQHandler
                0x0000000008007484                SAI1_IRQHandler
                0x0000000008007484                RTC_Alarm_IRQHandler
 *fill*         0x0000000008007486        0x2 
 .text.__errno  0x0000000008007488        0xc /Applications/STM32CubeIDE.app/Contents/Eclipse/plugins/com.st.stm32cube.ide.mcu.externaltools.gnu-tools-for-stm32.7-2018-q2-update.macos64_1.0.0.201904181610/tools/bin/../lib/gcc/arm-none-eabi/7.3.1/../../../../arm-none-eabi/lib/thumb/v7e-m/fpv4-sp/hard/libc_nano.a(lib_a-errno.o)
                0x0000000008007488                __errno
 .text.__libc_init_array
                0x0000000008007494       0x48 /Applications/STM32CubeIDE.app/Contents/Eclipse/plugins/com.st.stm32cube.ide.mcu.externaltools.gnu-tools-for-stm32.7-2018-q2-update.macos64_1.0.0.201904181610/tools/bin/../lib/gcc/arm-none-eabi/7.3.1/../../../../arm-none-eabi/lib/thumb/v7e-m/fpv4-sp/hard/libc_nano.a(lib_a-init.o)
                0x0000000008007494                __libc_init_array
 .text.memcpy   0x00000000080074dc       0x16 /Applications/STM32CubeIDE.app/Contents/Eclipse/plugins/com.st.stm32cube.ide.mcu.externaltools.gnu-tools-for-stm32.7-2018-q2-update.macos64_1.0.0.201904181610/tools/bin/../lib/gcc/arm-none-eabi/7.3.1/../../../../arm-none-eabi/lib/thumb/v7e-m/fpv4-sp/hard/libc_nano.a(lib_a-memcpy-stub.o)
                0x00000000080074dc                memcpy
 .text.memset   0x00000000080074f2       0x10 /Applications/STM32CubeIDE.app/Contents/Eclipse/plugins/com.st.stm32cube.ide.mcu.externaltools.gnu-tools-for-stm32.7-2018-q2-update.macos64_1.0.0.201904181610/tools/bin/../lib/gcc/arm-none-eabi/7.3.1/../../../../arm-none-eabi/lib/thumb/v7e-m/fpv4-sp/hard/libc_nano.a(lib_a-memset.o)
                0x00000000080074f2                memset
 .text.__cvt    0x0000000008007502       0xc2 /Applications/STM32CubeIDE.app/Contents/Eclipse/plugins/com.st.stm32cube.ide.mcu.externaltools.gnu-tools-for-stm32.7-2018-q2-update.macos64_1.0.0.201904181610/tools/bin/../lib/gcc/arm-none-eabi/7.3.1/../../../../arm-none-eabi/lib/thumb/v7e-m/fpv4-sp/hard/libc_nano.a(lib_a-nano-vfprintf_float.o)
                0x0000000008007502                __cvt
 .text.__exponent
                0x00000000080075c4       0x66 /Applications/STM32CubeIDE.app/Contents/Eclipse/plugins/com.st.stm32cube.ide.mcu.externaltools.gnu-tools-for-stm32.7-2018-q2-update.macos64_1.0.0.201904181610/tools/bin/../lib/gcc/arm-none-eabi/7.3.1/../../../../arm-none-eabi/lib/thumb/v7e-m/fpv4-sp/hard/libc_nano.a(lib_a-nano-vfprintf_float.o)
                0x00000000080075c4                __exponent
 *fill*         0x000000000800762a        0x2 
 .text._printf_float
                0x000000000800762c      0x480 /Applications/STM32CubeIDE.app/Contents/Eclipse/plugins/com.st.stm32cube.ide.mcu.externaltools.gnu-tools-for-stm32.7-2018-q2-update.macos64_1.0.0.201904181610/tools/bin/../lib/gcc/arm-none-eabi/7.3.1/../../../../arm-none-eabi/lib/thumb/v7e-m/fpv4-sp/hard/libc_nano.a(lib_a-nano-vfprintf_float.o)
                0x000000000800762c                _printf_float
 .text._printf_common
                0x0000000008007aac       0xea /Applications/STM32CubeIDE.app/Contents/Eclipse/plugins/com.st.stm32cube.ide.mcu.externaltools.gnu-tools-for-stm32.7-2018-q2-update.macos64_1.0.0.201904181610/tools/bin/../lib/gcc/arm-none-eabi/7.3.1/../../../../arm-none-eabi/lib/thumb/v7e-m/fpv4-sp/hard/libc_nano.a(lib_a-nano-vfprintf_i.o)
                0x0000000008007aac                _printf_common
 *fill*         0x0000000008007b96        0x2 
 .text._printf_i
                0x0000000008007b98      0x224 /Applications/STM32CubeIDE.app/Contents/Eclipse/plugins/com.st.stm32cube.ide.mcu.externaltools.gnu-tools-for-stm32.7-2018-q2-update.macos64_1.0.0.201904181610/tools/bin/../lib/gcc/arm-none-eabi/7.3.1/../../../../arm-none-eabi/lib/thumb/v7e-m/fpv4-sp/hard/libc_nano.a(lib_a-nano-vfprintf_i.o)
                0x0000000008007b98                _printf_i
 .text._scanf_float
                0x0000000008007dbc      0x3c4 /Applications/STM32CubeIDE.app/Contents/Eclipse/plugins/com.st.stm32cube.ide.mcu.externaltools.gnu-tools-for-stm32.7-2018-q2-update.macos64_1.0.0.201904181610/tools/bin/../lib/gcc/arm-none-eabi/7.3.1/../../../../arm-none-eabi/lib/thumb/v7e-m/fpv4-sp/hard/libc_nano.a(lib_a-nano-vfscanf_float.o)
                0x0000000008007dbc                _scanf_float
 .text.nanf     0x0000000008008180        0xc /Applications/STM32CubeIDE.app/Contents/Eclipse/plugins/com.st.stm32cube.ide.mcu.externaltools.gnu-tools-for-stm32.7-2018-q2-update.macos64_1.0.0.201904181610/tools/bin/../lib/gcc/arm-none-eabi/7.3.1/../../../../arm-none-eabi/lib/thumb/v7e-m/fpv4-sp/hard/libc_nano.a(lib_a-sf_nan.o)
                0x0000000008008180                nanf
 .text.snprintf
                0x000000000800818c       0x68 /Applications/STM32CubeIDE.app/Contents/Eclipse/plugins/com.st.stm32cube.ide.mcu.externaltools.gnu-tools-for-stm32.7-2018-q2-update.macos64_1.0.0.201904181610/tools/bin/../lib/gcc/arm-none-eabi/7.3.1/../../../../arm-none-eabi/lib/thumb/v7e-m/fpv4-sp/hard/libc_nano.a(lib_a-snprintf.o)
                0x000000000800818c                snprintf
                0x000000000800818c                sniprintf
 .text.sprintf  0x00000000080081f4       0x40 /Applications/STM32CubeIDE.app/Contents/Eclipse/plugins/com.st.stm32cube.ide.mcu.externaltools.gnu-tools-for-stm32.7-2018-q2-update.macos64_1.0.0.201904181610/tools/bin/../lib/gcc/arm-none-eabi/7.3.1/../../../../arm-none-eabi/lib/thumb/v7e-m/fpv4-sp/hard/libc_nano.a(lib_a-sprintf.o)
                0x00000000080081f4                sprintf
                0x00000000080081f4                siprintf
 .text.unlikely.sulp
                0x0000000008008234       0x38 /Applications/STM32CubeIDE.app/Contents/Eclipse/plugins/com.st.stm32cube.ide.mcu.externaltools.gnu-tools-for-stm32.7-2018-q2-update.macos64_1.0.0.201904181610/tools/bin/../lib/gcc/arm-none-eabi/7.3.1/../../../../arm-none-eabi/lib/thumb/v7e-m/fpv4-sp/hard/libc_nano.a(lib_a-strtod.o)
 *fill*         0x000000000800826c        0x4 
 .text._strtod_l
                0x0000000008008270      0xbe8 /Applications/STM32CubeIDE.app/Contents/Eclipse/plugins/com.st.stm32cube.ide.mcu.externaltools.gnu-tools-for-stm32.7-2018-q2-update.macos64_1.0.0.201904181610/tools/bin/../lib/gcc/arm-none-eabi/7.3.1/../../../../arm-none-eabi/lib/thumb/v7e-m/fpv4-sp/hard/libc_nano.a(lib_a-strtod.o)
                0x0000000008008270                _strtod_l
 .text._strtod_r
                0x0000000008008e58       0x20 /Applications/STM32CubeIDE.app/Contents/Eclipse/plugins/com.st.stm32cube.ide.mcu.externaltools.gnu-tools-for-stm32.7-2018-q2-update.macos64_1.0.0.201904181610/tools/bin/../lib/gcc/arm-none-eabi/7.3.1/../../../../arm-none-eabi/lib/thumb/v7e-m/fpv4-sp/hard/libc_nano.a(lib_a-strtod.o)
                0x0000000008008e58                _strtod_r
 .text._strtol_l.isra.0
                0x0000000008008e78       0xf6 /Applications/STM32CubeIDE.app/Contents/Eclipse/plugins/com.st.stm32cube.ide.mcu.externaltools.gnu-tools-for-stm32.7-2018-q2-update.macos64_1.0.0.201904181610/tools/bin/../lib/gcc/arm-none-eabi/7.3.1/../../../../arm-none-eabi/lib/thumb/v7e-m/fpv4-sp/hard/libc_nano.a(lib_a-strtol.o)
 *fill*         0x0000000008008f6e        0x2 
 .text._strtol_r
                0x0000000008008f70       0x24 /Applications/STM32CubeIDE.app/Contents/Eclipse/plugins/com.st.stm32cube.ide.mcu.externaltools.gnu-tools-for-stm32.7-2018-q2-update.macos64_1.0.0.201904181610/tools/bin/../lib/gcc/arm-none-eabi/7.3.1/../../../../arm-none-eabi/lib/thumb/v7e-m/fpv4-sp/hard/libc_nano.a(lib_a-strtol.o)
                0x0000000008008f70                _strtol_r
 .text.quorem   0x0000000008008f94      0x118 /Applications/STM32CubeIDE.app/Contents/Eclipse/plugins/com.st.stm32cube.ide.mcu.externaltools.gnu-tools-for-stm32.7-2018-q2-update.macos64_1.0.0.201904181610/tools/bin/../lib/gcc/arm-none-eabi/7.3.1/../../../../arm-none-eabi/lib/thumb/v7e-m/fpv4-sp/hard/libc_nano.a(lib_a-dtoa.o)
 *fill*         0x00000000080090ac        0x4 
 .text._dtoa_r  0x00000000080090b0      0xb70 /Applications/STM32CubeIDE.app/Contents/Eclipse/plugins/com.st.stm32cube.ide.mcu.externaltools.gnu-tools-for-stm32.7-2018-q2-update.macos64_1.0.0.201904181610/tools/bin/../lib/gcc/arm-none-eabi/7.3.1/../../../../arm-none-eabi/lib/thumb/v7e-m/fpv4-sp/hard/libc_nano.a(lib_a-dtoa.o)
                0x00000000080090b0                _dtoa_r
 .text.rshift   0x0000000008009c20       0x74 /Applications/STM32CubeIDE.app/Contents/Eclipse/plugins/com.st.stm32cube.ide.mcu.externaltools.gnu-tools-for-stm32.7-2018-q2-update.macos64_1.0.0.201904181610/tools/bin/../lib/gcc/arm-none-eabi/7.3.1/../../../../arm-none-eabi/lib/thumb/v7e-m/fpv4-sp/hard/libc_nano.a(lib_a-gdtoa-gethex.o)
 .text.__hexdig_fun
                0x0000000008009c94       0x2a /Applications/STM32CubeIDE.app/Contents/Eclipse/plugins/com.st.stm32cube.ide.mcu.externaltools.gnu-tools-for-stm32.7-2018-q2-update.macos64_1.0.0.201904181610/tools/bin/../lib/gcc/arm-none-eabi/7.3.1/../../../../arm-none-eabi/lib/thumb/v7e-m/fpv4-sp/hard/libc_nano.a(lib_a-gdtoa-gethex.o)
                0x0000000008009c94                __hexdig_fun
 .text.__gethex
                0x0000000008009cbe      0x442 /Applications/STM32CubeIDE.app/Contents/Eclipse/plugins/com.st.stm32cube.ide.mcu.externaltools.gnu-tools-for-stm32.7-2018-q2-update.macos64_1.0.0.201904181610/tools/bin/../lib/gcc/arm-none-eabi/7.3.1/../../../../arm-none-eabi/lib/thumb/v7e-m/fpv4-sp/hard/libc_nano.a(lib_a-gdtoa-gethex.o)
                0x0000000008009cbe                __gethex
 .text.L_shift  0x000000000800a100       0x24 /Applications/STM32CubeIDE.app/Contents/Eclipse/plugins/com.st.stm32cube.ide.mcu.externaltools.gnu-tools-for-stm32.7-2018-q2-update.macos64_1.0.0.201904181610/tools/bin/../lib/gcc/arm-none-eabi/7.3.1/../../../../arm-none-eabi/lib/thumb/v7e-m/fpv4-sp/hard/libc_nano.a(lib_a-gdtoa-hexnan.o)
 .text.__match  0x000000000800a124       0x28 /Applications/STM32CubeIDE.app/Contents/Eclipse/plugins/com.st.stm32cube.ide.mcu.externaltools.gnu-tools-for-stm32.7-2018-q2-update.macos64_1.0.0.201904181610/tools/bin/../lib/gcc/arm-none-eabi/7.3.1/../../../../arm-none-eabi/lib/thumb/v7e-m/fpv4-sp/hard/libc_nano.a(lib_a-gdtoa-hexnan.o)
                0x000000000800a124                __match
 .text.__hexnan
                0x000000000800a14c      0x120 /Applications/STM32CubeIDE.app/Contents/Eclipse/plugins/com.st.stm32cube.ide.mcu.externaltools.gnu-tools-for-stm32.7-2018-q2-update.macos64_1.0.0.201904181610/tools/bin/../lib/gcc/arm-none-eabi/7.3.1/../../../../arm-none-eabi/lib/thumb/v7e-m/fpv4-sp/hard/libc_nano.a(lib_a-gdtoa-hexnan.o)
                0x000000000800a14c                __hexnan
 .text.__locale_ctype_ptr_l
                0x000000000800a26c        0x6 /Applications/STM32CubeIDE.app/Contents/Eclipse/plugins/com.st.stm32cube.ide.mcu.externaltools.gnu-tools-for-stm32.7-2018-q2-update.macos64_1.0.0.201904181610/tools/bin/../lib/gcc/arm-none-eabi/7.3.1/../../../../arm-none-eabi/lib/thumb/v7e-m/fpv4-sp/hard/libc_nano.a(lib_a-locale.o)
                0x000000000800a26c                __locale_ctype_ptr_l
 .text.__localeconv_l
                0x000000000800a272        0x4 /Applications/STM32CubeIDE.app/Contents/Eclipse/plugins/com.st.stm32cube.ide.mcu.externaltools.gnu-tools-for-stm32.7-2018-q2-update.macos64_1.0.0.201904181610/tools/bin/../lib/gcc/arm-none-eabi/7.3.1/../../../../arm-none-eabi/lib/thumb/v7e-m/fpv4-sp/hard/libc_nano.a(lib_a-localeconv.o)
                0x000000000800a272                __localeconv_l
 *fill*         0x000000000800a276        0x2 
 .text._localeconv_r
                0x000000000800a278       0x1c /Applications/STM32CubeIDE.app/Contents/Eclipse/plugins/com.st.stm32cube.ide.mcu.externaltools.gnu-tools-for-stm32.7-2018-q2-update.macos64_1.0.0.201904181610/tools/bin/../lib/gcc/arm-none-eabi/7.3.1/../../../../arm-none-eabi/lib/thumb/v7e-m/fpv4-sp/hard/libc_nano.a(lib_a-localeconv.o)
                0x000000000800a278                _localeconv_r
 .text.malloc   0x000000000800a294       0x10 /Applications/STM32CubeIDE.app/Contents/Eclipse/plugins/com.st.stm32cube.ide.mcu.externaltools.gnu-tools-for-stm32.7-2018-q2-update.macos64_1.0.0.201904181610/tools/bin/../lib/gcc/arm-none-eabi/7.3.1/../../../../arm-none-eabi/lib/thumb/v7e-m/fpv4-sp/hard/libc_nano.a(lib_a-malloc.o)
                0x000000000800a294                malloc
 .text.__ascii_mbtowc
                0x000000000800a2a4       0x24 /Applications/STM32CubeIDE.app/Contents/Eclipse/plugins/com.st.stm32cube.ide.mcu.externaltools.gnu-tools-for-stm32.7-2018-q2-update.macos64_1.0.0.201904181610/tools/bin/../lib/gcc/arm-none-eabi/7.3.1/../../../../arm-none-eabi/lib/thumb/v7e-m/fpv4-sp/hard/libc_nano.a(lib_a-mbtowc_r.o)
                0x000000000800a2a4                __ascii_mbtowc
 .text._Balloc  0x000000000800a2c8       0x68 /Applications/STM32CubeIDE.app/Contents/Eclipse/plugins/com.st.stm32cube.ide.mcu.externaltools.gnu-tools-for-stm32.7-2018-q2-update.macos64_1.0.0.201904181610/tools/bin/../lib/gcc/arm-none-eabi/7.3.1/../../../../arm-none-eabi/lib/thumb/v7e-m/fpv4-sp/hard/libc_nano.a(lib_a-mprec.o)
                0x000000000800a2c8                _Balloc
 .text._Bfree   0x000000000800a330       0x2e /Applications/STM32CubeIDE.app/Contents/Eclipse/plugins/com.st.stm32cube.ide.mcu.externaltools.gnu-tools-for-stm32.7-2018-q2-update.macos64_1.0.0.201904181610/tools/bin/../lib/gcc/arm-none-eabi/7.3.1/../../../../arm-none-eabi/lib/thumb/v7e-m/fpv4-sp/hard/libc_nano.a(lib_a-mprec.o)
                0x000000000800a330                _Bfree
 .text.__multadd
                0x000000000800a35e       0x76 /Applications/STM32CubeIDE.app/Contents/Eclipse/plugins/com.st.stm32cube.ide.mcu.externaltools.gnu-tools-for-stm32.7-2018-q2-update.macos64_1.0.0.201904181610/tools/bin/../lib/gcc/arm-none-eabi/7.3.1/../../../../arm-none-eabi/lib/thumb/v7e-m/fpv4-sp/hard/libc_nano.a(lib_a-mprec.o)
                0x000000000800a35e                __multadd
 .text.__s2b    0x000000000800a3d4       0x7c /Applications/STM32CubeIDE.app/Contents/Eclipse/plugins/com.st.stm32cube.ide.mcu.externaltools.gnu-tools-for-stm32.7-2018-q2-update.macos64_1.0.0.201904181610/tools/bin/../lib/gcc/arm-none-eabi/7.3.1/../../../../arm-none-eabi/lib/thumb/v7e-m/fpv4-sp/hard/libc_nano.a(lib_a-mprec.o)
                0x000000000800a3d4                __s2b
 .text.__hi0bits
                0x000000000800a450       0x3e /Applications/STM32CubeIDE.app/Contents/Eclipse/plugins/com.st.stm32cube.ide.mcu.externaltools.gnu-tools-for-stm32.7-2018-q2-update.macos64_1.0.0.201904181610/tools/bin/../lib/gcc/arm-none-eabi/7.3.1/../../../../arm-none-eabi/lib/thumb/v7e-m/fpv4-sp/hard/libc_nano.a(lib_a-mprec.o)
                0x000000000800a450                __hi0bits
 .text.__lo0bits
                0x000000000800a48e       0x5e /Applications/STM32CubeIDE.app/Contents/Eclipse/plugins/com.st.stm32cube.ide.mcu.externaltools.gnu-tools-for-stm32.7-2018-q2-update.macos64_1.0.0.201904181610/tools/bin/../lib/gcc/arm-none-eabi/7.3.1/../../../../arm-none-eabi/lib/thumb/v7e-m/fpv4-sp/hard/libc_nano.a(lib_a-mprec.o)
                0x000000000800a48e                __lo0bits
 .text.__i2b    0x000000000800a4ec       0x12 /Applications/STM32CubeIDE.app/Contents/Eclipse/plugins/com.st.stm32cube.ide.mcu.externaltools.gnu-tools-for-stm32.7-2018-q2-update.macos64_1.0.0.201904181610/tools/bin/../lib/gcc/arm-none-eabi/7.3.1/../../../../arm-none-eabi/lib/thumb/v7e-m/fpv4-sp/hard/libc_nano.a(lib_a-mprec.o)
                0x000000000800a4ec                __i2b
 .text.__multiply
                0x000000000800a4fe      0x12c /Applications/STM32CubeIDE.app/Contents/Eclipse/plugins/com.st.stm32cube.ide.mcu.externaltools.gnu-tools-for-stm32.7-2018-q2-update.macos64_1.0.0.201904181610/tools/bin/../lib/gcc/arm-none-eabi/7.3.1/../../../../arm-none-eabi/lib/thumb/v7e-m/fpv4-sp/hard/libc_nano.a(lib_a-mprec.o)
                0x000000000800a4fe                __multiply
 *fill*         0x000000000800a62a        0x2 
 .text.__pow5mult
                0x000000000800a62c       0x9c /Applications/STM32CubeIDE.app/Contents/Eclipse/plugins/com.st.stm32cube.ide.mcu.externaltools.gnu-tools-for-stm32.7-2018-q2-update.macos64_1.0.0.201904181610/tools/bin/../lib/gcc/arm-none-eabi/7.3.1/../../../../arm-none-eabi/lib/thumb/v7e-m/fpv4-sp/hard/libc_nano.a(lib_a-mprec.o)
                0x000000000800a62c                __pow5mult
 .text.__lshift
                0x000000000800a6c8       0xa8 /Applications/STM32CubeIDE.app/Contents/Eclipse/plugins/com.st.stm32cube.ide.mcu.externaltools.gnu-tools-for-stm32.7-2018-q2-update.macos64_1.0.0.201904181610/tools/bin/../lib/gcc/arm-none-eabi/7.3.1/../../../../arm-none-eabi/lib/thumb/v7e-m/fpv4-sp/hard/libc_nano.a(lib_a-mprec.o)
                0x000000000800a6c8                __lshift
 .text.__mcmp   0x000000000800a770       0x34 /Applications/STM32CubeIDE.app/Contents/Eclipse/plugins/com.st.stm32cube.ide.mcu.externaltools.gnu-tools-for-stm32.7-2018-q2-update.macos64_1.0.0.201904181610/tools/bin/../lib/gcc/arm-none-eabi/7.3.1/../../../../arm-none-eabi/lib/thumb/v7e-m/fpv4-sp/hard/libc_nano.a(lib_a-mprec.o)
                0x000000000800a770                __mcmp
 .text.__mdiff  0x000000000800a7a4       0xba /Applications/STM32CubeIDE.app/Contents/Eclipse/plugins/com.st.stm32cube.ide.mcu.externaltools.gnu-tools-for-stm32.7-2018-q2-update.macos64_1.0.0.201904181610/tools/bin/../lib/gcc/arm-none-eabi/7.3.1/../../../../arm-none-eabi/lib/thumb/v7e-m/fpv4-sp/hard/libc_nano.a(lib_a-mprec.o)
                0x000000000800a7a4                __mdiff
 *fill*         0x000000000800a85e        0x2 
 .text.__ulp    0x000000000800a860       0x50 /Applications/STM32CubeIDE.app/Contents/Eclipse/plugins/com.st.stm32cube.ide.mcu.externaltools.gnu-tools-for-stm32.7-2018-q2-update.macos64_1.0.0.201904181610/tools/bin/../lib/gcc/arm-none-eabi/7.3.1/../../../../arm-none-eabi/lib/thumb/v7e-m/fpv4-sp/hard/libc_nano.a(lib_a-mprec.o)
                0x000000000800a860                __ulp
 .text.__b2d    0x000000000800a8b0       0x9c /Applications/STM32CubeIDE.app/Contents/Eclipse/plugins/com.st.stm32cube.ide.mcu.externaltools.gnu-tools-for-stm32.7-2018-q2-update.macos64_1.0.0.201904181610/tools/bin/../lib/gcc/arm-none-eabi/7.3.1/../../../../arm-none-eabi/lib/thumb/v7e-m/fpv4-sp/hard/libc_nano.a(lib_a-mprec.o)
                0x000000000800a8b0                __b2d
 .text.__d2b    0x000000000800a94c       0x9e /Applications/STM32CubeIDE.app/Contents/Eclipse/plugins/com.st.stm32cube.ide.mcu.externaltools.gnu-tools-for-stm32.7-2018-q2-update.macos64_1.0.0.201904181610/tools/bin/../lib/gcc/arm-none-eabi/7.3.1/../../../../arm-none-eabi/lib/thumb/v7e-m/fpv4-sp/hard/libc_nano.a(lib_a-mprec.o)
                0x000000000800a94c                __d2b
 .text.__ratio  0x000000000800a9ea       0x66 /Applications/STM32CubeIDE.app/Contents/Eclipse/plugins/com.st.stm32cube.ide.mcu.externaltools.gnu-tools-for-stm32.7-2018-q2-update.macos64_1.0.0.201904181610/tools/bin/../lib/gcc/arm-none-eabi/7.3.1/../../../../arm-none-eabi/lib/thumb/v7e-m/fpv4-sp/hard/libc_nano.a(lib_a-mprec.o)
                0x000000000800a9ea                __ratio
 .text.__copybits
                0x000000000800aa50       0x34 /Applications/STM32CubeIDE.app/Contents/Eclipse/plugins/com.st.stm32cube.ide.mcu.externaltools.gnu-tools-for-stm32.7-2018-q2-update.macos64_1.0.0.201904181610/tools/bin/../lib/gcc/arm-none-eabi/7.3.1/../../../../arm-none-eabi/lib/thumb/v7e-m/fpv4-sp/hard/libc_nano.a(lib_a-mprec.o)
                0x000000000800aa50                __copybits
 .text.__any_on
                0x000000000800aa84       0x42 /Applications/STM32CubeIDE.app/Contents/Eclipse/plugins/com.st.stm32cube.ide.mcu.externaltools.gnu-tools-for-stm32.7-2018-q2-update.macos64_1.0.0.201904181610/tools/bin/../lib/gcc/arm-none-eabi/7.3.1/../../../../arm-none-eabi/lib/thumb/v7e-m/fpv4-sp/hard/libc_nano.a(lib_a-mprec.o)
                0x000000000800aa84                __any_on
 .text._calloc_r
                0x000000000800aac6       0x1c /Applications/STM32CubeIDE.app/Contents/Eclipse/plugins/com.st.stm32cube.ide.mcu.externaltools.gnu-tools-for-stm32.7-2018-q2-update.macos64_1.0.0.201904181610/tools/bin/../lib/gcc/arm-none-eabi/7.3.1/../../../../arm-none-eabi/lib/thumb/v7e-m/fpv4-sp/hard/libc_nano.a(lib_a-nano-callocr.o)
                0x000000000800aac6                _calloc_r
 *fill*         0x000000000800aae2        0x2 
 .text._free_r  0x000000000800aae4       0x9c /Applications/STM32CubeIDE.app/Contents/Eclipse/plugins/com.st.stm32cube.ide.mcu.externaltools.gnu-tools-for-stm32.7-2018-q2-update.macos64_1.0.0.201904181610/tools/bin/../lib/gcc/arm-none-eabi/7.3.1/../../../../arm-none-eabi/lib/thumb/v7e-m/fpv4-sp/hard/libc_nano.a(lib_a-nano-freer.o)
                0x000000000800aae4                _free_r
 .text._malloc_r
                0x000000000800ab80       0xb4 /Applications/STM32CubeIDE.app/Contents/Eclipse/plugins/com.st.stm32cube.ide.mcu.externaltools.gnu-tools-for-stm32.7-2018-q2-update.macos64_1.0.0.201904181610/tools/bin/../lib/gcc/arm-none-eabi/7.3.1/../../../../arm-none-eabi/lib/thumb/v7e-m/fpv4-sp/hard/libc_nano.a(lib_a-nano-mallocr.o)
                0x000000000800ab80                _malloc_r
 .text.__ssputs_r
                0x000000000800ac34       0xb4 /Applications/STM32CubeIDE.app/Contents/Eclipse/plugins/com.st.stm32cube.ide.mcu.externaltools.gnu-tools-for-stm32.7-2018-q2-update.macos64_1.0.0.201904181610/tools/bin/../lib/gcc/arm-none-eabi/7.3.1/../../../../arm-none-eabi/lib/thumb/v7e-m/fpv4-sp/hard/libc_nano.a(lib_a-nano-svfprintf.o)
                0x000000000800ac34                __ssputs_r
 .text._svfprintf_r
                0x000000000800ace8      0x1f0 /Applications/STM32CubeIDE.app/Contents/Eclipse/plugins/com.st.stm32cube.ide.mcu.externaltools.gnu-tools-for-stm32.7-2018-q2-update.macos64_1.0.0.201904181610/tools/bin/../lib/gcc/arm-none-eabi/7.3.1/../../../../arm-none-eabi/lib/thumb/v7e-m/fpv4-sp/hard/libc_nano.a(lib_a-nano-svfprintf.o)
                0x000000000800ace8                _svfprintf_r
                0x000000000800ace8                _svfiprintf_r
 .text._sbrk_r  0x000000000800aed8       0x20 /Applications/STM32CubeIDE.app/Contents/Eclipse/plugins/com.st.stm32cube.ide.mcu.externaltools.gnu-tools-for-stm32.7-2018-q2-update.macos64_1.0.0.201904181610/tools/bin/../lib/gcc/arm-none-eabi/7.3.1/../../../../arm-none-eabi/lib/thumb/v7e-m/fpv4-sp/hard/libc_nano.a(lib_a-sbrkr.o)
                0x000000000800aed8                _sbrk_r
 .text.strncmp  0x000000000800aef8       0x24 /Applications/STM32CubeIDE.app/Contents/Eclipse/plugins/com.st.stm32cube.ide.mcu.externaltools.gnu-tools-for-stm32.7-2018-q2-update.macos64_1.0.0.201904181610/tools/bin/../lib/gcc/arm-none-eabi/7.3.1/../../../../arm-none-eabi/lib/thumb/v7e-m/fpv4-sp/hard/libc_nano.a(lib_a-strncmp.o)
                0x000000000800aef8                strncmp
 .text.__ascii_wctomb
                0x000000000800af1c       0x1a /Applications/STM32CubeIDE.app/Contents/Eclipse/plugins/com.st.stm32cube.ide.mcu.externaltools.gnu-tools-for-stm32.7-2018-q2-update.macos64_1.0.0.201904181610/tools/bin/../lib/gcc/arm-none-eabi/7.3.1/../../../../arm-none-eabi/lib/thumb/v7e-m/fpv4-sp/hard/libc_nano.a(lib_a-wctomb_r.o)
                0x000000000800af1c                __ascii_wctomb
 .text.memmove  0x000000000800af36       0x32 /Applications/STM32CubeIDE.app/Contents/Eclipse/plugins/com.st.stm32cube.ide.mcu.externaltools.gnu-tools-for-stm32.7-2018-q2-update.macos64_1.0.0.201904181610/tools/bin/../lib/gcc/arm-none-eabi/7.3.1/../../../../arm-none-eabi/lib/thumb/v7e-m/fpv4-sp/hard/libc_nano.a(lib_a-memmove.o)
                0x000000000800af36                memmove
 .text.__malloc_lock
                0x000000000800af68        0x2 /Applications/STM32CubeIDE.app/Contents/Eclipse/plugins/com.st.stm32cube.ide.mcu.externaltools.gnu-tools-for-stm32.7-2018-q2-update.macos64_1.0.0.201904181610/tools/bin/../lib/gcc/arm-none-eabi/7.3.1/../../../../arm-none-eabi/lib/thumb/v7e-m/fpv4-sp/hard/libc_nano.a(lib_a-mlock.o)
                0x000000000800af68                __malloc_lock
 .text.__malloc_unlock
                0x000000000800af6a        0x2 /Applications/STM32CubeIDE.app/Contents/Eclipse/plugins/com.st.stm32cube.ide.mcu.externaltools.gnu-tools-for-stm32.7-2018-q2-update.macos64_1.0.0.201904181610/tools/bin/../lib/gcc/arm-none-eabi/7.3.1/../../../../arm-none-eabi/lib/thumb/v7e-m/fpv4-sp/hard/libc_nano.a(lib_a-mlock.o)
                0x000000000800af6a                __malloc_unlock
 .text._realloc_r
                0x000000000800af6c       0x4c /Applications/STM32CubeIDE.app/Contents/Eclipse/plugins/com.st.stm32cube.ide.mcu.externaltools.gnu-tools-for-stm32.7-2018-q2-update.macos64_1.0.0.201904181610/tools/bin/../lib/gcc/arm-none-eabi/7.3.1/../../../../arm-none-eabi/lib/thumb/v7e-m/fpv4-sp/hard/libc_nano.a(lib_a-nano-reallocr.o)
                0x000000000800af6c                _realloc_r
 .text._malloc_usable_size_r
                0x000000000800afb8       0x10 /Applications/STM32CubeIDE.app/Contents/Eclipse/plugins/com.st.stm32cube.ide.mcu.externaltools.gnu-tools-for-stm32.7-2018-q2-update.macos64_1.0.0.201904181610/tools/bin/../lib/gcc/arm-none-eabi/7.3.1/../../../../arm-none-eabi/lib/thumb/v7e-m/fpv4-sp/hard/libc_nano.a(lib_a-nano-msizer.o)
                0x000000000800afb8                _malloc_usable_size_r
 .text.round    0x000000000800afc8       0x94 /Applications/STM32CubeIDE.app/Contents/Eclipse/plugins/com.st.stm32cube.ide.mcu.externaltools.gnu-tools-for-stm32.7-2018-q2-update.macos64_1.0.0.201904181610/tools/bin/../lib/gcc/arm-none-eabi/7.3.1/../../../../arm-none-eabi/lib/thumb/v7e-m/fpv4-sp/hard/libm.a(lib_a-s_round.o)
                0x000000000800afc8                round
 *(.glue_7)
 .glue_7        0x000000000800b05c        0x0 linker stubs
 *(.glue_7t)
 .glue_7t       0x000000000800b05c        0x0 linker stubs
 *(.eh_frame)
 .eh_frame      0x000000000800b05c        0x0 /Applications/STM32CubeIDE.app/Contents/Eclipse/plugins/com.st.stm32cube.ide.mcu.externaltools.gnu-tools-for-stm32.7-2018-q2-update.macos64_1.0.0.201904181610/tools/bin/../lib/gcc/arm-none-eabi/7.3.1/thumb/v7e-m/fpv4-sp/hard/crtbegin.o
 *(.init)
 .init          0x000000000800b05c        0x4 /Applications/STM32CubeIDE.app/Contents/Eclipse/plugins/com.st.stm32cube.ide.mcu.externaltools.gnu-tools-for-stm32.7-2018-q2-update.macos64_1.0.0.201904181610/tools/bin/../lib/gcc/arm-none-eabi/7.3.1/thumb/v7e-m/fpv4-sp/hard/crti.o
                0x000000000800b05c                _init
 .init          0x000000000800b060        0x8 /Applications/STM32CubeIDE.app/Contents/Eclipse/plugins/com.st.stm32cube.ide.mcu.externaltools.gnu-tools-for-stm32.7-2018-q2-update.macos64_1.0.0.201904181610/tools/bin/../lib/gcc/arm-none-eabi/7.3.1/thumb/v7e-m/fpv4-sp/hard/crtn.o
 *(.fini)
 .fini          0x000000000800b068        0x4 /Applications/STM32CubeIDE.app/Contents/Eclipse/plugins/com.st.stm32cube.ide.mcu.externaltools.gnu-tools-for-stm32.7-2018-q2-update.macos64_1.0.0.201904181610/tools/bin/../lib/gcc/arm-none-eabi/7.3.1/thumb/v7e-m/fpv4-sp/hard/crti.o
                0x000000000800b068                _fini
 .fini          0x000000000800b06c        0x8 /Applications/STM32CubeIDE.app/Contents/Eclipse/plugins/com.st.stm32cube.ide.mcu.externaltools.gnu-tools-for-stm32.7-2018-q2-update.macos64_1.0.0.201904181610/tools/bin/../lib/gcc/arm-none-eabi/7.3.1/thumb/v7e-m/fpv4-sp/hard/crtn.o
                0x000000000800b074                . = ALIGN (0x4)
                0x000000000800b074                _etext = .

.vfp11_veneer   0x000000000800b074        0x0
 .vfp11_veneer  0x000000000800b074        0x0 linker stubs

.v4_bx          0x000000000800b074        0x0
 .v4_bx         0x000000000800b074        0x0 linker stubs

.iplt           0x000000000800b074        0x0
 .iplt          0x000000000800b074        0x0 /Applications/STM32CubeIDE.app/Contents/Eclipse/plugins/com.st.stm32cube.ide.mcu.externaltools.gnu-tools-for-stm32.7-2018-q2-update.macos64_1.0.0.201904181610/tools/bin/../lib/gcc/arm-none-eabi/7.3.1/thumb/v7e-m/fpv4-sp/hard/crtbegin.o

.rodata         0x000000000800b078     0x2e78
                0x000000000800b078                . = ALIGN (0x4)
 *(.rodata)
 *(.rodata*)
 .rodata.printRadioSettings.str1.4
                0x000000000800b078      0x447 Drivers/MY_NRF24.o
 *fill*         0x000000000800b4bf        0x1 
 .rodata.flagBitshiftOffset.9103
                0x000000000800b4c0        0x8 Drivers/STM32F7xx_HAL_Driver/Src/stm32f7xx_hal_dma.o
 .rodata.Font16_Table
                0x000000000800b4c8      0xbe0 GUI files/font16.o
                0x000000000800b4c8                Font16_Table
 .rodata.Font24_Table
                0x000000000800c0a8     0x1ab8 GUI files/font24.o
                0x000000000800c0a8                Font24_Table
 .rodata.main.str1.4
                0x000000000800db60       0xc0 Src/main.o
                                         0xbf (size before relaxing)
 .rodata.AHBPrescTable
                0x000000000800dc20       0x10 Src/system_stm32f7xx.o
                0x000000000800dc20                AHBPrescTable
 .rodata.APBPrescTable
                0x000000000800dc30        0x8 Src/system_stm32f7xx.o
                0x000000000800dc30                APBPrescTable
 .rodata._printf_float.str1.1
                0x000000000800dc38       0x12 /Applications/STM32CubeIDE.app/Contents/Eclipse/plugins/com.st.stm32cube.ide.mcu.externaltools.gnu-tools-for-stm32.7-2018-q2-update.macos64_1.0.0.201904181610/tools/bin/../lib/gcc/arm-none-eabi/7.3.1/../../../../arm-none-eabi/lib/thumb/v7e-m/fpv4-sp/hard/libc_nano.a(lib_a-nano-vfprintf_float.o)
 .rodata._printf_i.str1.1
                0x000000000800dc4a       0x22 /Applications/STM32CubeIDE.app/Contents/Eclipse/plugins/com.st.stm32cube.ide.mcu.externaltools.gnu-tools-for-stm32.7-2018-q2-update.macos64_1.0.0.201904181610/tools/bin/../lib/gcc/arm-none-eabi/7.3.1/../../../../arm-none-eabi/lib/thumb/v7e-m/fpv4-sp/hard/libc_nano.a(lib_a-nano-vfprintf_i.o)
 .rodata._scanf_float.str1.1
                0x000000000800dc6c        0x5 /Applications/STM32CubeIDE.app/Contents/Eclipse/plugins/com.st.stm32cube.ide.mcu.externaltools.gnu-tools-for-stm32.7-2018-q2-update.macos64_1.0.0.201904181610/tools/bin/../lib/gcc/arm-none-eabi/7.3.1/../../../../arm-none-eabi/lib/thumb/v7e-m/fpv4-sp/hard/libc_nano.a(lib_a-nano-vfscanf_float.o)
 .rodata._strtod_l.str1.1
                0x000000000800dc71        0x5 /Applications/STM32CubeIDE.app/Contents/Eclipse/plugins/com.st.stm32cube.ide.mcu.externaltools.gnu-tools-for-stm32.7-2018-q2-update.macos64_1.0.0.201904181610/tools/bin/../lib/gcc/arm-none-eabi/7.3.1/../../../../arm-none-eabi/lib/thumb/v7e-m/fpv4-sp/hard/libc_nano.a(lib_a-strtod.o)
                                          0xc (size before relaxing)
 *fill*         0x000000000800dc71        0x3 
 .rodata.fpi.7435
                0x000000000800dc74       0x14 /Applications/STM32CubeIDE.app/Contents/Eclipse/plugins/com.st.stm32cube.ide.mcu.externaltools.gnu-tools-for-stm32.7-2018-q2-update.macos64_1.0.0.201904181610/tools/bin/../lib/gcc/arm-none-eabi/7.3.1/../../../../arm-none-eabi/lib/thumb/v7e-m/fpv4-sp/hard/libc_nano.a(lib_a-strtod.o)
 .rodata.fpinan.7471
                0x000000000800dc88       0x14 /Applications/STM32CubeIDE.app/Contents/Eclipse/plugins/com.st.stm32cube.ide.mcu.externaltools.gnu-tools-for-stm32.7-2018-q2-update.macos64_1.0.0.201904181610/tools/bin/../lib/gcc/arm-none-eabi/7.3.1/../../../../arm-none-eabi/lib/thumb/v7e-m/fpv4-sp/hard/libc_nano.a(lib_a-strtod.o)
 *fill*         0x000000000800dc9c        0x4 
 .rodata.tinytens
                0x000000000800dca0       0x28 /Applications/STM32CubeIDE.app/Contents/Eclipse/plugins/com.st.stm32cube.ide.mcu.externaltools.gnu-tools-for-stm32.7-2018-q2-update.macos64_1.0.0.201904181610/tools/bin/../lib/gcc/arm-none-eabi/7.3.1/../../../../arm-none-eabi/lib/thumb/v7e-m/fpv4-sp/hard/libc_nano.a(lib_a-strtod.o)
 .rodata._dtoa_r.str1.1
                0x000000000800dcc8        0xd /Applications/STM32CubeIDE.app/Contents/Eclipse/plugins/com.st.stm32cube.ide.mcu.externaltools.gnu-tools-for-stm32.7-2018-q2-update.macos64_1.0.0.201904181610/tools/bin/../lib/gcc/arm-none-eabi/7.3.1/../../../../arm-none-eabi/lib/thumb/v7e-m/fpv4-sp/hard/libc_nano.a(lib_a-dtoa.o)
                                          0xf (size before relaxing)
 .rodata._setlocale_r.str1.1
                0x000000000800dcd5        0x8 /Applications/STM32CubeIDE.app/Contents/Eclipse/plugins/com.st.stm32cube.ide.mcu.externaltools.gnu-tools-for-stm32.7-2018-q2-update.macos64_1.0.0.201904181610/tools/bin/../lib/gcc/arm-none-eabi/7.3.1/../../../../arm-none-eabi/lib/thumb/v7e-m/fpv4-sp/hard/libc_nano.a(lib_a-locale.o)
                                          0x9 (size before relaxing)
 .rodata.str1.1
                0x000000000800dcdd        0x2 /Applications/STM32CubeIDE.app/Contents/Eclipse/plugins/com.st.stm32cube.ide.mcu.externaltools.gnu-tools-for-stm32.7-2018-q2-update.macos64_1.0.0.201904181610/tools/bin/../lib/gcc/arm-none-eabi/7.3.1/../../../../arm-none-eabi/lib/thumb/v7e-m/fpv4-sp/hard/libc_nano.a(lib_a-locale.o)
 *fill*         0x000000000800dcdf        0x1 
 .rodata.__mprec_bigtens
                0x000000000800dce0       0x28 /Applications/STM32CubeIDE.app/Contents/Eclipse/plugins/com.st.stm32cube.ide.mcu.externaltools.gnu-tools-for-stm32.7-2018-q2-update.macos64_1.0.0.201904181610/tools/bin/../lib/gcc/arm-none-eabi/7.3.1/../../../../arm-none-eabi/lib/thumb/v7e-m/fpv4-sp/hard/libc_nano.a(lib_a-mprec.o)
                0x000000000800dce0                __mprec_bigtens
 .rodata.__mprec_tens
                0x000000000800dd08       0xc8 /Applications/STM32CubeIDE.app/Contents/Eclipse/plugins/com.st.stm32cube.ide.mcu.externaltools.gnu-tools-for-stm32.7-2018-q2-update.macos64_1.0.0.201904181610/tools/bin/../lib/gcc/arm-none-eabi/7.3.1/../../../../arm-none-eabi/lib/thumb/v7e-m/fpv4-sp/hard/libc_nano.a(lib_a-mprec.o)
                0x000000000800dd08                __mprec_tens
 .rodata.p05.7359
                0x000000000800ddd0        0xc /Applications/STM32CubeIDE.app/Contents/Eclipse/plugins/com.st.stm32cube.ide.mcu.externaltools.gnu-tools-for-stm32.7-2018-q2-update.macos64_1.0.0.201904181610/tools/bin/../lib/gcc/arm-none-eabi/7.3.1/../../../../arm-none-eabi/lib/thumb/v7e-m/fpv4-sp/hard/libc_nano.a(lib_a-mprec.o)
 .rodata._svfprintf_r.str1.1
                0x000000000800dddc       0x11 /Applications/STM32CubeIDE.app/Contents/Eclipse/plugins/com.st.stm32cube.ide.mcu.externaltools.gnu-tools-for-stm32.7-2018-q2-update.macos64_1.0.0.201904181610/tools/bin/../lib/gcc/arm-none-eabi/7.3.1/../../../../arm-none-eabi/lib/thumb/v7e-m/fpv4-sp/hard/libc_nano.a(lib_a-nano-svfprintf.o)
 .rodata._ctype_
                0x000000000800dded      0x101 /Applications/STM32CubeIDE.app/Contents/Eclipse/plugins/com.st.stm32cube.ide.mcu.externaltools.gnu-tools-for-stm32.7-2018-q2-update.macos64_1.0.0.201904181610/tools/bin/../lib/gcc/arm-none-eabi/7.3.1/../../../../arm-none-eabi/lib/thumb/v7e-m/fpv4-sp/hard/libc_nano.a(lib_a-ctype_.o)
                0x000000000800dded                _ctype_
                0x000000000800def0                . = ALIGN (0x4)
 *fill*         0x000000000800deee        0x2 

.ARM.extab      0x000000000800def0        0x0
                0x000000000800def0                . = ALIGN (0x4)
 *(.ARM.extab* .gnu.linkonce.armextab.*)
                0x000000000800def0                . = ALIGN (0x4)

.ARM            0x000000000800def0        0x8
                0x000000000800def0                . = ALIGN (0x4)
                0x000000000800def0                __exidx_start = .
 *(.ARM.exidx*)
 .ARM.exidx     0x000000000800def0        0x8 /Applications/STM32CubeIDE.app/Contents/Eclipse/plugins/com.st.stm32cube.ide.mcu.externaltools.gnu-tools-for-stm32.7-2018-q2-update.macos64_1.0.0.201904181610/tools/bin/../lib/gcc/arm-none-eabi/7.3.1/thumb/v7e-m/fpv4-sp/hard/libgcc.a(_udivmoddi4.o)
                0x000000000800def8                __exidx_end = .
                0x000000000800def8                . = ALIGN (0x4)

.rel.dyn        0x000000000800def8        0x0
 .rel.iplt      0x000000000800def8        0x0 /Applications/STM32CubeIDE.app/Contents/Eclipse/plugins/com.st.stm32cube.ide.mcu.externaltools.gnu-tools-for-stm32.7-2018-q2-update.macos64_1.0.0.201904181610/tools/bin/../lib/gcc/arm-none-eabi/7.3.1/thumb/v7e-m/fpv4-sp/hard/crtbegin.o

.preinit_array  0x000000000800def8        0x0
                0x000000000800def8                . = ALIGN (0x4)
                0x000000000800def8                PROVIDE (__preinit_array_start = .)
 *(.preinit_array*)
                0x000000000800def8                PROVIDE (__preinit_array_end = .)
                0x000000000800def8                . = ALIGN (0x4)

.init_array     0x000000000800def8        0x4
                0x000000000800def8                . = ALIGN (0x4)
                0x000000000800def8                PROVIDE (__init_array_start = .)
 *(SORT_BY_NAME(.init_array.*))
 *(.init_array*)
 .init_array    0x000000000800def8        0x4 /Applications/STM32CubeIDE.app/Contents/Eclipse/plugins/com.st.stm32cube.ide.mcu.externaltools.gnu-tools-for-stm32.7-2018-q2-update.macos64_1.0.0.201904181610/tools/bin/../lib/gcc/arm-none-eabi/7.3.1/thumb/v7e-m/fpv4-sp/hard/crtbegin.o
                0x000000000800defc                PROVIDE (__init_array_end = .)
                0x000000000800defc                . = ALIGN (0x4)

.fini_array     0x000000000800defc        0x4
                0x000000000800defc                . = ALIGN (0x4)
                [!provide]                        PROVIDE (__fini_array_start = .)
 *(SORT_BY_NAME(.fini_array.*))
 *(.fini_array*)
 .fini_array    0x000000000800defc        0x4 /Applications/STM32CubeIDE.app/Contents/Eclipse/plugins/com.st.stm32cube.ide.mcu.externaltools.gnu-tools-for-stm32.7-2018-q2-update.macos64_1.0.0.201904181610/tools/bin/../lib/gcc/arm-none-eabi/7.3.1/thumb/v7e-m/fpv4-sp/hard/crtbegin.o
                [!provide]                        PROVIDE (__fini_array_end = .)
                0x000000000800df00                . = ALIGN (0x4)
                0x000000000800df00                _sidata = LOADADDR (.data)

.data           0x0000000020000000      0x228 load address 0x000000000800df00
                0x0000000020000000                . = ALIGN (0x4)
                0x0000000020000000                _sdata = .
 *(.data)
 *(.data*)
 .data.uwTickFreq
                0x0000000020000000        0x1 Drivers/STM32F7xx_HAL_Driver/Src/stm32f7xx_hal.o
                0x0000000020000000                uwTickFreq
 *fill*         0x0000000020000001        0x3 
 .data.uwTickPrio
                0x0000000020000004        0x4 Drivers/STM32F7xx_HAL_Driver/Src/stm32f7xx_hal.o
                0x0000000020000004                uwTickPrio
 .data.Font16   0x0000000020000008        0x8 GUI files/font16.o
                0x0000000020000008                Font16
 .data.Font24   0x0000000020000010        0x8 GUI files/font24.o
                0x0000000020000010                Font24
 .data.ft5336_ts_drv
                0x0000000020000018       0x28 GUI files/ft5336.o
                0x0000000020000018                ft5336_ts_drv
 .data.sdramstatus.9019
                0x0000000020000040        0x1 GUI files/stm32746g_discovery_sdram.o
 *fill*         0x0000000020000041        0x7 
 .data.TxpipeAddrs
                0x0000000020000048        0x8 Src/main.o
                0x0000000020000048                TxpipeAddrs
 .data.droneBatteryLvl
                0x0000000020000050        0x4 Src/main.o
                0x0000000020000050                droneBatteryLvl
 .data.SystemCoreClock
                0x0000000020000054        0x4 Src/system_stm32f7xx.o
                0x0000000020000054                SystemCoreClock
 .data._impure_ptr
                0x0000000020000058        0x4 /Applications/STM32CubeIDE.app/Contents/Eclipse/plugins/com.st.stm32cube.ide.mcu.externaltools.gnu-tools-for-stm32.7-2018-q2-update.macos64_1.0.0.201904181610/tools/bin/../lib/gcc/arm-none-eabi/7.3.1/../../../../arm-none-eabi/lib/thumb/v7e-m/fpv4-sp/hard/libc_nano.a(lib_a-impure.o)
                0x0000000020000058                _impure_ptr
 .data.impure_data
                0x000000002000005c       0x60 /Applications/STM32CubeIDE.app/Contents/Eclipse/plugins/com.st.stm32cube.ide.mcu.externaltools.gnu-tools-for-stm32.7-2018-q2-update.macos64_1.0.0.201904181610/tools/bin/../lib/gcc/arm-none-eabi/7.3.1/../../../../arm-none-eabi/lib/thumb/v7e-m/fpv4-sp/hard/libc_nano.a(lib_a-impure.o)
 .data.__global_locale
                0x00000000200000bc      0x16c /Applications/STM32CubeIDE.app/Contents/Eclipse/plugins/com.st.stm32cube.ide.mcu.externaltools.gnu-tools-for-stm32.7-2018-q2-update.macos64_1.0.0.201904181610/tools/bin/../lib/gcc/arm-none-eabi/7.3.1/../../../../arm-none-eabi/lib/thumb/v7e-m/fpv4-sp/hard/libc_nano.a(lib_a-locale.o)
                0x00000000200000bc                __global_locale
                0x0000000020000228                . = ALIGN (0x4)
                0x0000000020000228                _edata = .

.igot.plt       0x0000000020000228        0x0 load address 0x000000000800e128
 .igot.plt      0x0000000020000228        0x0 /Applications/STM32CubeIDE.app/Contents/Eclipse/plugins/com.st.stm32cube.ide.mcu.externaltools.gnu-tools-for-stm32.7-2018-q2-update.macos64_1.0.0.201904181610/tools/bin/../lib/gcc/arm-none-eabi/7.3.1/thumb/v7e-m/fpv4-sp/hard/crtbegin.o
                0x0000000020000228                . = ALIGN (0x4)
