MY_NRF24.c:56:6:NRF24_DelayMicroSeconds	8	static
MY_NRF24.c:66:6:NRF24_csn	8	static
MY_NRF24.c:72:6:NRF24_ce	8	static
MY_NRF24.c:78:9:NRF24_read_register	16	static
MY_NRF24.c:101:6:NRF24_read_registerN	24	static
MY_NRF24.c:122:6:NRF24_write_register	24	static
MY_NRF24.c:138:6:NRF24_write_registerN	24	static
MY_NRF24.c:157:6:NRF24_write_payload	24	static
MY_NRF24.c:196:6:NRF24_flush_tx	8	static
MY_NRF24.c:201:6:NRF24_flush_rx	8	static
MY_NRF24.c:206:9:NRF24_get_status	8	static
MY_NRF24.c:292:6:NRF24_startListening	8	static
MY_NRF24.c:309:6:NRF24_stopListening	8	static
MY_NRF24.c:366:6:NRF24_openWritingPipe	16	static
MY_NRF24.c:375:6:NRF24_openReadingPipe	16	static
MY_NRF24.c:399:6:NRF24_setRetries	8	static
MY_NRF24.c:405:6:NRF24_setChannel	8	static
MY_NRF24.c:411:6:NRF24_setPayloadSize	0	static
MY_NRF24.c:417:9:NRF24_getPayloadSize	0	static
MY_NRF24.c:176:6:NRF24_read_payload	24	static
MY_NRF24.c:422:9:NRF24_getDynamicPayloadSize	8	static
MY_NRF24.c:357:6:NRF24_read	8	static
MY_NRF24.c:454:6:NRF24_disableDynamicPayloads	8	static
MY_NRF24.c:462:6:NRF24_isNRF_Plus	0	static
MY_NRF24.c:467:6:NRF24_setAutoAck	8	static
MY_NRF24.c:475:6:NRF24_setAutoAckPipe	16	static
MY_NRF24.c:492:6:NRF24_setPALevel	8	static
MY_NRF24.c:523:15:NRF24_getPALevel	8	static
MY_NRF24.c:549:6:NRF24_setDataRate	16	static
MY_NRF24.c:594:17:NRF24_getDataRate	8	static
MY_NRF24.c:619:6:NRF24_setCRCLength	8	static
MY_NRF24.c:640:18:NRF24_getCRCLength	8	static
MY_NRF24.c:656:6:NRF24_disableCRC	8	static
MY_NRF24.c:662:6:NRF24_powerUp	8	static
MY_NRF24.c:667:6:NRF24_powerDown	8	static
MY_NRF24.c:672:6:NRF24_availablePipe	16	static
MY_NRF24.c:352:6:NRF24_available	8	static
MY_NRF24.c:696:6:NRF24_startWrite	16	static
MY_NRF24.c:711:6:NRF24_writeAckPayload	16	static
MY_NRF24.c:722:6:NRF24_isAckPayloadAvailable	0	static
MY_NRF24.c:729:6:NRF24_whatHappened	24	static
MY_NRF24.c:740:6:NRF24_testCarrier	8	static
MY_NRF24.c:745:6:NRF24_testRPD	8	static
MY_NRF24.c:751:6:NRF24_resetStatus	8	static
MY_NRF24.c:316:6:NRF24_write	24	static
MY_NRF24.c:757:6:NRF24_ACTIVATE_cmd	16	static
MY_NRF24.c:427:6:NRF24_enableAckPayload	8	static
MY_NRF24.c:214:6:NRF24_begin	24	static
MY_NRF24.c:440:6:NRF24_enableDynamicPayloads	8	static
MY_NRF24.c:772:9:NRF24_GetAckPayloadSize	0	static
MY_NRF24.c:777:6:printRadioSettings	144	static
MY_NRF24.c:904:6:printStatusReg	144	static
MY_NRF24.c:920:6:printConfigReg	128	static
MY_NRF24.c:938:6:nrf24_DebugUART_Init	8	static
MY_NRF24.c:943:6:printFIFOstatus	136	static
MY_NRF24.c:965:6:HAL_SPI_TxCpltCallback	0	static
MY_NRF24.c:971:6:HAL_SPI_RxCpltCallback	0	static
