main.c:788:13:MX_GPIO_Init	88	static
main.c:725:13:MX_DMA_Init	16	static
main.c:574:13:MX_SPI2_Init	8	static
main.c:692:13:MX_USART1_UART_Init	8	static
main.c:350:13:MX_ADC3_Init	40	static
main.c:424:13:MX_CRC_Init	8	static
main.c:455:13:MX_DMA2D_Init	8	static
main.c:737:13:MX_FMC_Init	40	static
main.c:492:13:MX_LTDC_Init	128	static
main.c:661:13:MX_TIM13_Init	8	static
main.c:614:13:MX_TIM1_Init	48	static
main.c:1153:6:StartDrawUI	8	static
main.c:288:6:SystemClock_Config	224	static
main.c:165:5:main	168	static,ignoring_inline_asm
main.c:861:6:packData	24	static
main.c:916:6:unpackAckPayload	0	static
main.c:943:7:map	4	static
main.c:1023:8:read_rotary_1	8	static
main.c:1045:8:read_rotary_2	8	static
main.c:1069:8:read_rotary_3	8	static
main.c:960:6:HAL_GPIO_EXTI_Callback	8	static
main.c:1091:6:HAL_ADC_ConvCpltCallback	0	static
main.c:1098:6:HAL_ADC_ErrorCallback	0	static
main.c:1106:12:HAL_ADC_ConvHalfCpltCallback	0	static
main.c:1117:6:sendPayload	48	static
main.c:1173:6:startNRFTX	8	static
main.c:1193:6:HAL_TIM_PeriodElapsedCallback	8	static
main.c:1210:6:Error_Handler	0	static
