main.c:896:13:MX_GPIO_Init	88	static
main.c:833:13:MX_DMA_Init	16	static
main.c:713:13:MX_SPI2_Init	8	static
main.c:800:13:MX_USART1_UART_Init	8	static
main.c:489:13:MX_ADC3_Init	40	static
main.c:563:13:MX_CRC_Init	8	static
main.c:594:13:MX_DMA2D_Init	8	static
main.c:845:13:MX_FMC_Init	40	static
main.c:631:13:MX_LTDC_Init	128	static
main.c:753:13:MX_TIM1_Init	48	static
main.c:427:6:SystemClock_Config	224	static
main.c:155:5:main	120	static,ignoring_inline_asm
main.c:969:6:packData	24	static
main.c:1024:6:unpackAckPayload	0	static
main.c:1047:7:map	4	static
main.c:1127:8:read_rotary_1	8	static
main.c:1149:8:read_rotary_2	8	static
main.c:1173:8:read_rotary_3	8	static
main.c:1064:6:HAL_GPIO_EXTI_Callback	8	static
main.c:1195:6:HAL_ADC_ConvCpltCallback	0	static
main.c:1202:6:HAL_ADC_ErrorCallback	0	static
main.c:1210:12:HAL_ADC_ConvHalfCpltCallback	0	static
main.c:1221:6:HAL_TIM_PeriodElapsedCallback	0	static
main.c:1236:6:Error_Handler	0	static
