stm32f7xx_it.c:76:6:NMI_Handler	0	static
stm32f7xx_it.c:89:6:HardFault_Handler	0	static
stm32f7xx_it.c:104:6:MemManage_Handler	0	static
stm32f7xx_it.c:119:6:BusFault_Handler	0	static
stm32f7xx_it.c:134:6:UsageFault_Handler	0	static
stm32f7xx_it.c:149:6:DebugMon_Handler	0	static
stm32f7xx_it.c:169:6:EXTI4_IRQHandler	8	static
stm32f7xx_it.c:183:6:ADC_IRQHandler	8	static
stm32f7xx_it.c:197:6:EXTI9_5_IRQHandler	8	static
stm32f7xx_it.c:212:6:TIM1_UP_TIM10_IRQHandler	8	static
stm32f7xx_it.c:226:6:TIM8_TRG_COM_TIM14_IRQHandler	8	static
stm32f7xx_it.c:240:6:DMA2_Stream1_IRQHandler	8	static
stm32f7xx_it.c:254:6:LTDC_IRQHandler	8	static
