stm32f7xx_it.c:74:6:NMI_Handler	0	static
stm32f7xx_it.c:87:6:HardFault_Handler	0	static
stm32f7xx_it.c:102:6:MemManage_Handler	0	static
stm32f7xx_it.c:117:6:BusFault_Handler	0	static
stm32f7xx_it.c:132:6:UsageFault_Handler	0	static
stm32f7xx_it.c:147:6:SVC_Handler	0	static
stm32f7xx_it.c:160:6:DebugMon_Handler	0	static
stm32f7xx_it.c:173:6:PendSV_Handler	0	static
stm32f7xx_it.c:193:6:EXTI4_IRQHandler	8	static
stm32f7xx_it.c:207:6:ADC_IRQHandler	8	static
stm32f7xx_it.c:221:6:EXTI9_5_IRQHandler	8	static
stm32f7xx_it.c:236:6:SPI2_IRQHandler	8	static
stm32f7xx_it.c:250:6:TIM8_UP_TIM13_IRQHandler	8	static
stm32f7xx_it.c:264:6:DMA2_Stream0_IRQHandler	8	static
stm32f7xx_it.c:278:6:LTDC_IRQHandler	8	static
