stm32f7xx_hal_msp.c:654:13:HAL_FMC_MspInit	48	static
stm32f7xx_hal_msp.c:761:13:HAL_FMC_MspDeInit	8	static
stm32f7xx_hal_msp.c:65:6:HAL_MspInit	8	static
stm32f7xx_hal_msp.c:87:6:HAL_ADC_MspInit	48	static
stm32f7xx_hal_msp.c:151:6:HAL_ADC_MspDeInit	8	static
stm32f7xx_hal_msp.c:189:6:HAL_CRC_MspInit	8	static
stm32f7xx_hal_msp.c:211:6:HAL_CRC_MspDeInit	0	static
stm32f7xx_hal_msp.c:233:6:HAL_DMA2D_MspInit	8	static
stm32f7xx_hal_msp.c:255:6:HAL_DMA2D_MspDeInit	0	static
stm32f7xx_hal_msp.c:277:6:HAL_LTDC_MspInit	80	static
stm32f7xx_hal_msp.c:398:6:HAL_LTDC_MspDeInit	8	static
stm32f7xx_hal_msp.c:462:6:HAL_SPI_MspInit	48	static
stm32f7xx_hal_msp.c:507:6:HAL_SPI_MspDeInit	8	static
stm32f7xx_hal_msp.c:539:6:HAL_TIM_Base_MspInit	8	static
stm32f7xx_hal_msp.c:561:6:HAL_TIM_Base_MspDeInit	0	static
stm32f7xx_hal_msp.c:583:6:HAL_UART_MspInit	48	static
stm32f7xx_hal_msp.c:627:6:HAL_UART_MspDeInit	8	static
stm32f7xx_hal_msp.c:749:6:HAL_SDRAM_MspInit	8	static
stm32f7xx_hal_msp.c:830:6:HAL_SDRAM_MspDeInit	8	static
