stm32f7xx_hal_msp.c:687:13:HAL_FMC_MspInit	48	static
stm32f7xx_hal_msp.c:794:13:HAL_FMC_MspDeInit	8	static
stm32f7xx_hal_msp.c:65:6:HAL_MspInit	8	static
stm32f7xx_hal_msp.c:87:6:HAL_ADC_MspInit	48	static
stm32f7xx_hal_msp.c:151:6:HAL_ADC_MspDeInit	8	static
stm32f7xx_hal_msp.c:189:6:HAL_CRC_MspInit	8	static
stm32f7xx_hal_msp.c:211:6:HAL_CRC_MspDeInit	0	static
stm32f7xx_hal_msp.c:233:6:HAL_DMA2D_MspInit	8	static
stm32f7xx_hal_msp.c:255:6:HAL_DMA2D_MspDeInit	0	static
stm32f7xx_hal_msp.c:277:6:HAL_LTDC_MspInit	80	static
stm32f7xx_hal_msp.c:398:6:HAL_LTDC_MspDeInit	8	static
stm32f7xx_hal_msp.c:462:6:HAL_SPI_MspInit	48	static
stm32f7xx_hal_msp.c:510:6:HAL_SPI_MspDeInit	8	static
stm32f7xx_hal_msp.c:544:6:HAL_TIM_Base_MspInit	16	static
stm32f7xx_hal_msp.c:580:6:HAL_TIM_Base_MspDeInit	8	static
stm32f7xx_hal_msp.c:616:6:HAL_UART_MspInit	48	static
stm32f7xx_hal_msp.c:660:6:HAL_UART_MspDeInit	8	static
stm32f7xx_hal_msp.c:782:6:HAL_SDRAM_MspInit	8	static
stm32f7xx_hal_msp.c:863:6:HAL_SDRAM_MspDeInit	8	static
